01-14 17:15:22.621   732   811 D iTouchService: itouch getCurrentParmID tempPkg=com.xxx
01-14 17:15:22.621   732   811 D iTouchService: itouch:app com.reactnativewebrtc is  not game app
01-14 17:15:22.621   732   811 D iTouchService: itouch:game_switch is disable
01-14 17:15:22.621   732   811 D iTouchService: itouch:styluspen_switch is disable
01-14 17:15:22.621   732   811 D iTouchService: itouch:currentAppTypeName =|UNKNOWN|
01-14 17:15:22.622   639   851 D         : doWinFrameOptStatusRecog begin to recog Layer result=2
01-14 17:15:22.622  2260  1288 I BoosterSwitchP: notifyUidState do nothing
01-14 17:15:22.622  2260  1288 I BrowserChrP: notifyUidState
01-14 17:15:22.625  1299  1650 I chatty  : uid=1000(system) android.anim expire 10 lines
01-14 17:15:22.626  2304  2845 I chatty  : uid=1000(system) sdk thread expire 14 lines
01-14 17:15:22.633 11727 11743 I HwApiCacheMangerEx: apicache path=/storage/emulated/0 state=mounted key=com.reactnativewebrtc#10212#256
01-14 17:15:22.634 11727 11743 I HwApiCacheMangerEx: apicache path=/storage/emulated/0 state=mounted key=com.reactnativewebrtc#10212#0
01-14 17:15:22.641  2158  2045 D HwRecentsTaskUtils: refreshToCache
01-14 17:15:22.641  2158  2045 D HwRecentsTaskUtils: searchFromDate
01-14 17:15:22.646  2158  2045 I RecentsTaskLoadPlan: to show tasks size is 3
01-14 17:15:22.785 11727 11743 I AwareBitmapCacher: init processName:com.reactnativewebrtc pid=11727 uid=10212
01-14 17:15:22.786 11727 11727 D SoLoader: init start
01-14 17:15:22.787 11727 11727 D SoLoader: adding system library source: /vendor/lib
01-14 17:15:22.787 11727 11727 D SoLoader: adding system library source: /system/lib
01-14 17:15:22.787 11727 11745 E AwareLog: AtomicFileUtils: readFileLines file not exist: android.util.AtomicFile@f04534c
01-14 17:15:22.787 11727 11727 D SoLoader: adding application source: com.facebook.soloader.DirectorySoSource[root = /data/app/com.reactnativewebrtc-dNXVG4O7QAx7ZB4W9fKjpA==/lib/arm64 flags = 0]
01-14 17:15:22.788 11727 11745 E AwareLog: AtomicFileUtils: readFileLines file not exist: android.util.AtomicFile@f00cf95
01-14 17:15:22.789 11727 11727 D SoLoader: adding backup source from : com.facebook.soloader.ApkSoSource[root = /data/data/com.reactnativewebrtc/lib-main flags = 1]
01-14 17:15:22.789 11727 11727 D SoLoader: Preparing SO source: com.facebook.soloader.DirectorySoSource[root = /system/lib flags = 2]
01-14 17:15:22.790 11727 11727 D SoLoader: Preparing SO source: com.facebook.soloader.DirectorySoSource[root = /vendor/lib flags = 2]
01-14 17:15:22.790 11727 11727 D SoLoader: Preparing SO source: com.facebook.soloader.DirectorySoSource[root = /data/app/com.reactnativewebrtc-dNXVG4O7QAx7ZB4W9fKjpA==/lib/arm64 flags = 0]
01-14 17:15:22.790 11727 11727 D SoLoader: Preparing SO source: com.facebook.soloader.ApkSoSource[root = /data/data/com.reactnativewebrtc/lib-main flags = 1]
01-14 17:15:22.791 11727 11727 V fb-UnpackingSoSource: locked dso store /data/user/0/com.reactnativewebrtc/lib-main
01-14 17:15:22.792 11727 11727 I fb-UnpackingSoSource: dso store is up-to-date: /data/user/0/com.reactnativewebrtc/lib-main
01-14 17:15:22.792 11727 11727 V fb-UnpackingSoSource: releasing dso store lock for /data/user/0/com.reactnativewebrtc/lib-main
01-14 17:15:22.792 11727 11727 D SoLoader: init finish: 4 SO sources prepared
01-14 17:15:22.792 11727 11727 D SoLoader: init exiting
01-14 17:15:22.793 11727 11743 E MemoryLeakMonitorManager: MemoryLeakMonitor.jar is not exist!
01-14 17:15:22.796 11727 11727 D ZrHung.AppEyeUiProbe: notify runnable to start.
01-14 17:15:22.796 11727 11747 D ZrHung.AppEyeUiProbe: Runnable thread started.
01-14 17:15:22.796 11727 11747 D IMonitor: Load library imonitor_jni
01-14 17:15:22.798 11727 11747 E         : [ZeroHung]zrhung_get_config: Get config failed for wp[0x0102]
01-14 17:15:22.798 11727 11747 W ZrHung.AppEyeUiProbe: Failed to get config from zrhung
01-14 17:15:22.800 11727 11727 V ActivityThread: Skipping new config:{1.0 525mcc3mnc [en_GB] ldltr sw360dp w360dp h677dp 480dpi nrml long hdr port finger -keyb/v/h -nav/h winConfig={ mBounds=Rect(0, 0 - 0, 0) mAppBounds=Rect(0, 85 - 1080, 2116) mWindowingMode=fullscreen mActivityType=undefined} nonFullScreen=0 suim:1 s.8}, config:{1.0 525mcc3mnc [en_GB] ldltr sw360dp w360dp h677dp 480dpi nrml long hdr port finger -keyb/v/h -nav/h winConfig={ mBounds=Rect(0, 0 - 0, 0) mAppBounds=Rect(0, 85 - 1080, 2116) mWindowingMode=fullscreen mActivityType=undefined} nonFullScreen=0 suim:1 s.8} for app:com.reactnativewebrtc
01-14 17:15:22.823 11727 11727 V HwPolicyFactory: : success to get AllImpl object and return....
01-14 17:15:22.826 11727 11727 V ActivityThread: callActivityOnCreate
01-14 17:15:22.849 11727 11727 I HwApsImpl: APS: new HwApsImpl created
01-14 17:15:22.860 11727 11727 D ReactNative: ReactInstanceManager.ctor()
01-14 17:15:22.860 11727 11727 D SoLoader: init exiting
01-14 17:15:22.865  1299  1382 I chatty  : uid=1000(system) android.ui expire 5 lines
01-14 17:15:22.880   736   825 I chatty  : uid=0(root) CpuHandler expire 2 lines
01-14 17:15:22.882  2158  2460 W libEGL  : EGLNativeWindowType 0x792d5e7010 disconnect failed
01-14 17:15:22.884  1299 29670 I chatty  : uid=1000(system) Binder:1299_14 expire 5 lines
01-14 17:15:22.884 11727 11727 D NetworkSecurityConfig: No Network Security Config specified, using platform default
01-14 17:15:22.887 11727 11727 W actnativewebrt: Accessing hidden method Ldalvik/system/CloseGuard;->get()Ldalvik/system/CloseGuard; (light greylist, reflection)
01-14 17:15:22.887 11727 11727 W actnativewebrt: Accessing hidden method Ldalvik/system/CloseGuard;->open(Ljava/lang/String;)V (light greylist, reflection)
01-14 17:15:22.887 11727 11727 W actnativewebrt: Accessing hidden method Ldalvik/system/CloseGuard;->warnIfOpen()V (light greylist, reflection)
01-14 17:15:22.891   518   518 E SELinux : avc:  denied  { find } for interface=vendor.huawei.hardware.sensors::ISensors sid=u:r:untrusted_app:s0:c212,c256,c512,c768 pid=11727 scontext=u:r:untrusted_app:s0:c212,c256,c512,c768 tcontext=u:object_r:default_hisi_hwservice:s0 tclass=hwservice_manager permissive=0
01-14 17:15:22.897   763   763 I chatty  : uid=1000(system) sensors@1.0-ser expire 10 lines
01-14 17:15:22.905 11727 11727 D ReactNative: ReactInstanceManager.createReactContextInBackground()
01-14 17:15:22.905 11727 11727 D ReactNative: ReactInstanceManager.recreateReactContextInBackgroundInner()
01-14 17:15:22.927   586   656 I chatty  : uid=0(root) /system/bin/netd expire 2 lines
01-14 17:15:22.928 11727 11727 V HwWidgetFactory: : successes to get AllImpl object and return....
01-14 17:15:22.929 11727 11727 I HwPhoneWindow: updateLayoutParamsColor false mSpecialSet=false, mForcedNavigationBarColor=false, navigationBarColor=0, mNavBarShow=false, mIsFloating=false
01-14 17:15:22.930 11727 11727 I HwPhoneWindow: updateLayoutParamsColor true mSpecialSet=false, mForcedNavigationBarColor=false, navigationBarColor=ff000000, mNavBarShow=false, mIsFloating=false
01-14 17:15:22.936 11727 11756 W unknown:InspectorPackagerConnection: Couldn't connect to packager, will silently retry
01-14 17:15:22.953 11727 11727 W actnativewebrt: Accessing hidden method Landroid/view/View;->computeFitSystemWindows(Landroid/graphics/Rect;Landroid/graphics/Rect;)Z (light greylist, reflection)
01-14 17:15:22.955 11727 11727 W actnativewebrt: Accessing hidden method Landroid/view/ViewGroup;->makeOptionalFitsSystemWindows()V (light greylist, reflection)
01-14 17:15:22.959 11727 11727 D ActivityThread: add activity client record, r= ActivityRecord{4fa66d6 token=android.os.BinderProxy@e5adc9b {com.reactnativewebrtc/com.reactnativewebrtc.MainActivity}} token= android.os.BinderProxy@e5adc9b
01-14 17:15:22.963 11727 11727 D ZrHung.AppEyeUiProbe: notify runnable to start.
01-14 17:15:22.966 11727 11727 D OpenGLRenderer: Skia GL Pipeline
01-14 17:15:22.967 11727 11727 I HwSecImmHelper: mSecurityInputMethodService is null
01-14 17:15:22.971 11727 11727 D HwAppInnerBoostImpl: set config for com.reactnativewebrtc BOOST_FLAG=false REPORT_DURATION_CLICK=1000 REPORT_TIMES_CLICK=3 REPORT_DURATION_SLIDE=5000 REPORT_TIMES_SLIDE=16
01-14 17:15:22.972 11727 11727 D OpenGLRenderer:   HWUI Binary is  enabled
01-14 17:15:22.980  1299  1311 I chatty  : uid=1000(system) Binder:1299_2 expire 1 line
01-14 17:15:22.980   639   851 D         : doWinFrameOptStatusRecog begin to recog Layer result=2
01-14 17:15:22.982 30405 30433 I AppLifeChangeSensor:  CAWARENESS: activityResumed componentName = ComponentInfo{com.reactnativewebrtc/com.reactnativewebrtc.MainActivity}
01-14 17:15:22.982 30405 30433 E AppLifeChangeSensor:  CAWARENESS: activityResumed mAppLifeChangeCallback is null 
01-14 17:15:22.982  1299  1374 I chatty  : uid=1000(system) HwActivityManag expire 1 line
01-14 17:15:22.982  1299  1876 I chatty  : uid=1000(system) WifiService expire 67 lines
01-14 17:15:22.982  2247  2467 I chatty  : uid=1000(system) OdmfCtrlThread expire 10 lines
01-14 17:15:22.982  1299 31653 I chatty  : uid=1000(system) HwAPPQoEActivit expire 14 lines
01-14 17:15:22.982  2247  2471 I chatty  : uid=1000(system) OdmfDataThread expire 16 lines
01-14 17:15:22.983  1985  1985 I HwNavigationBarView: updateAssistantButtonInGuestureMode(), vis=true,isGestureNavEnable=false
01-14 17:15:22.984 11727 11727 D ReactNative: ReactInstanceManager.onReloadWithJSDebugger()
01-14 17:15:22.985  2260  4523 I HidataAppQoeP: foregroundUidAdd uid: 10212 name: com.reactnativewebrtc activity state: true
01-14 17:15:22.985 11727 11727 D ReactNative: ReactInstanceManager.recreateReactContextInBackground()
01-14 17:15:22.985 11727 11727 D ReactNative: ReactInstanceManager.runCreateReactContextOnNewThread()
01-14 17:15:22.987 11727 11765 D SoLoader: About to load: libreactnativejni.so
01-14 17:15:22.988 11727 11765 D SoLoader: libreactnativejni.so not found on /data/data/com.reactnativewebrtc/lib-main
01-14 17:15:22.988 11727 11765 D SoLoader: libreactnativejni.so found on /data/app/com.reactnativewebrtc-dNXVG4O7QAx7ZB4W9fKjpA==/lib/arm64
01-14 17:15:22.988 11727 11765 D SoLoader: Not resolving dependencies for libreactnativejni.so
01-14 17:15:22.989 30371 30867 I [HwRecSys]OdmfCollectScheduler: handleMessage msg: 6
01-14 17:15:22.989 30371 30867 I [HwRecSys]HwRecSysService:  cur pkg: com.reactnativewebrtc
01-14 17:15:22.989 11727 11727 W unknown:ReactNative: Packager connection already open, nooping.
01-14 17:15:22.990 11727 11727 I HwPhoneWindow: updateLayoutParamsColor false mSpecialSet=false, mForcedNavigationBarColor=false, navigationBarColor=ff000000, mNavBarShow=true, mIsFloating=false
01-14 17:15:22.991  1299  1311 I chatty  : uid=1000(system) Binder:1299_2 expire 1 line
01-14 17:15:22.993 11727 11768 I HiTouch_HiTouchSensor: enabledInPad = false,isPcCastMode = false
01-14 17:15:22.994 11727 11768 D HiTouch_PressGestureDetector: onAttached, package=com.reactnativewebrtc, windowType=1, mHiTouchRestricted=false
01-14 17:15:22.996  1299  1382 I chatty  : uid=1000(system) android.ui expire 2 lines
01-14 17:15:23.000  1299  1311 I chatty  : uid=1000(system) Binder:1299_2 expire 3 lines
01-14 17:15:23.001  1985  5564 I CommandQueue: updateBarBgColor
01-14 17:15:23.001  1985  5564 D CommandQueue: CommandQueue, setBarBackgroundColor
01-14 17:15:23.002  1985  1985 D TintManager: navigationBarIconTint=99ffffff
01-14 17:15:23.003 11727 11765 D JavaScriptCore.Version: 236355.1.0
01-14 17:15:23.004   639   822 E BufferQueueProducer: [] mConsumerName == NULL!!!!!!
01-14 17:15:23.006 11727 11765 D SoLoader: Loaded: libreactnativejni.so
01-14 17:15:23.007   639   822 E BufferQueueProducer: [] mConsumerName == NULL!!!!!!
01-14 17:15:23.009 11727 11764 I ConfigStore: android::hardware::configstore::V1_0::ISurfaceFlingerConfigs::hasWideColorDisplay retrieved: 0
01-14 17:15:23.009 11727 11764 I ConfigStore: android::hardware::configstore::V1_0::ISurfaceFlingerConfigs::hasHDRDisplay retrieved: 0
01-14 17:15:23.010 11727 11764 I iGraphics: [0020080c] pn: com.reactnativewebrtc, p: 11727
01-14 17:15:23.010 11727 11764 I iGraphics: [0030080c] no spt app: com.reactnativewebrtc
01-14 17:15:23.010 11727 11764 I OpenGLRenderer: Initialized EGL, version 1.4, mEglDisplay 0x1
01-14 17:15:23.010 11727 11764 D OpenGLRenderer: Swap behavior 2
01-14 17:15:23.012   639   822 E BufferQueueProducer: [] mConsumerName == NULL!!!!!!
01-14 17:15:23.017   622   622 I HW_DISPLAY_EFFECT: hw_get_display_panel_type: panel info is blmax:8820,blmin:15,blmax_nit_actual:708,blmax_nit_standard:750,lcdtype:LCD,
01-14 17:15:23.017   622   622 I HW_DISPLAY_EFFECT: 
01-14 17:15:23.017   622   622 I HW_DISPLAY_EFFECT: hw_get_display_panel_type: lcd type is LCD
01-14 17:15:23.017 11727 11727 D TextView: get Display Panel Type is : 0
01-14 17:15:23.017   602  1365 I chatty  : uid=1000(system) HwBinder:602_3 expire 12 lines
01-14 17:15:23.018 11727 11764 D mali_winsys: EGLint new_window_surface(egl_winsys_display *, void *, EGLSurface, EGLConfig, egl_winsys_surface **, EGLBoolean) returns 0x3000
01-14 17:15:23.027 11727 11764 D OpenGLRenderer:   HWUI Binary is  enabled
01-14 17:15:23.027 11727 11765 D SoLoader: About to load: libfb.so
01-14 17:15:23.027 11727 11765 D SoLoader: libfb.so not found on /data/data/com.reactnativewebrtc/lib-main
01-14 17:15:23.028 11727 11765 D SoLoader: libfb.so found on /data/app/com.reactnativewebrtc-dNXVG4O7QAx7ZB4W9fKjpA==/lib/arm64
01-14 17:15:23.028 11727 11765 D SoLoader: Not resolving dependencies for libfb.so
01-14 17:15:23.028 11727 11765 D SoLoader: About to load: libfb.so
01-14 17:15:23.029 11727 11765 D SoLoader: libfb.so not found on /data/data/com.reactnativewebrtc/lib-main
01-14 17:15:23.029 11727 11765 D SoLoader: libfb.so found on /data/app/com.reactnativewebrtc-dNXVG4O7QAx7ZB4W9fKjpA==/lib/arm64
01-14 17:15:23.029 11727 11765 D SoLoader: Not resolving dependencies for libfb.so
01-14 17:15:23.029 11727 11765 I actnativewebrt: Thread[28,tid=11765,Native,Thread*=0x7943fdac00,peer=0x14c071d8,"create_react_context"] recursive attempt to load library "/data/app/com.reactnativewebrtc-dNXVG4O7QAx7ZB4W9fKjpA==/lib/arm64/libfb.so"
01-14 17:15:23.029 11727 11765 D SoLoader: Loaded: libfb.so
01-14 17:15:23.029 11727 11765 D SoLoader: Loaded: libfb.so
01-14 17:15:23.030 11727 11765 D ReactNative: ReactInstanceManager.createReactContext()
01-14 17:15:23.048  1299  1382 I chatty  : uid=1000(system) android.ui expire 1 line
01-14 17:15:23.055   639   822 E BufferQueueProducer: [] mConsumerName == NULL!!!!!!
01-14 17:15:23.056 11727 11727 I ViewRootImpl: jank_removeInvalidNode jank list is null
01-14 17:15:23.056 11727 11764 D mali_winsys: EGLint new_window_surface(egl_winsys_display *, void *, EGLSurface, EGLConfig, egl_winsys_surface **, EGLBoolean) returns 0x3000
01-14 17:15:23.058 11727 11727 W InputMethodManager: startInputReason = 1
01-14 17:15:23.058  1299  1650 I chatty  : uid=1000(system) android.anim expire 2 lines
01-14 17:15:23.058  1299  1382 I chatty  : uid=1000(system) android.ui expire 3 lines
01-14 17:15:23.066   696   696 I chatty  : uid=0(root) /system/vendor/bin/aptouch_daemon expire 3 lines
01-14 17:15:23.066 11727 11764 D OpenGLRenderer:   HWUI Binary is  enabled
01-14 17:15:23.067  1299  1650 I chatty  : uid=1000(system) android.anim expire 16 lines
01-14 17:15:23.068 11727 11764 W libEGL  : EGLNativeWindowType 0x7931862010 disconnect failed
01-14 17:15:23.069   639   851 D         : doWinFrameOptStatusRecog begin to recog Layer result=2
01-14 17:15:23.071  1299  1382 I chatty  : uid=1000(system) android.ui expire 28 lines
01-14 17:15:23.073  1299  1311 I chatty  : uid=1000(system) Binder:1299_2 expire 10 lines
01-14 17:15:23.073 11727 11765 D ReactNative: Initializing React Xplat Bridge.
01-14 17:15:23.074 11727 11786 I org.webrtc.Logging: NativeLibrary: Loading native library: jingle_peerconnection_so
01-14 17:15:23.074 11727 11786 I org.webrtc.Logging: NativeLibrary: Loading library: jingle_peerconnection_so
01-14 17:15:23.077  1299  1428 I chatty  : uid=1000(system) android.display expire 2 lines
01-14 17:15:23.077  1299  1428 I chatty  : uid=1000(system) android.display expire 1 line
01-14 17:15:23.077 11727 11765 D ReactNative: Initializing React Xplat Bridge before initializeBridge
01-14 17:15:23.077 11727 11786 I org.webrtc.Logging: PeerConnectionFactory: PeerConnectionFactory was initialized without an injected Loggable. Any existing Loggable will be deleted.
01-14 17:15:23.078   756   789 I chatty  : uid=0(root) iaware expire 2 lines
01-14 17:15:23.079 11727 11765 D ReactNative: Initializing React Xplat Bridge after initializeBridge
01-14 17:15:23.080 11727 11765 D ReactNative: CatalystInstanceImpl.runJSBundle()
01-14 17:15:23.081 11727 11788 D ReactNative: ReactInstanceManager.setupReactContext()
01-14 17:15:23.082 11727 11788 D ReactNative: CatalystInstanceImpl.initialize()
01-14 17:15:23.085 11727 11788 D ReactNative: ReactInstanceManager.attachRootViewToInstance()
01-14 17:15:23.085 11727 11727 W InputMethodManager: startInputReason = 5
01-14 17:15:23.087 11727 11727 W unknown:ReactNative: Packager connection already open, nooping.
01-14 17:15:23.092  2158  2158 D ViewRootImpl[UniHomeLauncher]: surface should not be released
01-14 17:15:23.092  1299  1875 I chatty  : uid=1000(system) tworkPolicy.uid expire 2 lines
01-14 17:15:23.092  1299  2103 I chatty  : uid=1000(system) Binder:1299_6 expire 15 lines
01-14 17:15:23.096  1299  1870 I chatty  : uid=1000(system) NetdConnector expire 8 lines
01-14 17:15:23.096 11727 11786 V AudioManager: getProperty  key: android.media.property.OUTPUT_SAMPLE_RATE
01-14 17:15:23.097   637   881 I AudioFlinger: queryLowlatencyUid=10212 getParametersEx with result false
01-14 17:15:23.097 11727 11786 I org.webrtc.Logging: WebRtcAudioManagerExternal: Sample rate is set to 48000 Hz
01-14 17:15:23.097 11727 11786 V AudioManager: getProperty  key: android.media.property.OUTPUT_SAMPLE_RATE
01-14 17:15:23.097   637   881 I AudioFlinger: queryLowlatencyUid=10212 getParametersEx with result false
01-14 17:15:23.098 11727 11786 I org.webrtc.Logging: WebRtcAudioManagerExternal: Sample rate is set to 48000 Hz
01-14 17:15:23.098 11727 11786 I org.webrtc.Logging: JavaAudioDeviceModule: createAudioDeviceModule
01-14 17:15:23.098 11727 11786 I org.webrtc.Logging: JavaAudioDeviceModule: HW NS will not be used.
01-14 17:15:23.098 11727 11786 I org.webrtc.Logging: JavaAudioDeviceModule: HW AEC will not be used.
01-14 17:15:23.099 11727 11786 I org.webrtc.Logging: WebRtcAudioEffectsExternal: ctor@[name=pool-1-thread-1, id=3943]
01-14 17:15:23.100  2260  2278 I BoosterSwitchP: notifyUidState do nothing
01-14 17:15:23.100  2260  2278 I BrowserChrP: notifyUidState
01-14 17:15:23.100  1299  1353 I chatty  : uid=1000(system) android.bg expire 1 line
01-14 17:15:23.102   616 31587 I spk_dev_interface: spk_set_parameters: use new smartpakit version
01-14 17:15:23.102   616 31587 I audio_hw_primary: update stream types 0
01-14 17:15:23.102   616 31587 I audio_custom: game mode exit.
01-14 17:15:23.102   616 31587 I dsp_soc : set primary algo bypass 0 succ
01-14 17:15:23.103   637 14396 I hash_map_utils: key: 'queryLowlatencyUid' value: '10212'
01-14 17:15:23.104   637 14396 I bt_a2dp_hw: adev_get_parameters: audio a2dp receive kvpairs queryLowlatencyUid=10212 ,but need not handle
01-14 17:15:23.112 11727 11786 W AudioCapabilities: Unsupported mime audio/ac4
01-14 17:15:23.115 11727 11786 W AudioCapabilities: Unsupported mime audio/eac3-joc
01-14 17:15:23.116 11727 11788 W unknown:ViewManagerPropertyUpdater: Could not find generated setter for class com.facebook.react.views.art.ARTGroupViewManager
01-14 17:15:23.118 11727 11788 W unknown:ViewManagerPropertyUpdater: Could not find generated setter for class com.facebook.react.views.art.ARTGroupShadowNode
01-14 17:15:23.120 11727 11788 W unknown:ViewManagerPropertyUpdater: Could not find generated setter for class com.facebook.react.views.art.ARTShapeViewManager
01-14 17:15:23.120 11727 11788 W unknown:ViewManagerPropertyUpdater: Could not find generated setter for class com.facebook.react.views.art.ARTShapeShadowNode
01-14 17:15:23.121 11727 11788 W unknown:ViewManagerPropertyUpdater: Could not find generated setter for class com.facebook.react.views.art.ARTTextViewManager
01-14 17:15:23.122 11727 11788 W unknown:ViewManagerPropertyUpdater: Could not find generated setter for class com.facebook.react.views.art.ARTTextShadowNode
01-14 17:15:23.122 11727 11788 W unknown:ViewManagerPropertyUpdater: Could not find generated setter for class com.facebook.react.views.checkbox.ReactCheckBoxManager
01-14 17:15:23.126 11727 11788 W unknown:ViewManagerPropertyUpdater: Could not find generated setter for class com.facebook.react.uimanager.LayoutShadowNode
01-14 17:15:23.132 11727 11788 W unknown:ViewManagerPropertyUpdater: Could not find generated setter for class com.facebook.react.views.picker.ReactDialogPickerManager
01-14 17:15:23.132 11727 11786 W VideoCapabilities: Unrecognized profile 4 for video/hevc
01-14 17:15:23.133  1299  1299 I chatty  : uid=1000 system_server expire 16 lines
01-14 17:15:23.134 11727 11786 W VideoCapabilities: Unrecognized profile/level 0/0 for video/mpeg2
01-14 17:15:23.134 11727 11786 W VideoCapabilities: Unrecognized profile/level 0/2 for video/mpeg2
01-14 17:15:23.134 11727 11786 W VideoCapabilities: Unrecognized profile/level 0/3 for video/mpeg2
01-14 17:15:23.134 11727 11786 I VideoCapabilities: Unsupported profile 5 for video/mpeg2
01-14 17:15:23.134 11727 11786 I chatty  : uid=10212(com.reactnativewebrtc) identical 19 lines
01-14 17:15:23.135 11727 11788 I chatty  : uid=10212(com.reactnativewebrtc) expire 38 lines
01-14 17:15:23.158 11727 11789 I chatty  : uid=10212(com.reactnativewebrtc) expire 1 line
01-14 17:15:23.158 11727 11790 I chatty  : uid=10212(com.reactnativewebrtc) expire 1 line
01-14 17:15:23.158 11727 11791 I chatty  : uid=10212(com.reactnativewebrtc) expire 1 line
01-14 17:15:23.159 11727 11738 I chatty  : uid=10212(com.reactnativewebrtc) expire 2 lines
01-14 17:15:23.191  2158  2353 D ZrHung.AppEyeUiProbe: Current Activity:false
01-14 17:15:23.191  2158  2353 D ZrHung.AppEyeUiProbe: not watching, wait.
01-14 17:15:24.016   632   685 W PF_SYS_WRAPPER: [sysOpenAndWriteStr:83] [CPU_B] 1863000 write to /sys/devices/system/cpu/cpu4/cpufreq/scaling_max_freq failed, errno=22 (Invalid argument) 
01-14 17:15:24.016   632   686 I PF_FREQ_GRP: [recordLimitCmd:59] [GPU] start limit freq 237143000 ~ 332000000
01-14 17:15:24.016   632   686 W PF_SYS_WRAPPER: [sysOpenAndWriteStr:83] [GPU] 332000000 write to /sys/class/devfreq/gpufreq/max_freq failed, errno=22 (Invalid argument) 
01-14 17:15:24.122  1299  1877 I chatty  : uid=1000(system) WifiStateMachin expire 21 lines
01-14 17:15:24.140  1299 11795 I chatty  : uid=1000 system_server expire 1 line
01-14 17:15:24.152  1299  2054 I chatty  : uid=1000(system) watchdog expire 2 lines
01-14 17:15:24.959   586   656 I chatty  : uid=0(root) /system/bin/netd expire 1 line
01-14 17:15:25.047   635   635 E WifiHAL : enter wifi_get_link_stats
01-14 17:15:25.080   756   789 I chatty  : uid=0(root) iaware expire 2 lines
01-14 17:15:27.001   586   656 I chatty  : uid=0(root) /system/bin/netd expire 10 lines
01-14 17:15:27.786 11727 11727 I chatty  : uid=10212(com.reactnativewebrtc) expire 11 lines
01-14 17:15:27.947  2304  3205 I chatty  : uid=1000(system) thermal-core-th expire 29 lines
01-14 17:15:27.951  2304  2740 I chatty  : uid=1000(system) actions handler expire 21 lines
01-14 17:15:28.080   635   635 E WifiHAL : enter wifi_get_link_stats
01-14 17:15:31.086   756   789 I chatty  : uid=0(root) iaware expire 4 lines
01-14 17:15:31.120   635   635 E WifiHAL : enter wifi_get_link_stats
01-14 17:15:32.153  1299  1949 I chatty  : uid=1000(system) HuaweiWifiWatch expire 11 lines
01-14 17:15:32.153  1299 11800 I chatty  : uid=1000 system_server expire 1 line
01-14 17:15:32.157  1299  1946 I chatty  : uid=1000(system) WifiProStateMac expire 10 lines
01-14 17:15:32.167  1299  1877 I chatty  : uid=1000(system) WifiStateMachin expire 1 line
01-14 17:15:32.396  2304  2319 I chatty  : uid=1000(system) Binder:2304_1 expire 6 lines
01-14 17:15:32.413   756  3247 I chatty  : uid=0(root) HiberManagerRec expire 6 lines
01-14 17:15:32.430  1299 11529 I chatty  : uid=1000 system_server expire 10 lines
01-14 17:15:33.167   752   752 E Thermal-daemon: [battery] temp_new :35  temp_old :36
01-14 17:15:33.171   752   752 E Thermal-daemon: Report temperature: [battery] temp :35  report_threshold:1
01-14 17:15:33.171   752   752 E Thermal-daemon: [charger_ic] temp_new :36  temp_old :37
01-14 17:15:33.172   752   752 E Thermal-daemon: Report temperature: [charger_ic] temp :36  report_threshold:1
01-14 17:15:33.174   752   752 E Thermal-daemon: [ap] temp_new :37  temp_old :38
01-14 17:15:33.174   752   752 E Thermal-daemon: Report temperature: [ap] temp :37  report_threshold:1
01-14 17:15:33.177   628  2242 I uniperf server: setConfig clientId=2, tagLen=1, tags[0]=1, configs[0]=0
01-14 17:15:33.177   632  5387 I PF_MT   : [recordCmd:60] Pid:628 Qos:0 mode:0 suspend_mask:0x0 val=1690000
01-14 17:15:33.177   632   684 I PF_FREQ_GRP: [recordLimitCmd:65] [CPU_L] end limit freq 509000 ~ 1844000
01-14 17:15:33.180   628  2242 I uniperf server: setConfig clientId=2, tagLen=1, tags[0]=7, configs[0]=0
01-14 17:15:33.180   632  5387 I PF_MT   : [recordCmd:60] Pid:628 Qos:2 mode:0 suspend_mask:0x0 val=1863000
01-14 17:15:33.180   632   685 I PF_FREQ_GRP: [recordLimitCmd:65] [CPU_B] end limit freq 682000 ~ 2362000
01-14 17:15:33.181   628  2242 I uniperf server: setConfig clientId=2, tagLen=1, tags[0]=10, configs[0]=0
01-14 17:15:33.181   632  5387 I PF_MT   : [recordCmd:60] Pid:628 Qos:3 mode:0 suspend_mask:0x0 val=332000000
01-14 17:15:33.181   632   686 I PF_FREQ_GRP: [recordLimitCmd:65] [GPU] end limit freq 237143000 ~ 767000000
01-14 17:15:34.146   635   635 E WifiHAL : enter wifi_get_link_stats
01-14 17:15:34.166  1299  1877 I chatty  : uid=1000(system) WifiStateMachin expire 32 lines
01-14 17:15:35.241  1299  1659 I chatty  : uid=1000(system) UEventObserver expire 12 lines
01-14 17:15:37.175   635   635 E WifiHAL : enter wifi_get_link_stats
01-14 17:15:40.157  1299 11807 I chatty  : uid=1000 system_server expire 1 line
01-14 17:15:40.205   635   635 E WifiHAL : enter wifi_get_link_stats
01-14 17:15:40.698  2284  3080 I HwNaturalBase: [Timer-0]: MultiUserManagerService:  getNotActiveUser start
01-14 17:15:43.239   635   635 E WifiHAL : enter wifi_get_link_stats
01-14 17:15:44.901   752  2427 E Thermal-daemon: device current too high (168), during charging or current std is invalid. 
01-14 17:15:44.901   752  2427 E Thermal-daemon: latest temp 27672 at 2020/1/14, 9h:15m:44s.
01-14 17:15:45.077  2284  2378 I HwNaturalBase: [CommonHandler]: 26837Kb ram is used.
01-14 17:15:46.273   635   635 E WifiHAL : enter wifi_get_link_stats
01-14 17:15:46.367 11811 11811 I chatty  : uid=0(root) expire 1 line
01-14 17:15:46.496   769   992 I chatty  : uid=0(root) JankIoInfo expire 1 line
01-14 17:15:47.400   586   656 I chatty  : uid=0(root) /system/bin/netd expire 6 lines
01-14 17:15:48.169  1299  1876 I chatty  : uid=1000(system) WifiService expire 43 lines
01-14 17:15:48.170  1299 11813 I chatty  : uid=1000 system_server expire 1 line
01-14 17:15:48.182   752   752 E Thermal-daemon: [shell_frame] temp_new :34  temp_old :35
01-14 17:15:48.184   752   752 E Thermal-daemon: Report temperature: [shell_frame] temp :34  report_threshold:1
01-14 17:15:48.186   752   752 E Thermal-daemon: [pa_0] temp_new :35  temp_old :36
01-14 17:15:48.187   752   752 E Thermal-daemon: Report temperature: [pa_0] temp :35  report_threshold:1
01-14 17:15:49.312   635   635 E WifiHAL : enter wifi_get_link_stats
01-14 17:15:52.071  2304  2304 I chatty  : uid=1000(system) com.huawei.powergenie expire 8 lines
01-14 17:15:52.345   635   635 E WifiHAL : enter wifi_get_link_stats
01-14 17:15:52.373  1299  1877 I chatty  : uid=1000(system) WifiStateMachin expire 22 lines
01-14 17:15:53.106   586   611 I chatty  : uid=0(root) POSIX timer 0 expire 2 lines
01-14 17:15:53.414   696   696 I chatty  : uid=0(root) /system/vendor/bin/aptouch_daemon expire 17 lines
01-14 17:15:53.554  2326  2326 D Mapcon  : TelephonyTracker: onSignalStrengthsChanged:phoneId=0, level=5
01-14 17:15:53.557  2326  2905 D Mapcon  : SMVoice-0-Normal: PrepareState:defaultStatehandle msg=CMD_SIGNAL_STRENGTH_CHANED_IND
01-14 17:15:53.559  2260  2380 I HidataAppQoeP: handleStateChanged reason=7
01-14 17:15:53.561  2260  2380 I PreDnsQuery: handleStateChanged reason=7
01-14 17:15:53.562  2260  2380 I PreDnsQuery: No need to handled!
01-14 17:15:53.562  2260  2380 I BrowserChrP: handleStateChanged
01-14 17:15:53.566  1985  2063 I HwMobileSignalController(0): subId:0 phoneType:1 networktype:3 targetClass:2 masterLevel:5 slaveLevel:-1
01-14 17:15:54.382  1299  1382 I chatty  : uid=1000(system) android.ui expire 22 lines
01-14 17:15:54.921  1299  1678 I chatty  : uid=1000(system) HWExtMotionServ expire 27 lines
01-14 17:15:55.150   785   804 I chatty  : uid=1000(system) motion@1.0-serv expire 25 lines
01-14 17:15:55.382   635   635 E WifiHAL : enter wifi_get_link_stats
01-14 17:15:56.175  1299 11818 I chatty  : uid=1000 system_server expire 1 line
01-14 17:15:56.184  1299 31657 I chatty  : uid=1000(system) MobileQosDetect expire 16 lines
01-14 17:15:56.212  1985  1985 D HwNavigationBarView:  navigation bar is not support slide!
01-14 17:15:56.916 11727 11727 I chatty  : uid=10212(com.reactnativewebrtc) expire 32 lines
01-14 17:15:56.959 11727 11764 I chatty  : uid=10212(com.reactnativewebrtc) expire 8 lines
01-14 17:15:56.965   639   851 D         : doWinFrameOptStatusRecog begin to recog Layer result=2
01-14 17:15:56.978 11727 11819 I chatty  : uid=10212(com.reactnativewebrtc) expire 2 lines
01-14 17:15:57.013   639   639 D SurfaceFlinger: duplicate layer name: changing com.reactnativewebrtc/com.reactnativewebrtc.MainActivity to com.reactnativewebrtc/com.reactnativewebrtc.MainActivity#1
01-14 17:15:57.024   639   822 E BufferQueueProducer: [] mConsumerName == NULL!!!!!!
01-14 17:15:57.130   639   851 D         : doWinFrameOptStatusRecog begin to recog Layer result=2
01-14 17:15:57.136   639   851 D         : doWinFrameOptStatusRecog begin to recog Layer result=2
01-14 17:15:57.174   769   993 I chatty  : uid=0(root) JankManager expire 2 lines
01-14 17:15:58.416   635   635 E WifiHAL : enter wifi_get_link_stats
01-14 17:15:58.902 11727 11822 I chatty  : uid=10212(com.reactnativewebrtc) expire 5 lines
01-14 17:15:58.928   637 14396 I AudioFlinger: queryLowlatencyUid=10212 getParametersEx with result false
01-14 17:15:58.929   637 14396 I AudioFlinger: queryLowlatencyUid=10212 getParametersEx with result false
01-14 17:15:58.936 11727 11829 I chatty  : uid=10212(com.reactnativewebrtc) expire 45 lines
01-14 17:15:58.948 11727 11830 I chatty  : uid=10212(com.reactnativewebrtc) expire 1 line
01-14 17:15:58.949 11727 11832 I chatty  : uid=10212(com.reactnativewebrtc) expire 1 line
01-14 17:15:58.949 11727 11831 I chatty  : uid=10212(com.reactnativewebrtc) expire 1 line
01-14 17:15:58.956 11727 11786 I chatty  : uid=10212(com.reactnativewebrtc) expire 3 lines
01-14 17:15:59.079   639  2932 E BufferQueueProducer: [] mConsumerName == NULL!!!!!!
01-14 17:15:59.349   785  1677 I chatty  : uid=1000(system) HwBinder:785_1 expire 1 line
01-14 17:15:59.571  2260  2380 I HidataAppQoeP: handleStateChanged reason=7
01-14 17:15:59.576  2260  2260 I chatty  : uid=1000(system) com.huawei.systemserver expire 14 lines
01-14 17:15:59.579  2326  2326 D Mapcon  : TelephonyTracker: onSignalStrengthsChanged:phoneId=0, level=5
01-14 17:15:59.582  2260  2380 I PreDnsQuery: handleStateChanged reason=7
01-14 17:15:59.584  2260  2380 I PreDnsQuery: No need to handled!
01-14 17:15:59.584  2260  2380 I BrowserChrP: handleStateChanged
01-14 17:15:59.585  2326  2905 D Mapcon  : SMVoice-0-Normal: PrepareState:defaultStatehandle msg=CMD_SIGNAL_STRENGTH_CHANED_IND
01-14 17:15:59.598  1985  2063 I HwMobileSignalController(0): subId:0 phoneType:1 networktype:3 targetClass:2 masterLevel:5 slaveLevel:-1
01-14 17:15:59.613  1299  1910 I chatty  : uid=1000(system) HwDualSensorEve expire 2 lines
01-14 17:15:59.620  1985  2100 I EventCenter: ContentChange for slot: 1
01-14 17:15:59.625  1985  2100 I EventCenter: ContentChange for slot: 1
01-14 17:15:59.630  1299  1437 I chatty  : uid=1000(system) PowerManagerSer expire 4 lines
01-14 17:15:59.633   586   656 I chatty  : uid=0(root) /system/bin/netd expire 1 line
01-14 17:15:59.636  1985  2100 I EventCenter: ContentChange for slot: 1
01-14 17:15:59.838  1985  2100 I EventCenter: ContentChange for slot: 1
01-14 17:15:59.841  1985  1985 I HwBrightnessUtils: APS brightness=77.0,ConvertToPercentage=0.644414
01-14 17:15:59.923  2304  3236 I chatty  : uid=1000(system) HandleHighTempT expire 3 lines
01-14 17:16:00.028  1299 29670 I chatty  : uid=1000(system) Binder:1299_14 expire 4 lines
01-14 17:16:00.034  2260 30468 I chatty  : uid=1000(system) Binder:2260_8 expire 6 lines
01-14 17:16:00.037  2260  2278 I BoosterSwitchP: notifyUidState do nothing
01-14 17:16:00.037  2260  2278 I BrowserChrP: notifyUidState
01-14 17:16:00.043  1985  1985 E DateView: DateView,mCurrentTime: 1578993360043
01-14 17:16:00.045  1985  1985 I EventCenter: EventCenter Get :android.intent.action.TIME_TICK
01-14 17:16:00.045  1985  1985 W ClockView1:  action android.intent.action.TIME_TICK
01-14 17:16:00.045  1985  1985 I chatty  : uid=10031(com.huawei.desktop.systemui) com.android.systemui identical 6 lines
01-14 17:16:00.045  1985  1985 W ClockView1:  action android.intent.action.TIME_TICK
01-14 17:16:00.055   587   587 I chatty  : uid=0(root) main expire 1 line
01-14 17:16:00.069  1985  1985 E LocalCalendar: invalid param calendarId. 
01-14 17:16:00.071  1985  1985 E LocalCalendar: invalid param calendarId. 
01-14 17:16:00.073  1299  1299 I chatty  : uid=1000 system_server expire 91 lines
01-14 17:16:00.074  2158  2158 I HwLauncher: Model  onReceive intent=Intent { act=android.intent.action.TIME_TICK flg=0x50200014 hwFlg=0x900 (has extras) }
01-14 17:16:00.074  2158  2158 I HwLauncher: Model  onReceive user=UserHandle{0}
01-14 17:16:00.075  1985  2100 I KeyguardStatusView: Runnable for refresh
01-14 17:16:00.077  1985  2100 I EventCenter: ContentChange for slot: 1
01-14 17:16:00.077  1985  2100 I EventCenter: ContentChange for slot: 1
01-14 17:16:00.080  1985  1985 I HwBrightnessUtils: APS brightness=76.0,ConvertToPercentage=0.6394948
01-14 17:16:00.157  1985  1985 D DateTimeView: Change to single clock mode!
01-14 17:16:00.157  1985  1985 I ColorPickUitls: type = 2
01-14 17:16:00.158  1985  1985 D HwKeyguardBottomArea: RemoveDateTimeTopArea type:2
01-14 17:16:00.158  1985  1985 D HwKeyguardBottomArea: loadDateTimeArea type
01-14 17:16:00.158  1985  1985 D HwKeyguardBottomArea: removeLiftSensorView, threadname = main
01-14 17:16:00.158  1985  1985 D DateTimeView: Change to single clock mode!
01-14 17:16:00.158  1985  1985 I ColorPickUitls: type = 2
01-14 17:16:00.158  1985  1985 D HwKeyguardBottomArea: RemoveDateTimeTopArea type:2
01-14 17:16:00.158  1985  1985 D HwKeyguardBottomArea: loadDateTimeArea type
01-14 17:16:00.158  1985  1985 D HwKeyguardBottomArea: removeLiftSensorView, threadname = main
01-14 17:16:00.158  1985  1985 D DateTimeView: Change to single clock mode!
01-14 17:16:00.158  1985  1985 I ColorPickUitls: type = 2
01-14 17:16:00.158  1985  1985 D HwKeyguardBottomArea: RemoveDateTimeTopArea type:2
01-14 17:16:00.158  1985  1985 D HwKeyguardBottomArea: loadDateTimeArea type
01-14 17:16:00.158  1985  1985 D HwKeyguardBottomArea: removeLiftSensorView, threadname = main
01-14 17:16:00.291  1985  2100 I EventCenter: ContentChange for slot: 1
01-14 17:16:00.294  1985  1985 I HwBrightnessUtils: APS brightness=75.0,ConvertToPercentage=0.6345451
01-14 17:16:00.294  1985  2100 I EventCenter: ContentChange for slot: 1
01-14 17:16:00.520  1985  2100 I EventCenter: ContentChange for slot: 1
01-14 17:16:00.522  1985  1985 I HwBrightnessUtils: APS brightness=74.0,ConvertToPercentage=0.6295643
01-14 17:16:00.531   616 31587 I audio_hw_primary: usb_ext_get_parameters: check show hires (false)
01-14 17:16:00.531   637 14396 I hash_map_utils: key: 'typec_need_show_hires' value: ''
01-14 17:16:00.532   637 14396 I bt_a2dp_hw: adev_get_parameters: audio a2dp receive kvpairs typec_need_show_hires ,but need not handle
01-14 17:16:00.534  1299  1896 I chatty  : uid=1000(system) Thread-19 expire 1 line
01-14 17:16:00.752  1985  2100 I EventCenter: ContentChange for slot: 1
01-14 17:16:00.753  1985  2100 I EventCenter: ContentChange for slot: 1
01-14 17:16:00.754  1985  1985 I HwBrightnessUtils: APS brightness=73.0,ConvertToPercentage=0.6245518
01-14 17:16:00.800   696   696 I chatty  : uid=0(root) /system/vendor/bin/aptouch_daemon expire 10 lines
01-14 17:16:00.850  1299  1879 I chatty  : uid=1000(system) HwNcChrServiceI expire 11 lines
01-14 17:16:00.987  1985  2100 I EventCenter: ContentChange for slot: 1
01-14 17:16:00.994  1985  2100 I EventCenter: ContentChange for slot: 1
01-14 17:16:00.994  1985  1985 I HwBrightnessUtils: APS brightness=72.0,ConvertToPercentage=0.61950684
01-14 17:16:01.220  1985  2100 I EventCenter: ContentChange for slot: 1
01-14 17:16:01.224  1985  2100 I EventCenter: ContentChange for slot: 1
01-14 17:16:01.228  1985  1985 I HwBrightnessUtils: APS brightness=71.0,ConvertToPercentage=0.6144289
01-14 17:16:01.281 18662 18683 I Finsky  : [364] kik.run(3): Stats for Executor: BlockingExecutor kke@74e715a[Running, pool size = 0, active threads = 0, queued tasks = 0, completed tasks = 244]
01-14 17:16:01.282 18662 18683 I Finsky  : [364] kik.run(3): Stats for Executor: LightweightExecutor kke@88bdf8b[Running, pool size = 4, active threads = 0, queued tasks = 0, completed tasks = 104]
01-14 17:16:01.318 18662 18683 I Finsky  : [364] kik.run(3): Stats for Executor: bgExecutor kke@22cb868[Running, pool size = 4, active threads = 0, queued tasks = 0, completed tasks = 835]
01-14 17:16:01.319 18662 18672 E         : [ZeroHung]zrhung_get_config: Get config failed for wp[0x0008]
01-14 17:16:01.446   635   635 E WifiHAL : enter wifi_get_link_stats
01-14 17:16:01.457  1985  1985 I HwBrightnessUtils: APS brightness=70.0,ConvertToPercentage=0.60931706
01-14 17:16:01.458  1985  2100 I EventCenter: ContentChange for slot: 1
01-14 17:16:01.458  1985  2100 I EventCenter: ContentChange for slot: 1
01-14 17:16:01.661   586   656 I chatty  : uid=0(root) /system/bin/netd expire 4 lines
01-14 17:16:01.704  1985  2100 I EventCenter: ContentChange for slot: 1
01-14 17:16:01.705  1985  1985 I HwBrightnessUtils: APS brightness=69.0,ConvertToPercentage=0.60417074
01-14 17:16:01.706  1985  2100 I EventCenter: ContentChange for slot: 1
01-14 17:16:01.958  1985  2100 I EventCenter: ContentChange for slot: 1
01-14 17:16:01.960  1985  1985 I HwBrightnessUtils: APS brightness=68.0,ConvertToPercentage=0.5989891
01-14 17:16:02.148   785   804 D motion@1.0-service: motion-hal Motion::readMotionData motions_data[0]: 1 
01-14 17:16:02.148   785   804 D motion@1.0-service: motion-hal Motion::readMotionData motions_data[1]: -1 
01-14 17:16:02.148   785   785 D motion@1.0-service: pollMotionResult poll_result_return = 2
01-14 17:16:02.149   785   804 D motion@1.0-service: motion_pollresult_ready::unlock out
01-14 17:16:02.149   785   804 D motion@1.0-service:  actMotionCb mMotionClientVector.size = 0
01-14 17:16:02.150   785   804 D motion@1.0-service: actMotionCb out
01-14 17:16:02.206  1985  2100 I EventCenter: ContentChange for slot: 1
01-14 17:16:02.207  1985  2100 I EventCenter: ContentChange for slot: 1
01-14 17:16:02.210  1985  1985 I HwBrightnessUtils: APS brightness=67.0,ConvertToPercentage=0.5937714
01-14 17:16:02.468   594   640 I ArHal   : (ar_data_netlink_cb:821):cmd[2].length[48]
01-14 17:16:02.476  2247  2265 I chatty  : uid=1000(system) Binder:2247_3 expire 49 lines
01-14 17:16:02.477  1985  2100 I EventCenter: ContentChange for slot: 1
01-14 17:16:02.480  1985  2100 I EventCenter: ContentChange for slot: 1
01-14 17:16:02.481  1985  1985 I HwBrightnessUtils: APS brightness=66.0,ConvertToPercentage=0.5885167
01-14 17:16:02.497 30371 11837 I [HwRecSys]RawARStatusUtil: motionType = 4
01-14 17:16:02.500 30371 11838 I [HwRecSys]RawARStatusUtil: motionType = 4
01-14 17:16:02.725  1985  2100 I EventCenter: ContentChange for slot: 1
01-14 17:16:02.726  1985  2100 I EventCenter: ContentChange for slot: 1
01-14 17:16:02.727  1985  1985 I HwBrightnessUtils: APS brightness=65.0,ConvertToPercentage=0.5832242
01-14 17:16:02.899  3352 11174 I CastDatabase: Saving the database
01-14 17:16:02.910  3352 11174 E SQLiteCastStore: Skip saving CastDeviceInfo: "Nearby device" (__cast_nearby___V_27ca4c88-684f-472e-8653-20d5f9aadc79)
01-14 17:16:02.911  3352 11174 I SQLiteCastStore: [CastNetworkInfo] saved: 2, skipped: 0, [CastDeviceInfo]: saved 3, skipped 1, [Paired Guest Mode DeviceInfo] saved: 0, skipped: 0. [ProbedNetworks]: saved 0, skipped: 0, [ProbedSocketAddress]: saved 3, skipped: 0, [Network-Device pairs]: saved: 2
01-14 17:16:03.006  1985  2100 I EventCenter: ContentChange for slot: 1
01-14 17:16:03.010  1985  1985 I HwBrightnessUtils: APS brightness=64.0,ConvertToPercentage=0.57789296
01-14 17:16:03.010  1985  2100 I EventCenter: ContentChange for slot: 1
01-14 17:16:03.275  1985  2100 I EventCenter: ContentChange for slot: 1
01-14 17:16:03.276  1985  1985 I HwBrightnessUtils: APS brightness=63.0,ConvertToPercentage=0.57252216
01-14 17:16:03.277  1985  2100 I EventCenter: ContentChange for slot: 1
01-14 17:16:03.542  1985  2100 I EventCenter: ContentChange for slot: 1
01-14 17:16:03.543  1985  2100 I EventCenter: ContentChange for slot: 1
01-14 17:16:03.544  1985  1985 I HwBrightnessUtils: APS brightness=62.0,ConvertToPercentage=0.5671107
01-14 17:16:03.710  2260  2380 I HidataAppQoeP: handleStateChanged reason=8
01-14 17:16:03.714  2326  2326 D Mapcon  : TelephonyTracker: onSignalStrengthsChanged:phoneId=1, level=5
01-14 17:16:03.715  2260  2380 I PreDnsQuery: handleStateChanged reason=8
01-14 17:16:03.716  2260  2380 I PreDnsQuery: No need to handled!
01-14 17:16:03.716  2260  2380 I BrowserChrP: handleStateChanged
01-14 17:16:03.718  2326  2916 D Mapcon  : SMVoice-5-Normal: PrepareState:defaultStatehandle msg=CMD_SIGNAL_STRENGTH_CHANED_IND
01-14 17:16:03.724  1985  2063 I HwMobileSignalController(1): signalStrength=SignalStrength: 0 -1381282440 0 0 32767 -1 32767 -1 2147483647 0 0 -1 0 2147483647 0 120 -66 -3 gsm|lte use_rsrp_and_rssnr_for_lte_level rscp [-128, -118, -108, -98] [-115, -105, -95, -85] 1 0 0 0 0 0 hasService=false
01-14 17:16:03.824  1985  2100 I EventCenter: ContentChange for slot: 1
01-14 17:16:03.825  1985  2100 I EventCenter: ContentChange for slot: 1
01-14 17:16:03.826  1985  1985 I HwBrightnessUtils: APS brightness=61.0,ConvertToPercentage=0.5616576
01-14 17:16:04.105   751   812 I storaged: storaged_t::event: storage_info refreshed.
01-14 17:16:04.114  1985  2100 I EventCenter: ContentChange for slot: 1
01-14 17:16:04.117  1985  2100 I EventCenter: ContentChange for slot: 1
01-14 17:16:04.121  1985  1985 I HwBrightnessUtils: APS brightness=60.0,ConvertToPercentage=0.5561618
01-14 17:16:04.181  1299  1876 I chatty  : uid=1000(system) WifiService expire 51 lines
01-14 17:16:04.181  1299  1949 I chatty  : uid=1000(system) HuaweiWifiWatch expire 10 lines
01-14 17:16:04.181  1299 11840 I chatty  : uid=1000 system_server expire 2 lines
01-14 17:16:04.400  1985  2100 I EventCenter: ContentChange for slot: 1
01-14 17:16:04.402  1985  2100 I EventCenter: ContentChange for slot: 1
01-14 17:16:04.402  1985  1985 I HwBrightnessUtils: APS brightness=59.0,ConvertToPercentage=0.5506223
01-14 17:16:04.479   635   635 E WifiHAL : enter wifi_get_link_stats
01-14 17:16:04.500  1299  1877 I chatty  : uid=1000(system) WifiStateMachin expire 30 lines
01-14 17:16:04.695  1985  2100 I EventCenter: ContentChange for slot: 1
01-14 17:16:04.697  1985  2100 I EventCenter: ContentChange for slot: 1
01-14 17:16:04.697  1985  1985 I HwBrightnessUtils: APS brightness=58.0,ConvertToPercentage=0.5450378
01-14 17:16:04.736  1985  2100 I EventCenter: ContentChange for slot: 1
01-14 17:16:04.779  1985  2100 I EventCenter: ContentChange for slot: 1
01-14 17:16:04.780  1985  1985 I HwBrightnessUtils: APS brightness=59.0,ConvertToPercentage=0.5506223
01-14 17:16:04.879  1985  2100 I EventCenter: ContentChange for slot: 1
01-14 17:16:04.881  1985  2100 I EventCenter: ContentChange for slot: 1
01-14 17:16:04.882  1985  1985 I HwBrightnessUtils: APS brightness=60.0,ConvertToPercentage=0.5561618
01-14 17:16:04.961  1985  2100 I EventCenter: ContentChange for slot: 1
01-14 17:16:04.962  1985  2100 I EventCenter: ContentChange for slot: 1
01-14 17:16:04.963  1985  1985 I HwBrightnessUtils: APS brightness=61.0,ConvertToPercentage=0.5616576
01-14 17:16:05.061  1985  2100 I EventCenter: ContentChange for slot: 1
01-14 17:16:05.062  1985  2100 I EventCenter: ContentChange for slot: 1
01-14 17:16:05.064  1985  1985 I HwBrightnessUtils: APS brightness=62.0,ConvertToPercentage=0.5671107
01-14 17:16:05.161  1985  2100 I EventCenter: ContentChange for slot: 1
01-14 17:16:05.162  1985  2100 I EventCenter: ContentChange for slot: 1
01-14 17:16:05.163  1985  1985 I HwBrightnessUtils: APS brightness=63.0,ConvertToPercentage=0.57252216
01-14 17:16:05.261  1985  2100 I EventCenter: ContentChange for slot: 1
01-14 17:16:05.263  1985  1985 I HwBrightnessUtils: APS brightness=64.0,ConvertToPercentage=0.57789296
01-14 17:16:05.264  1985  2100 I EventCenter: ContentChange for slot: 1
01-14 17:16:05.344  1985  2100 I EventCenter: ContentChange for slot: 1
01-14 17:16:05.346  1985  2100 I EventCenter: ContentChange for slot: 1
01-14 17:16:05.347  1985  1985 I HwBrightnessUtils: APS brightness=65.0,ConvertToPercentage=0.5832242
01-14 17:16:05.444  1985  2100 I EventCenter: ContentChange for slot: 1
01-14 17:16:05.446  1985  2100 I EventCenter: ContentChange for slot: 1
01-14 17:16:05.448  1985  1985 I HwBrightnessUtils: APS brightness=66.0,ConvertToPercentage=0.5885167
01-14 17:16:05.529  1985  2100 I EventCenter: ContentChange for slot: 1
01-14 17:16:05.531  1985  1985 I HwBrightnessUtils: APS brightness=67.0,ConvertToPercentage=0.5937714
01-14 17:16:05.531  1985  2100 I EventCenter: ContentChange for slot: 1
01-14 17:16:05.560  2260  2380 I HidataAppQoeP: handleStateChanged reason=7
01-14 17:16:05.569  2260  2380 I PreDnsQuery: handleStateChanged reason=7
01-14 17:16:05.571  2260  2380 I PreDnsQuery: No need to handled!
01-14 17:16:05.571  2326  2326 D Mapcon  : TelephonyTracker: onSignalStrengthsChanged:phoneId=0, level=5
01-14 17:16:05.571  2260  2380 I BrowserChrP: handleStateChanged
01-14 17:16:05.573  2326  2905 D Mapcon  : SMVoice-0-Normal: PrepareState:defaultStatehandle msg=CMD_SIGNAL_STRENGTH_CHANED_IND
01-14 17:16:05.587  1985  2063 I HwMobileSignalController(0): subId:0 phoneType:1 networktype:3 targetClass:2 masterLevel:5 slaveLevel:-1
01-14 17:16:05.603  2247  2409 I chatty  : uid=1000(system) HwWifiStatStore expire 4 lines
01-14 17:16:05.604  1299  1311 I chatty  : uid=1000(system) Binder:1299_2 expire 7 lines
01-14 17:16:05.611  1985  2100 I EventCenter: ContentChange for slot: 1
01-14 17:16:05.616  1985  1985 I HwBrightnessUtils: APS brightness=68.0,ConvertToPercentage=0.5989891
01-14 17:16:05.616  1985  2100 I EventCenter: ContentChange for slot: 1
01-14 17:16:05.641 11841 11841 I chatty  : uid=0(root) expire 1 line
01-14 17:16:05.658 11842 11842 I chatty  : uid=0(root) expire 1 line
01-14 17:16:05.699  1985  2100 I EventCenter: ContentChange for slot: 1
01-14 17:16:05.702  1985  1985 I HwBrightnessUtils: APS brightness=69.0,ConvertToPercentage=0.60417074
01-14 17:16:05.705  1985  2100 I EventCenter: ContentChange for slot: 1
01-14 17:16:05.777  1299  1308 I chatty  : uid=1000(system) HeapTaskDaemon expire 2 lines
01-14 17:16:05.794  1985  2100 I EventCenter: ContentChange for slot: 1
01-14 17:16:05.800  1985  2100 I EventCenter: ContentChange for slot: 1
01-14 17:16:05.800  2201  2392 E HSM_BG  : NormalTrafficAnalysis:alert byte = 0, so return
01-14 17:16:05.801  1985  1985 I HwBrightnessUtils: APS brightness=70.0,ConvertToPercentage=0.60931706
01-14 17:16:05.883  1985  2100 I EventCenter: ContentChange for slot: 1
01-14 17:16:05.884  1985  1985 I HwBrightnessUtils: APS brightness=71.0,ConvertToPercentage=0.6144289
01-14 17:16:05.885  1985  2100 I EventCenter: ContentChange for slot: 1
01-14 17:16:05.954  1985  2100 I EventCenter: ContentChange for slot: 1
01-14 17:16:05.956  1985  1985 I HwBrightnessUtils: APS brightness=72.0,ConvertToPercentage=0.61950684
01-14 17:16:06.043  1985  2100 I EventCenter: ContentChange for slot: 1
01-14 17:16:06.045  1985  1985 I HwBrightnessUtils: APS brightness=73.0,ConvertToPercentage=0.6245518
01-14 17:16:06.046  1985  2100 I EventCenter: ContentChange for slot: 1
01-14 17:16:06.065  1299  1306 I chatty  : uid=1000(system) FinalizerDaemon expire 7 lines
01-14 17:16:06.123  1985  2100 I EventCenter: ContentChange for slot: 1
01-14 17:16:06.124  1985  2100 I EventCenter: ContentChange for slot: 1
01-14 17:16:06.126  1985  1985 I HwBrightnessUtils: APS brightness=74.0,ConvertToPercentage=0.6295643
01-14 17:16:06.204  1985  2100 I EventCenter: ContentChange for slot: 1
01-14 17:16:06.205  1985  2100 I EventCenter: ContentChange for slot: 1
01-14 17:16:06.206  1985  1985 I HwBrightnessUtils: APS brightness=75.0,ConvertToPercentage=0.6345451
01-14 17:16:06.284  1985  2100 I EventCenter: ContentChange for slot: 1
01-14 17:16:06.286  1985  1985 I HwBrightnessUtils: APS brightness=76.0,ConvertToPercentage=0.6394948
01-14 17:16:06.286  1985  2100 I EventCenter: ContentChange for slot: 1
01-14 17:16:06.350  1985  2100 I EventCenter: ContentChange for slot: 1
01-14 17:16:06.350  1985  1985 I HwBrightnessUtils: APS brightness=77.0,ConvertToPercentage=0.644414
01-14 17:16:06.430  1985  2100 I EventCenter: ContentChange for slot: 1
