01-14 16:55:39.581  2326  2905 D Mapcon  : SMVoice-0-Normal: PrepareState:defaultStatehandle msg=CMD_SIGNAL_STRENGTH_CHANED_IND
01-14 16:55:40.121  2260  2380 I HidataAppQoeP: handleStateChanged reason=8
01-14 16:55:40.130  2260  2380 I PreDnsQuery: handleStateChanged reason=8
01-14 16:55:40.132  2260  2380 I PreDnsQuery: No need to handled!
01-14 16:55:40.132  2260  2380 I BrowserChrP: handleStateChanged
01-14 16:55:40.132  2326  2326 D Mapcon  : TelephonyTracker: onSignalStrengthsChanged:phoneId=1, level=5
01-14 16:55:40.138  2326  2916 D Mapcon  : SMVoice-5-Normal: PrepareState:defaultStatehandle msg=CMD_SIGNAL_STRENGTH_CHANED_IND
01-14 16:55:43.838  1299  1382 I chatty  : uid=1000(system) android.ui expire 16 lines
01-14 16:55:43.944  1299  1650 I chatty  : uid=1000(system) android.anim expire 2 lines
01-14 16:55:45.151  2260  2380 I HidataAppQoeP: handleStateChanged reason=8
01-14 16:55:45.163  2260  2380 I PreDnsQuery: handleStateChanged reason=8
01-14 16:55:45.165  2326  2326 D Mapcon  : TelephonyTracker: onSignalStrengthsChanged:phoneId=1, level=5
01-14 16:55:45.166  2260  2380 I PreDnsQuery: No need to handled!
01-14 16:55:45.166  2260  2380 I BrowserChrP: handleStateChanged
01-14 16:55:45.171  2326  2916 D Mapcon  : SMVoice-5-Normal: PrepareState:defaultStatehandle msg=CMD_SIGNAL_STRENGTH_CHANED_IND
01-14 16:55:45.879  2260  2380 I HidataAppQoeP: handleStateChanged reason=7
01-14 16:55:45.887  2260  2380 I PreDnsQuery: handleStateChanged reason=7
01-14 16:55:45.887  2326  2326 D Mapcon  : TelephonyTracker: onSignalStrengthsChanged:phoneId=0, level=5
01-14 16:55:45.887  2260  2380 I PreDnsQuery: No need to handled!
01-14 16:55:45.887  2260  2380 I BrowserChrP: handleStateChanged
01-14 16:55:45.888  2326  2905 D Mapcon  : SMVoice-0-Normal: PrepareState:defaultStatehandle msg=CMD_SIGNAL_STRENGTH_CHANED_IND
01-14 16:55:46.066  1299  1923 I chatty  : uid=1000(system) Binder:1299_3 expire 5 lines
01-14 16:55:46.786  1299  3742 I chatty  : uid=1000(system) Binder:1299_1F expire 2 lines
01-14 16:55:46.793  1299  1382 I chatty  : uid=1000(system) android.ui expire 1 line
01-14 16:55:46.830  1299  1650 I chatty  : uid=1000(system) android.anim expire 4 lines
01-14 16:55:46.834  1299  1382 I chatty  : uid=1000(system) android.ui expire 2 lines
01-14 16:55:46.864  1299  1650 I chatty  : uid=1000(system) android.anim expire 4 lines
01-14 16:55:46.867  1299  1382 I chatty  : uid=1000(system) android.ui expire 3 lines
01-14 16:55:49.415  9094  9376 I PermissionManager: camera remind result:true
01-14 16:55:49.415  9094  9376 I BackgroundPermManager: pkgName: com.reactnativewebrtc,pid: 9094 ,uidOf3RdApk: 10211 ,permType: 0 ,permCfg: 1
01-14 16:55:49.707  9094  9254 I BackgroundPermManager: pkgName: com.reactnativewebrtc,pid: 9094 ,uidOf3RdApk: 10211 ,permType: 0 ,permCfg: 0
01-14 16:55:49.993  1299  1659 I chatty  : uid=1000(system) UEventObserver expire 12 lines
01-14 16:55:50.270  1299  1382 I chatty  : uid=1000(system) android.ui expire 18 lines
01-14 16:55:50.272  1299  3742 I chatty  : uid=1000(system) Binder:1299_1F expire 16 lines
01-14 16:55:50.365  1299  1650 I chatty  : uid=1000(system) android.anim expire 6 lines
01-14 16:55:51.880  2260  2380 I HidataAppQoeP: handleStateChanged reason=7
01-14 16:55:51.898  2260  2380 I PreDnsQuery: handleStateChanged reason=7
01-14 16:55:51.899  2326  2326 D Mapcon  : TelephonyTracker: onSignalStrengthsChanged:phoneId=0, level=5
01-14 16:55:51.900  2260  2380 I PreDnsQuery: No need to handled!
01-14 16:55:51.900  2260  2380 I BrowserChrP: handleStateChanged
01-14 16:55:51.903  1299  1870 I chatty  : uid=1000(system) NetdConnector expire 8 lines
01-14 16:55:51.904  2326  2905 D Mapcon  : SMVoice-0-Normal: PrepareState:defaultStatehandle msg=CMD_SIGNAL_STRENGTH_CHANED_IND
01-14 16:55:54.060  1299  2054 I chatty  : uid=1000(system) watchdog expire 2 lines
01-14 16:55:57.897  2260  2380 I HidataAppQoeP: handleStateChanged reason=7
01-14 16:55:57.906  2260  2380 I PreDnsQuery: handleStateChanged reason=7
01-14 16:55:57.906  2326  2326 D Mapcon  : TelephonyTracker: onSignalStrengthsChanged:phoneId=0, level=5
01-14 16:55:57.906  2260  2380 I PreDnsQuery: No need to handled!
01-14 16:55:57.907  2260  2380 I BrowserChrP: handleStateChanged
01-14 16:55:57.909  2326  2905 D Mapcon  : SMVoice-0-Normal: PrepareState:defaultStatehandle msg=CMD_SIGNAL_STRENGTH_CHANED_IND
01-14 16:56:00.004  1299  1299 I chatty  : uid=1000 system_server expire 12 lines
01-14 16:56:03.897  2260  2380 I HidataAppQoeP: handleStateChanged reason=7
01-14 16:56:03.910  2260  2380 I PreDnsQuery: handleStateChanged reason=7
01-14 16:56:03.913  2260  2380 I PreDnsQuery: No need to handled!
01-14 16:56:03.913  2260  2380 I BrowserChrP: handleStateChanged
01-14 16:56:03.914  2326  2326 D Mapcon  : TelephonyTracker: onSignalStrengthsChanged:phoneId=0, level=5
01-14 16:56:03.916  2326  2905 D Mapcon  : SMVoice-0-Normal: PrepareState:defaultStatehandle msg=CMD_SIGNAL_STRENGTH_CHANED_IND
01-14 16:56:04.088   751   812 I storaged: storaged_t::event: storage_info refreshed.
01-14 16:56:05.222  1299  4804 I chatty  : uid=1000(system) Binder:1299_F expire 10 lines
01-14 16:56:13.415  2260  2380 I HidataAppQoeP: handleStateChanged reason=7
01-14 16:56:13.420  2260  2380 I PreDnsQuery: handleStateChanged reason=7
01-14 16:56:13.421  2326  2326 D Mapcon  : TelephonyTracker: onSignalStrengthsChanged:phoneId=0, level=5
01-14 16:56:13.421  2260  2380 I PreDnsQuery: No need to handled!
01-14 16:56:13.421  2260  2380 I BrowserChrP: handleStateChanged
01-14 16:56:13.424  2326  2905 D Mapcon  : SMVoice-0-Normal: PrepareState:defaultStatehandle msg=CMD_SIGNAL_STRENGTH_CHANED_IND
01-14 16:56:19.421  2260  2380 I HidataAppQoeP: handleStateChanged reason=7
01-14 16:56:19.428  2326  2326 D Mapcon  : TelephonyTracker: onSignalStrengthsChanged:phoneId=0, level=5
01-14 16:56:19.428  2260  2380 I PreDnsQuery: handleStateChanged reason=7
01-14 16:56:19.430  2260  2380 I PreDnsQuery: No need to handled!
01-14 16:56:19.430  2260  2380 I BrowserChrP: handleStateChanged
01-14 16:56:19.430  2326  2905 D Mapcon  : SMVoice-0-Normal: PrepareState:defaultStatehandle msg=CMD_SIGNAL_STRENGTH_CHANED_IND
01-14 16:56:25.430  2260  2380 I HidataAppQoeP: handleStateChanged reason=7
01-14 16:56:25.435  2260  2380 I PreDnsQuery: handleStateChanged reason=7
01-14 16:56:25.436  2260  2380 I PreDnsQuery: No need to handled!
01-14 16:56:25.436  2260  2380 I BrowserChrP: handleStateChanged
01-14 16:56:25.436  2326  2326 D Mapcon  : TelephonyTracker: onSignalStrengthsChanged:phoneId=0, level=5
01-14 16:56:25.442  2326  2905 D Mapcon  : SMVoice-0-Normal: PrepareState:defaultStatehandle msg=CMD_SIGNAL_STRENGTH_CHANED_IND
01-14 16:56:26.119  2326  2326 D Mapcon  : TelephonyTracker: onSignalStrengthsChanged:phoneId=1, level=5
01-14 16:56:26.127  2260  2380 I HidataAppQoeP: handleStateChanged reason=8
01-14 16:56:26.127  2326  2916 D Mapcon  : SMVoice-5-Normal: PrepareState:defaultStatehandle msg=CMD_SIGNAL_STRENGTH_CHANED_IND
01-14 16:56:26.129  2260  2380 I PreDnsQuery: handleStateChanged reason=8
01-14 16:56:26.131  2260  2380 I PreDnsQuery: No need to handled!
01-14 16:56:26.131  2260  2380 I BrowserChrP: handleStateChanged
01-14 16:56:26.132  1299  1923 I chatty  : uid=1000(system) Binder:1299_3 expire 4 lines
01-14 16:56:30.346  9094  9482 I PermissionManager: camera remind result:true
01-14 16:56:30.346  9094  9482 I BackgroundPermManager: pkgName: com.reactnativewebrtc,pid: 9094 ,uidOf3RdApk: 10211 ,permType: 0 ,permCfg: 1
01-14 16:56:30.444  1299  1382 I chatty  : uid=1000(system) android.ui expire 1 line
01-14 16:56:30.668  9094  9376 I BackgroundPermManager: pkgName: com.reactnativewebrtc,pid: 9094 ,uidOf3RdApk: 10211 ,permType: 0 ,permCfg: 0
01-14 16:56:31.429  2260  2380 I HidataAppQoeP: handleStateChanged reason=7
01-14 16:56:31.431  2326  2326 D Mapcon  : TelephonyTracker: onSignalStrengthsChanged:phoneId=0, level=5
01-14 16:56:31.432  2260  2380 I PreDnsQuery: handleStateChanged reason=7
01-14 16:56:31.433  2260  2380 I PreDnsQuery: No need to handled!
01-14 16:56:31.433  2260  2380 I BrowserChrP: handleStateChanged
01-14 16:56:31.433  2326  2905 D Mapcon  : SMVoice-0-Normal: PrepareState:defaultStatehandle msg=CMD_SIGNAL_STRENGTH_CHANED_IND
01-14 16:56:32.116  2260  2380 I HidataAppQoeP: handleStateChanged reason=8
01-14 16:56:32.126  2260  2380 I PreDnsQuery: handleStateChanged reason=8
01-14 16:56:32.127  2260  2380 I PreDnsQuery: No need to handled!
01-14 16:56:32.127  2260  2380 I BrowserChrP: handleStateChanged
01-14 16:56:32.128  2326  2326 D Mapcon  : TelephonyTracker: onSignalStrengthsChanged:phoneId=1, level=5
01-14 16:56:32.131  2326  2916 D Mapcon  : SMVoice-5-Normal: PrepareState:defaultStatehandle msg=CMD_SIGNAL_STRENGTH_CHANED_IND
01-14 16:56:38.123  2260  2380 I HidataAppQoeP: handleStateChanged reason=8
01-14 16:56:38.127  2260  2380 I PreDnsQuery: handleStateChanged reason=8
01-14 16:56:38.133  2260  2380 I PreDnsQuery: No need to handled!
01-14 16:56:38.133  2260  2380 I BrowserChrP: handleStateChanged
01-14 16:56:38.133  2326  2326 D Mapcon  : TelephonyTracker: onSignalStrengthsChanged:phoneId=1, level=5
01-14 16:56:38.134  2326  2916 D Mapcon  : SMVoice-5-Normal: PrepareState:defaultStatehandle msg=CMD_SIGNAL_STRENGTH_CHANED_IND
01-14 16:56:38.134  1299  4804 I chatty  : uid=1000(system) Binder:1299_F expire 1 line
01-14 16:56:43.315  1299  1299 I chatty  : uid=1000 system_server expire 4 lines
01-14 16:56:43.327  1299  2279 I chatty  : uid=1000(system) Binder:1299_7 expire 1 line
01-14 16:56:43.388  1299  4804 I chatty  : uid=1000(system) Binder:1299_F expire 2 lines
01-14 16:56:43.389  1299  1299 I chatty  : uid=1000 system_server expire 2 lines
01-14 16:56:43.736  1299  2083 I chatty  : uid=1000(system) Binder:1299_5 expire 4 lines
01-14 16:56:44.131  2260  2380 I HidataAppQoeP: handleStateChanged reason=8
01-14 16:56:44.136  2260  2380 I PreDnsQuery: handleStateChanged reason=8
01-14 16:56:44.136  2260  2380 I PreDnsQuery: No need to handled!
01-14 16:56:44.136  2260  2380 I BrowserChrP: handleStateChanged
01-14 16:56:44.138  2326  2326 D Mapcon  : TelephonyTracker: onSignalStrengthsChanged:phoneId=1, level=5
01-14 16:56:44.143  2326  2916 D Mapcon  : SMVoice-5-Normal: PrepareState:defaultStatehandle msg=CMD_SIGNAL_STRENGTH_CHANED_IND
01-14 16:56:51.439  1299  1659 I chatty  : uid=1000(system) UEventObserver expire 6 lines
01-14 16:56:54.064  1299  2054 I chatty  : uid=1000(system) watchdog expire 1 line
01-14 16:56:59.160  1299  1877 I chatty  : uid=1000(system) WifiStateMachin expire 1 line
01-14 16:57:00.005  1299  1299 I chatty  : uid=1000 system_server expire 2 lines
01-14 16:57:00.140  1299  2279 I chatty  : uid=1000(system) Binder:1299_7 expire 3 lines
01-14 16:57:03.321  2326  2326 D Mapcon  : TelephonyTracker: onSignalStrengthsChanged:phoneId=0, level=5
01-14 16:57:03.325  2326  2905 D Mapcon  : SMVoice-0-Normal: PrepareState:defaultStatehandle msg=CMD_SIGNAL_STRENGTH_CHANED_IND
01-14 16:57:03.326  2260  2380 I HidataAppQoeP: handleStateChanged reason=7
01-14 16:57:03.328  2260  2380 I PreDnsQuery: handleStateChanged reason=7
01-14 16:57:03.328  2260  2380 I PreDnsQuery: No need to handled!
01-14 16:57:03.328  2260  2380 I BrowserChrP: handleStateChanged
01-14 16:57:03.334  1299  1870 I chatty  : uid=1000(system) NetdConnector expire 2 lines
01-14 16:57:04.089   751   812 I storaged: storaged_t::event: storage_info refreshed.
01-14 16:57:09.322  2260  2380 I HidataAppQoeP: handleStateChanged reason=7
01-14 16:57:09.328  2326  2326 D Mapcon  : TelephonyTracker: onSignalStrengthsChanged:phoneId=0, level=5
01-14 16:57:09.330  2260  2380 I PreDnsQuery: handleStateChanged reason=7
01-14 16:57:09.332  2260  2380 I PreDnsQuery: No need to handled!
01-14 16:57:09.332  2260  2380 I BrowserChrP: handleStateChanged
01-14 16:57:09.334  2326  2905 D Mapcon  : SMVoice-0-Normal: PrepareState:defaultStatehandle msg=CMD_SIGNAL_STRENGTH_CHANED_IND
01-14 16:57:13.740  1299  1299 I chatty  : uid=1000 system_server expire 8 lines
01-14 16:57:15.322  2260  2380 I HidataAppQoeP: handleStateChanged reason=7
01-14 16:57:15.327  2260  2380 I PreDnsQuery: handleStateChanged reason=7
01-14 16:57:15.328  2260  2380 I PreDnsQuery: No need to handled!
01-14 16:57:15.328  2260  2380 I BrowserChrP: handleStateChanged
01-14 16:57:15.329  2326  2326 D Mapcon  : TelephonyTracker: onSignalStrengthsChanged:phoneId=0, level=5
01-14 16:57:15.331  2326  2905 D Mapcon  : SMVoice-0-Normal: PrepareState:defaultStatehandle msg=CMD_SIGNAL_STRENGTH_CHANED_IND
01-14 16:57:22.150  1299  1659 I chatty  : uid=1000(system) UEventObserver expire 7 lines
01-14 16:57:24.065  1299  2054 I chatty  : uid=1000(system) watchdog expire 1 line
01-14 16:57:52.870  1299  1659 I chatty  : uid=1000(system) UEventObserver expire 5 lines
01-14 16:57:54.067  1299  2054 I chatty  : uid=1000(system) watchdog expire 1 line
01-14 16:57:55.808  2326  2326 D Mapcon  : TelephonyTracker: onSignalStrengthsChanged:phoneId=0, level=5
01-14 16:57:55.810  2326  2905 D Mapcon  : SMVoice-0-Normal: PrepareState:defaultStatehandle msg=CMD_SIGNAL_STRENGTH_CHANED_IND
01-14 16:57:55.812  2260  2380 I HidataAppQoeP: handleStateChanged reason=7
01-14 16:57:55.814  2260  2380 I PreDnsQuery: handleStateChanged reason=7
01-14 16:57:55.817  2260  2380 I PreDnsQuery: No need to handled!
01-14 16:57:55.817  2260  2380 I BrowserChrP: handleStateChanged
01-14 16:57:59.190  1299  1353 I chatty  : uid=1000(system) android.bg expire 1 line
01-14 16:57:59.241  1299  1870 I chatty  : uid=1000(system) NetdConnector expire 2 lines
01-14 16:57:59.267  1299  1299 I chatty  : uid=1000 system_server expire 9 lines
01-14 16:57:59.331  1299  1960 I chatty  : uid=1000(system) SyncManager expire 7 lines
01-14 16:57:59.345  1299  1386 I chatty  : uid=1000(system) ActivityManager expire 3 lines
01-14 16:57:59.345  1299  2188 I chatty  : uid=1000(system) MultiTaskManage expire 3 lines
01-14 16:57:59.357  1299  1353 I chatty  : uid=1000(system) android.bg expire 2 lines
01-14 16:57:59.367  1299  1870 I chatty  : uid=1000(system) NetdConnector expire 4 lines
01-14 16:57:59.371  1299  1299 I chatty  : uid=1000 system_server expire 37 lines
01-14 16:57:59.400  9585  9585 D ActivityThread: Attach thread to application
01-14 16:57:59.423  9599  9599 D ActivityThread: Attach thread to application
01-14 16:57:59.570  1299  2083 I chatty  : uid=1000(system) Binder:1299_5 expire 2 lines
01-14 16:57:59.575  9599  9599 D ActivityThread: Loading provider com.google.android.gm.sapi: com.google.android.gm.sapi.SapiUiProvider
01-14 16:57:59.586  1299  4804 I chatty  : uid=1000(system) Binder:1299_F expire 16 lines
01-14 16:57:59.587  1299  2279 I chatty  : uid=1000(system) Binder:1299_7 expire 16 lines
01-14 16:57:59.599  1299  1379 I chatty  : uid=1000(system) ActivityManager expire 2 lines
01-14 16:57:59.743  9644  9644 D ActivityThread: Attach thread to application
01-14 16:57:59.803  1299  3742 I chatty  : uid=1000(system) Binder:1299_1F expire 7 lines
01-14 16:57:59.968  1299 22539 I chatty  : uid=1000(system) Binder:1299_12 expire 2 lines
01-14 16:58:00.001  1299  1310 I chatty  : uid=1000(system) Binder:1299_1 expire 8 lines
01-14 16:58:01.788  1299  2668 I chatty  : uid=1000(system) Binder:1299_1A expire 7 lines
01-14 16:58:01.792  2260  1288 I BoosterSwitchP: notifyUidState do nothing
01-14 16:58:01.792  2260  1288 I BrowserChrP: notifyUidState
01-14 16:58:01.801  2260  2380 I HidataAppQoeP: handleStateChanged reason=7
01-14 16:58:01.808  2260  2380 I PreDnsQuery: handleStateChanged reason=7
01-14 16:58:01.810  2326  2326 D Mapcon  : TelephonyTracker: onSignalStrengthsChanged:phoneId=0, level=5
01-14 16:58:01.810  2260  2380 I PreDnsQuery: No need to handled!
01-14 16:58:01.810  2260  2380 I BrowserChrP: handleStateChanged
01-14 16:58:01.812  2326  2905 D Mapcon  : SMVoice-0-Normal: PrepareState:defaultStatehandle msg=CMD_SIGNAL_STRENGTH_CHANED_IND
01-14 16:58:02.292  1299  1896 I chatty  : uid=1000(system) Thread-19 expire 1 line
01-14 16:58:04.090   751   812 I storaged: storaged_t::event: storage_info refreshed.
01-14 16:58:07.811  2260  2380 I HidataAppQoeP: handleStateChanged reason=7
01-14 16:58:07.817  2260  2380 I PreDnsQuery: handleStateChanged reason=7
01-14 16:58:07.817  2326  2326 D Mapcon  : TelephonyTracker: onSignalStrengthsChanged:phoneId=0, level=5
01-14 16:58:07.818  2260  2380 I PreDnsQuery: No need to handled!
01-14 16:58:07.818  2260  2380 I BrowserChrP: handleStateChanged
01-14 16:58:07.820  2326  2905 D Mapcon  : SMVoice-0-Normal: PrepareState:defaultStatehandle msg=CMD_SIGNAL_STRENGTH_CHANED_IND
01-14 16:58:09.528  1299  1874 I chatty  : uid=1000(system) NetworkPolicy expire 2 lines
01-14 16:58:13.821  2260  2380 I HidataAppQoeP: handleStateChanged reason=7
01-14 16:58:13.827  2260  2380 I PreDnsQuery: handleStateChanged reason=7
01-14 16:58:13.829  2260  2380 I PreDnsQuery: No need to handled!
01-14 16:58:13.829  2260  2380 I BrowserChrP: handleStateChanged
01-14 16:58:13.829  2326  2326 D Mapcon  : TelephonyTracker: onSignalStrengthsChanged:phoneId=0, level=5
01-14 16:58:13.832  2326  2905 D Mapcon  : SMVoice-0-Normal: PrepareState:defaultStatehandle msg=CMD_SIGNAL_STRENGTH_CHANED_IND
01-14 16:58:16.278  2326  2326 D Mapcon  : TelephonyTracker: onSignalStrengthsChanged:phoneId=0, level=5
01-14 16:58:16.288  2326  2905 D Mapcon  : SMVoice-0-Normal: PrepareState:defaultStatehandle msg=CMD_SIGNAL_STRENGTH_CHANED_IND
01-14 16:58:16.293  2260  2380 I HidataAppQoeP: handleStateChanged reason=7
01-14 16:58:16.296  2260  2380 I PreDnsQuery: handleStateChanged reason=7
01-14 16:58:16.297  2260  2380 I PreDnsQuery: No need to handled!
01-14 16:58:16.297  2260  2380 I BrowserChrP: handleStateChanged
01-14 16:58:17.954  1299  1382 I chatty  : uid=1000(system) android.ui expire 12 lines
01-14 16:58:17.955  1299  4804 I chatty  : uid=1000(system) Binder:1299_F expire 9 lines
01-14 16:58:18.083  1299  1650 I chatty  : uid=1000(system) android.anim expire 8 lines
01-14 16:58:19.634  1299  4804 I chatty  : uid=1000(system) Binder:1299_F expire 9 lines
01-14 16:58:19.637  1299  1382 I chatty  : uid=1000(system) android.ui expire 15 lines
01-14 16:58:22.287  2260  2380 I HidataAppQoeP: handleStateChanged reason=7
01-14 16:58:22.303  2260  2380 I PreDnsQuery: handleStateChanged reason=7
01-14 16:58:22.304  2326  2326 D Mapcon  : TelephonyTracker: onSignalStrengthsChanged:phoneId=0, level=5
01-14 16:58:22.306  2260  2380 I PreDnsQuery: No need to handled!
01-14 16:58:22.306  2260  2380 I BrowserChrP: handleStateChanged
01-14 16:58:22.308  2326  2905 D Mapcon  : SMVoice-0-Normal: PrepareState:defaultStatehandle msg=CMD_SIGNAL_STRENGTH_CHANED_IND
01-14 16:58:23.604  1299  1659 I chatty  : uid=1000(system) UEventObserver expire 12 lines
01-14 16:58:24.070  1299  2054 I chatty  : uid=1000(system) watchdog expire 10 lines
01-14 16:58:27.237  1299  1877 I chatty  : uid=1000(system) WifiStateMachin expire 3 lines
01-14 16:58:28.285  2260  2380 I HidataAppQoeP: handleStateChanged reason=7
01-14 16:58:28.293  2260  2380 I PreDnsQuery: handleStateChanged reason=7
01-14 16:58:28.294  2260  2380 I PreDnsQuery: No need to handled!
01-14 16:58:28.294  2260  2380 I BrowserChrP: handleStateChanged
01-14 16:58:28.295  2326  2326 D Mapcon  : TelephonyTracker: onSignalStrengthsChanged:phoneId=0, level=5
01-14 16:58:28.299  2326  2905 D Mapcon  : SMVoice-0-Normal: PrepareState:defaultStatehandle msg=CMD_SIGNAL_STRENGTH_CHANED_IND
01-14 16:58:46.128  1299  4805 I chatty  : uid=1000(system) Binder:1299_10 expire 10 lines
01-14 16:58:46.136  1299  2668 I chatty  : uid=1000(system) Binder:1299_1A expire 1 line
01-14 16:58:46.138  1299  2083 I chatty  : uid=1000(system) Binder:1299_5 expire 11 lines
01-14 16:58:46.146  2260 30468 I BoosterSwitchP: notifyUidState do nothing
01-14 16:58:46.147  2260 30468 I BrowserChrP: notifyUidState
01-14 16:58:46.147  2260 30468 I BoosterSwitchP: notifyUidState do nothing
01-14 16:58:46.147  2260 30468 I BrowserChrP: notifyUidState
01-14 16:58:46.160  1299  1923 I chatty  : uid=1000(system) Binder:1299_3 expire 7 lines
01-14 16:58:46.640  1299  1896 I chatty  : uid=1000(system) Thread-19 expire 2 lines
01-14 16:58:48.087  1299  1353 I chatty  : uid=1000(system) android.bg expire 1 line
01-14 16:58:48.136  1299  1870 I chatty  : uid=1000(system) NetdConnector expire 10 lines
01-14 16:58:48.138  1299  1874 I chatty  : uid=1000(system) NetworkPolicy expire 1 line
01-14 16:58:48.140  1299  1299 I chatty  : uid=1000 system_server expire 14 lines
01-14 16:59:04.090   751   812 I storaged: storaged_t::event: storage_info refreshed.
01-14 16:59:19.527  1299  1659 I chatty  : uid=1000(system) UEventObserver expire 12 lines
01-14 16:59:25.265  9094  9872 I PermissionManager: camera remind result:true
01-14 16:59:25.266  9094  9872 I BackgroundPermManager: pkgName: com.reactnativewebrtc,pid: 9094 ,uidOf3RdApk: 10211 ,permType: 0 ,permCfg: 1
01-14 16:59:25.547  9094  9482 I BackgroundPermManager: pkgName: com.reactnativewebrtc,pid: 9094 ,uidOf3RdApk: 10211 ,permType: 0 ,permCfg: 0
01-14 16:59:27.962  2260  2380 I HidataAppQoeP: handleStateChanged reason=7
01-14 16:59:27.971  2260  2380 I PreDnsQuery: handleStateChanged reason=7
01-14 16:59:27.974  2260  2380 I PreDnsQuery: No need to handled!
01-14 16:59:27.974  2260  2380 I BrowserChrP: handleStateChanged
01-14 16:59:27.975  2326  2326 D Mapcon  : TelephonyTracker: onSignalStrengthsChanged:phoneId=0, level=5
01-14 16:59:27.978  2326  2905 D Mapcon  : SMVoice-0-Normal: PrepareState:defaultStatehandle msg=CMD_SIGNAL_STRENGTH_CHANED_IND
01-14 16:59:29.215   586   650 W SocketListener: sending broadcast to Pid = 1299, Uid = 1000 
01-14 16:59:29.219  1299  1426 I chatty  : uid=1000(system) android.fg expire 2 lines
01-14 16:59:29.224  1299  1873 I chatty  : uid=1000(system) NetworkStats expire 5 lines
01-14 16:59:33.963  2326  2326 D Mapcon  : TelephonyTracker: onSignalStrengthsChanged:phoneId=0, level=5
01-14 16:59:33.965  2260  2380 I HidataAppQoeP: handleStateChanged reason=7
01-14 16:59:33.976  2260  2380 I PreDnsQuery: handleStateChanged reason=7
01-14 16:59:33.976  2326  2905 D Mapcon  : SMVoice-0-Normal: PrepareState:defaultStatehandle msg=CMD_SIGNAL_STRENGTH_CHANED_IND
01-14 16:59:33.977  2260  2380 I PreDnsQuery: No need to handled!
01-14 16:59:33.977  2260  2380 I BrowserChrP: handleStateChanged
01-14 16:59:39.972  2260  2380 I HidataAppQoeP: handleStateChanged reason=7
01-14 16:59:39.984  2260  2380 I PreDnsQuery: handleStateChanged reason=7
01-14 16:59:39.985  2326  2326 D Mapcon  : TelephonyTracker: onSignalStrengthsChanged:phoneId=0, level=5
01-14 16:59:39.986  2260  2380 I PreDnsQuery: No need to handled!
01-14 16:59:39.986  2260  2380 I BrowserChrP: handleStateChanged
01-14 16:59:39.988  2326  2905 D Mapcon  : SMVoice-0-Normal: PrepareState:defaultStatehandle msg=CMD_SIGNAL_STRENGTH_CHANED_IND
01-14 16:59:45.987  2260  2380 I HidataAppQoeP: handleStateChanged reason=7
01-14 16:59:45.996  2260  2380 I PreDnsQuery: handleStateChanged reason=7
01-14 16:59:45.997  2260  2380 I PreDnsQuery: No need to handled!
01-14 16:59:45.997  2260  2380 I BrowserChrP: handleStateChanged
01-14 16:59:45.998  2326  2326 D Mapcon  : TelephonyTracker: onSignalStrengthsChanged:phoneId=0, level=5
01-14 16:59:46.001  2326  2905 D Mapcon  : SMVoice-0-Normal: PrepareState:defaultStatehandle msg=CMD_SIGNAL_STRENGTH_CHANED_IND
01-14 16:59:50.928  2326  2326 D Mapcon  : TelephonyTracker: onSignalStrengthsChanged:phoneId=1, level=5
01-14 16:59:50.936  2260  2380 I HidataAppQoeP: handleStateChanged reason=8
01-14 16:59:50.940  2326  2916 D Mapcon  : SMVoice-5-Normal: PrepareState:defaultStatehandle msg=CMD_SIGNAL_STRENGTH_CHANED_IND
01-14 16:59:50.942  2260  2380 I PreDnsQuery: handleStateChanged reason=8
01-14 16:59:50.943  2260  2380 I PreDnsQuery: No need to handled!
01-14 16:59:50.944  2260  2380 I BrowserChrP: handleStateChanged
01-14 16:59:51.663  1299  1659 I chatty  : uid=1000(system) UEventObserver expire 18 lines
01-14 16:59:52.925  2260  2380 I HidataAppQoeP: handleStateChanged reason=7
01-14 16:59:52.933  2260  2380 I PreDnsQuery: handleStateChanged reason=7
01-14 16:59:52.934  2326  2326 D Mapcon  : TelephonyTracker: onSignalStrengthsChanged:phoneId=0, level=5
01-14 16:59:52.935  2260  2380 I PreDnsQuery: No need to handled!
01-14 16:59:52.935  2260  2380 I BrowserChrP: handleStateChanged
01-14 16:59:52.937  2326  2905 D Mapcon  : SMVoice-0-Normal: PrepareState:defaultStatehandle msg=CMD_SIGNAL_STRENGTH_CHANED_IND
01-14 16:59:56.923  2260  2380 I HidataAppQoeP: handleStateChanged reason=8
01-14 16:59:56.923  2326  2326 D Mapcon  : TelephonyTracker: onSignalStrengthsChanged:phoneId=1, level=5
01-14 16:59:56.937  2260  2380 I PreDnsQuery: handleStateChanged reason=8
01-14 16:59:56.943  2260  2380 I PreDnsQuery: No need to handled!
01-14 16:59:56.943  2260  2380 I BrowserChrP: handleStateChanged
01-14 16:59:56.944  2326  2916 D Mapcon  : SMVoice-5-Normal: PrepareState:defaultStatehandle msg=CMD_SIGNAL_STRENGTH_CHANED_IND
01-14 16:59:58.924  2260  2380 I HidataAppQoeP: handleStateChanged reason=7
01-14 16:59:58.932  2326  2326 D Mapcon  : TelephonyTracker: onSignalStrengthsChanged:phoneId=0, level=5
01-14 16:59:58.935  2260  2380 I PreDnsQuery: handleStateChanged reason=7
01-14 16:59:58.937  2260  2380 I PreDnsQuery: No need to handled!
01-14 16:59:58.937  2260  2380 I BrowserChrP: handleStateChanged
01-14 16:59:58.941  2326  2905 D Mapcon  : SMVoice-0-Normal: PrepareState:defaultStatehandle msg=CMD_SIGNAL_STRENGTH_CHANED_IND
01-14 17:00:02.931  2260  2380 I HidataAppQoeP: handleStateChanged reason=8
01-14 17:00:02.957  2260  2380 I PreDnsQuery: handleStateChanged reason=8
01-14 17:00:02.959  2260  2380 I PreDnsQuery: No need to handled!
01-14 17:00:02.960  2260  2380 I BrowserChrP: handleStateChanged
01-14 17:00:02.960  2326  2326 D Mapcon  : TelephonyTracker: onSignalStrengthsChanged:phoneId=1, level=5
01-14 17:00:02.961  2326  2916 D Mapcon  : SMVoice-5-Normal: PrepareState:defaultStatehandle msg=CMD_SIGNAL_STRENGTH_CHANED_IND
01-14 17:00:04.092   751   812 I storaged: storaged_t::event: storage_info refreshed.
01-14 17:00:04.925  2260  2380 I HidataAppQoeP: handleStateChanged reason=7
01-14 17:00:04.935  2260  2380 I PreDnsQuery: handleStateChanged reason=7
01-14 17:00:04.936  2326  2326 D Mapcon  : TelephonyTracker: onSignalStrengthsChanged:phoneId=0, level=5
01-14 17:00:04.936  2260  2380 I PreDnsQuery: No need to handled!
01-14 17:00:04.937  2260  2380 I BrowserChrP: handleStateChanged
01-14 17:00:04.939  2326  2905 D Mapcon  : SMVoice-0-Normal: PrepareState:defaultStatehandle msg=CMD_SIGNAL_STRENGTH_CHANED_IND
01-14 17:00:08.928  2260  2380 I HidataAppQoeP: handleStateChanged reason=8
01-14 17:00:08.936  2260  2380 I PreDnsQuery: handleStateChanged reason=8
01-14 17:00:08.940  2260  2380 I PreDnsQuery: No need to handled!
01-14 17:00:08.940  2260  2380 I BrowserChrP: handleStateChanged
01-14 17:00:08.944  1299  1870 I chatty  : uid=1000(system) NetdConnector expire 10 lines
01-14 17:00:08.944  2326  2326 D Mapcon  : TelephonyTracker: onSignalStrengthsChanged:phoneId=1, level=5
01-14 17:00:08.946  2326  2916 D Mapcon  : SMVoice-5-Normal: PrepareState:defaultStatehandle msg=CMD_SIGNAL_STRENGTH_CHANED_IND
01-14 17:00:21.647  2260  2380 I HidataAppQoeP: handleStateChanged reason=8
01-14 17:00:21.655  2260  2380 I PreDnsQuery: handleStateChanged reason=8
01-14 17:00:21.658  2326  2326 D Mapcon  : TelephonyTracker: onSignalStrengthsChanged:phoneId=1, level=5
01-14 17:00:21.660  2260  2380 I PreDnsQuery: No need to handled!
01-14 17:00:21.660  2260  2380 I BrowserChrP: handleStateChanged
01-14 17:00:21.661  1299  2083 I chatty  : uid=1000(system) Binder:1299_5 expire 10 lines
01-14 17:00:21.664  2326  2916 D Mapcon  : SMVoice-5-Normal: PrepareState:defaultStatehandle msg=CMD_SIGNAL_STRENGTH_CHANED_IND
01-14 17:00:58.845  2326  2326 D Mapcon  : TelephonyTracker: onSignalStrengthsChanged:phoneId=0, level=5
01-14 17:00:58.848  2326  2905 D Mapcon  : SMVoice-0-Normal: PrepareState:defaultStatehandle msg=CMD_SIGNAL_STRENGTH_CHANED_IND
01-14 17:00:58.849  2260  2380 I HidataAppQoeP: handleStateChanged reason=7
01-14 17:00:58.852  2260  2380 I PreDnsQuery: handleStateChanged reason=7
01-14 17:00:58.853  2260  2380 I PreDnsQuery: No need to handled!
01-14 17:00:58.853  2260  2380 I BrowserChrP: handleStateChanged
01-14 17:01:04.092   751   812 I storaged: storaged_t::event: storage_info refreshed.
01-14 17:01:04.846  2260  2380 I HidataAppQoeP: handleStateChanged reason=7
01-14 17:01:04.856  2326  2326 D Mapcon  : TelephonyTracker: onSignalStrengthsChanged:phoneId=0, level=5
01-14 17:01:04.856  2260  2380 I PreDnsQuery: handleStateChanged reason=7
01-14 17:01:04.856  2260  2380 I PreDnsQuery: No need to handled!
01-14 17:01:04.857  2260  2380 I BrowserChrP: handleStateChanged
01-14 17:01:04.858  2326  2905 D Mapcon  : SMVoice-0-Normal: PrepareState:defaultStatehandle msg=CMD_SIGNAL_STRENGTH_CHANED_IND
01-14 17:01:10.849  2260  2380 I HidataAppQoeP: handleStateChanged reason=7
01-14 17:01:10.856  2260  2380 I PreDnsQuery: handleStateChanged reason=7
01-14 17:01:10.858  2260  2380 I PreDnsQuery: No need to handled!
01-14 17:01:10.858  2260  2380 I BrowserChrP: handleStateChanged
01-14 17:01:10.860  2326  2326 D Mapcon  : TelephonyTracker: onSignalStrengthsChanged:phoneId=0, level=5
01-14 17:01:10.862  2326  2905 D Mapcon  : SMVoice-0-Normal: PrepareState:defaultStatehandle msg=CMD_SIGNAL_STRENGTH_CHANED_IND
01-14 17:01:16.858  2260  2380 I HidataAppQoeP: handleStateChanged reason=7
01-14 17:01:16.867  2326  2326 D Mapcon  : TelephonyTracker: onSignalStrengthsChanged:phoneId=0, level=5
01-14 17:01:16.867  2260  2380 I PreDnsQuery: handleStateChanged reason=7
01-14 17:01:16.868  2260  2380 I PreDnsQuery: No need to handled!
01-14 17:01:16.868  2260  2380 I BrowserChrP: handleStateChanged
01-14 17:01:16.869  2326  2905 D Mapcon  : SMVoice-0-Normal: PrepareState:defaultStatehandle msg=CMD_SIGNAL_STRENGTH_CHANED_IND
01-14 17:01:23.824  1299  1659 I chatty  : uid=1000(system) UEventObserver expire 12 lines
01-14 17:01:34.684  2326  2326 D Mapcon  : TelephonyTracker: onSignalStrengthsChanged:phoneId=0, level=5
01-14 17:01:34.686  2326  2905 D Mapcon  : SMVoice-0-Normal: PrepareState:defaultStatehandle msg=CMD_SIGNAL_STRENGTH_CHANED_IND
01-14 17:01:34.687  2260  2380 I HidataAppQoeP: handleStateChanged reason=7
01-14 17:01:34.689  2260  2380 I PreDnsQuery: handleStateChanged reason=7
01-14 17:01:34.690  2260  2380 I PreDnsQuery: No need to handled!
01-14 17:01:34.690  2260  2380 I BrowserChrP: handleStateChanged
01-14 17:01:35.874  2260  2380 I HidataAppQoeP: handleStateChanged reason=8
01-14 17:01:35.878  2326  2326 D Mapcon  : TelephonyTracker: onSignalStrengthsChanged:phoneId=1, level=5
01-14 17:01:35.883  2260  2380 I PreDnsQuery: handleStateChanged reason=8
01-14 17:01:35.885  2260  2380 I PreDnsQuery: No need to handled!
01-14 17:01:35.885  2260  2380 I BrowserChrP: handleStateChanged
01-14 17:01:35.887  2326  2916 D Mapcon  : SMVoice-5-Normal: PrepareState:defaultStatehandle msg=CMD_SIGNAL_STRENGTH_CHANED_IND
01-14 17:01:40.684  2260  2380 I HidataAppQoeP: handleStateChanged reason=7
01-14 17:01:40.692  2260  2380 I PreDnsQuery: handleStateChanged reason=7
01-14 17:01:40.694  2260  2380 I PreDnsQuery: No need to handled!
01-14 17:01:40.694  2260  2380 I BrowserChrP: handleStateChanged
01-14 17:01:40.696  2326  2326 D Mapcon  : TelephonyTracker: onSignalStrengthsChanged:phoneId=0, level=5
01-14 17:01:40.700  2326  2905 D Mapcon  : SMVoice-0-Normal: PrepareState:defaultStatehandle msg=CMD_SIGNAL_STRENGTH_CHANED_IND
01-14 17:01:41.876  2260  2380 I HidataAppQoeP: handleStateChanged reason=8
01-14 17:01:41.884  2260  2380 I PreDnsQuery: handleStateChanged reason=8
01-14 17:01:41.885  2260  2380 I PreDnsQuery: No need to handled!
01-14 17:01:41.885  2260  2380 I BrowserChrP: handleStateChanged
01-14 17:01:41.885  2326  2326 D Mapcon  : TelephonyTracker: onSignalStrengthsChanged:phoneId=1, level=5
01-14 17:01:41.887  2326  2916 D Mapcon  : SMVoice-5-Normal: PrepareState:defaultStatehandle msg=CMD_SIGNAL_STRENGTH_CHANED_IND
01-14 17:01:46.698  2326  2326 D Mapcon  : TelephonyTracker: onSignalStrengthsChanged:phoneId=0, level=5
01-14 17:01:46.700  2326  2905 D Mapcon  : SMVoice-0-Normal: PrepareState:defaultStatehandle msg=CMD_SIGNAL_STRENGTH_CHANED_IND
01-14 17:01:46.701  2260  2380 I HidataAppQoeP: handleStateChanged reason=7
01-14 17:01:46.703  2260  2380 I PreDnsQuery: handleStateChanged reason=7
01-14 17:01:46.704  2260  2380 I PreDnsQuery: No need to handled!
01-14 17:01:46.704  2260  2380 I BrowserChrP: handleStateChanged
01-14 17:01:47.882  2260  2380 I HidataAppQoeP: handleStateChanged reason=8
01-14 17:01:47.889  2260  2380 I PreDnsQuery: handleStateChanged reason=8
01-14 17:01:47.890  2326  2326 D Mapcon  : TelephonyTracker: onSignalStrengthsChanged:phoneId=1, level=5
01-14 17:01:47.891  2260  2380 I PreDnsQuery: No need to handled!
01-14 17:01:47.891  2260  2380 I BrowserChrP: handleStateChanged
01-14 17:01:47.893  2326  2916 D Mapcon  : SMVoice-5-Normal: PrepareState:defaultStatehandle msg=CMD_SIGNAL_STRENGTH_CHANED_IND
01-14 17:01:53.893  2260  2380 I HidataAppQoeP: handleStateChanged reason=8
01-14 17:01:53.899  2260  2380 I PreDnsQuery: handleStateChanged reason=8
01-14 17:01:53.900  2326  2326 D Mapcon  : TelephonyTracker: onSignalStrengthsChanged:phoneId=1, level=5
01-14 17:01:53.901  2260  2380 I PreDnsQuery: No need to handled!
01-14 17:01:53.902  2260  2380 I BrowserChrP: handleStateChanged
01-14 17:01:53.904  2326  2916 D Mapcon  : SMVoice-5-Normal: PrepareState:defaultStatehandle msg=CMD_SIGNAL_STRENGTH_CHANED_IND
01-14 17:01:53.905  1299  1870 I chatty  : uid=1000(system) NetdConnector expire 4 lines
01-14 17:01:59.898  2260  2380 I HidataAppQoeP: handleStateChanged reason=8
01-14 17:01:59.903  2260  2380 I PreDnsQuery: handleStateChanged reason=8
01-14 17:01:59.904  2326  2326 D Mapcon  : TelephonyTracker: onSignalStrengthsChanged:phoneId=1, level=5
01-14 17:01:59.904  2260  2380 I PreDnsQuery: No need to handled!
01-14 17:01:59.904  2260  2380 I BrowserChrP: handleStateChanged
01-14 17:01:59.908  2326  2916 D Mapcon  : SMVoice-5-Normal: PrepareState:defaultStatehandle msg=CMD_SIGNAL_STRENGTH_CHANED_IND
01-14 17:02:00.003  1299  1299 I chatty  : uid=1000 system_server expire 7 lines
01-14 17:02:04.093   751   812 I storaged: storaged_t::event: storage_info refreshed.
01-14 17:02:21.964  2260  2380 I HidataAppQoeP: handleStateChanged reason=8
01-14 17:02:21.976  2260  2380 I PreDnsQuery: handleStateChanged reason=8
01-14 17:02:21.978  2326  2326 D Mapcon  : TelephonyTracker: onSignalStrengthsChanged:phoneId=1, level=5
01-14 17:02:21.978  2260  2380 I PreDnsQuery: No need to handled!
01-14 17:02:21.978  2260  2380 I BrowserChrP: handleStateChanged
01-14 17:02:21.983  2326  2916 D Mapcon  : SMVoice-5-Normal: PrepareState:defaultStatehandle msg=CMD_SIGNAL_STRENGTH_CHANED_IND
01-14 17:02:22.035  2260  2380 I HidataAppQoeP: handleStateChanged reason=7
01-14 17:02:22.039  2326  2326 D Mapcon  : TelephonyTracker: onSignalStrengthsChanged:phoneId=0, level=5
01-14 17:02:22.040  2260  2380 I PreDnsQuery: handleStateChanged reason=7
01-14 17:02:22.041  2260  2380 I PreDnsQuery: No need to handled!
01-14 17:02:22.041  2260  2380 I BrowserChrP: handleStateChanged
01-14 17:02:22.041  2326  2905 D Mapcon  : SMVoice-0-Normal: PrepareState:defaultStatehandle msg=CMD_SIGNAL_STRENGTH_CHANED_IND
01-14 17:02:22.042  1299  4805 I chatty  : uid=1000(system) Binder:1299_10 expire 4 lines
01-14 17:02:25.254  1299  1659 I chatty  : uid=1000(system) UEventObserver expire 12 lines
01-14 17:02:28.040  2260  2380 I HidataAppQoeP: handleStateChanged reason=7
01-14 17:02:28.049  2260  2380 I PreDnsQuery: handleStateChanged reason=7
01-14 17:02:28.051  2326  2326 D Mapcon  : TelephonyTracker: onSignalStrengthsChanged:phoneId=0, level=5
01-14 17:02:28.053  2260  2380 I PreDnsQuery: No need to handled!
01-14 17:02:28.053  2260  2380 I BrowserChrP: handleStateChanged
01-14 17:02:28.057  2326  2905 D Mapcon  : SMVoice-0-Normal: PrepareState:defaultStatehandle msg=CMD_SIGNAL_STRENGTH_CHANED_IND
01-14 17:02:34.050  2260  2380 I HidataAppQoeP: handleStateChanged reason=7
01-14 17:02:34.064  2326  2326 D Mapcon  : TelephonyTracker: onSignalStrengthsChanged:phoneId=0, level=5
01-14 17:02:34.064  2260  2380 I PreDnsQuery: handleStateChanged reason=7
01-14 17:02:34.067  2326  2905 D Mapcon  : SMVoice-0-Normal: PrepareState:defaultStatehandle msg=CMD_SIGNAL_STRENGTH_CHANED_IND
01-14 17:02:34.069  2260  2380 I PreDnsQuery: No need to handled!
01-14 17:02:34.070  2260  2380 I BrowserChrP: handleStateChanged
01-14 17:02:40.057  2326  2326 D Mapcon  : TelephonyTracker: onSignalStrengthsChanged:phoneId=0, level=5
01-14 17:02:40.061  2326  2905 D Mapcon  : SMVoice-0-Normal: PrepareState:defaultStatehandle msg=CMD_SIGNAL_STRENGTH_CHANED_IND
01-14 17:02:40.064  2260  2380 I HidataAppQoeP: handleStateChanged reason=7
01-14 17:02:40.066  2260  2380 I PreDnsQuery: handleStateChanged reason=7
01-14 17:02:40.066  2260  2380 I PreDnsQuery: No need to handled!
01-14 17:02:40.066  2260  2380 I BrowserChrP: handleStateChanged
01-14 17:02:46.058  2260  2380 I HidataAppQoeP: handleStateChanged reason=7
01-14 17:02:46.061  2260  2380 I PreDnsQuery: handleStateChanged reason=7
01-14 17:02:46.062  2326  2326 D Mapcon  : TelephonyTracker: onSignalStrengthsChanged:phoneId=0, level=5
01-14 17:02:46.064  2260  2380 I PreDnsQuery: No need to handled!
01-14 17:02:46.064  2260  2380 I BrowserChrP: handleStateChanged
01-14 17:02:46.068  2326  2905 D Mapcon  : SMVoice-0-Normal: PrepareState:defaultStatehandle msg=CMD_SIGNAL_STRENGTH_CHANED_IND
01-14 17:03:04.094   751   812 I storaged: storaged_t::event: storage_info refreshed.
01-14 17:03:24.094  1299  2054 I chatty  : uid=1000(system) watchdog expire 3 lines
01-14 17:03:26.696  1299  1659 I chatty  : uid=1000(system) UEventObserver expire 12 lines
01-14 17:04:04.094   751   812 I storaged: storaged_t::event: storage_info refreshed.
01-14 17:04:10.844  2260  2380 I HidataAppQoeP: handleStateChanged reason=7
01-14 17:04:10.854  2260  2380 I PreDnsQuery: handleStateChanged reason=7
01-14 17:04:10.855  2260  2380 I PreDnsQuery: No need to handled!
01-14 17:04:10.856  2260  2380 I BrowserChrP: handleStateChanged
01-14 17:04:10.857  2326  2326 D Mapcon  : TelephonyTracker: onSignalStrengthsChanged:phoneId=0, level=5
01-14 17:04:10.858  2326  2905 D Mapcon  : SMVoice-0-Normal: PrepareState:defaultStatehandle msg=CMD_SIGNAL_STRENGTH_CHANED_IND
01-14 17:04:16.852  2260  2380 I HidataAppQoeP: handleStateChanged reason=7
01-14 17:04:16.860  2326  2326 D Mapcon  : TelephonyTracker: onSignalStrengthsChanged:phoneId=0, level=5
01-14 17:04:16.861  2260  2380 I PreDnsQuery: handleStateChanged reason=7
01-14 17:04:16.863  2260  2380 I PreDnsQuery: No need to handled!
01-14 17:04:16.863  2260  2380 I BrowserChrP: handleStateChanged
01-14 17:04:16.864  2326  2905 D Mapcon  : SMVoice-0-Normal: PrepareState:defaultStatehandle msg=CMD_SIGNAL_STRENGTH_CHANED_IND
01-14 17:04:22.847  2260  2380 I HidataAppQoeP: handleStateChanged reason=7
01-14 17:04:22.862  2260  2380 I PreDnsQuery: handleStateChanged reason=7
01-14 17:04:22.863  2326  2326 D Mapcon  : TelephonyTracker: onSignalStrengthsChanged:phoneId=0, level=5
01-14 17:04:22.864  2260  2380 I PreDnsQuery: No need to handled!
01-14 17:04:22.864  2260  2380 I BrowserChrP: handleStateChanged
01-14 17:04:22.867  2326  2905 D Mapcon  : SMVoice-0-Normal: PrepareState:defaultStatehandle msg=CMD_SIGNAL_STRENGTH_CHANED_IND
01-14 17:04:28.138  1299  1659 I chatty  : uid=1000(system) UEventObserver expire 6 lines
01-14 17:04:28.864  2260  2380 I HidataAppQoeP: handleStateChanged reason=7
01-14 17:04:28.867  2326  2326 D Mapcon  : TelephonyTracker: onSignalStrengthsChanged:phoneId=0, level=5
01-14 17:04:28.872  2260  2380 I PreDnsQuery: handleStateChanged reason=7
01-14 17:04:28.874  2260  2380 I PreDnsQuery: No need to handled!
01-14 17:04:28.874  2326  2905 D Mapcon  : SMVoice-0-Normal: PrepareState:defaultStatehandle msg=CMD_SIGNAL_STRENGTH_CHANED_IND
01-14 17:04:28.874  2260  2380 I BrowserChrP: handleStateChanged
01-14 17:04:46.242  1299  4805 I chatty  : uid=1000(system) Binder:1299_10 expire 1 line
01-14 17:04:46.260  1299  2083 I chatty  : uid=1000(system) Binder:1299_5 expire 1 line
01-14 17:04:50.285  1299  1299 I chatty  : uid=1000 system_server expire 1 line
01-14 17:04:54.102  1299  2054 I chatty  : uid=1000(system) watchdog expire 1 line
01-14 17:04:58.853  1299  1659 I chatty  : uid=1000(system) UEventObserver expire 12 lines
01-14 17:05:00.002  1299  1299 I chatty  : uid=1000 system_server expire 17 lines
01-14 17:05:00.125  2326  2326 D Mapcon  : TelephonyTracker: onSignalStrengthsChanged:phoneId=0, level=5
01-14 17:05:00.133  2326  2905 D Mapcon  : SMVoice-0-Normal: PrepareState:defaultStatehandle msg=CMD_SIGNAL_STRENGTH_CHANED_IND
01-14 17:05:00.133  1299  4805 I chatty  : uid=1000(system) Binder:1299_10 expire 11 lines
01-14 17:05:00.136  2260  2380 I HidataAppQoeP: handleStateChanged reason=7
01-14 17:05:00.138  2260  2380 I PreDnsQuery: handleStateChanged reason=7
01-14 17:05:00.139  2260  2380 I PreDnsQuery: No need to handled!
01-14 17:05:00.139  2260  2380 I BrowserChrP: handleStateChanged
01-14 17:05:04.096   751   812 I storaged: storaged_t::event: storage_info refreshed.
01-14 17:05:24.104  1299  2054 I chatty  : uid=1000(system) watchdog expire 4 lines
01-14 17:05:38.518  2260  2380 I HidataAppQoeP: handleStateChanged reason=7
01-14 17:05:38.537  2260  2380 I PreDnsQuery: handleStateChanged reason=7
01-14 17:05:38.538  2260  2380 I PreDnsQuery: No need to handled!
01-14 17:05:38.538  2260  2380 I BrowserChrP: handleStateChanged
01-14 17:05:38.538  2326  2326 D Mapcon  : TelephonyTracker: onSignalStrengthsChanged:phoneId=0, level=5
01-14 17:05:38.542  2326  2905 D Mapcon  : SMVoice-0-Normal: PrepareState:defaultStatehandle msg=CMD_SIGNAL_STRENGTH_CHANED_IND
01-14 17:05:44.526  2260  2380 I HidataAppQoeP: handleStateChanged reason=7
01-14 17:05:44.540  2260  2380 I PreDnsQuery: handleStateChanged reason=7
01-14 17:05:44.541  2326  2326 D Mapcon  : TelephonyTracker: onSignalStrengthsChanged:phoneId=0, level=5
01-14 17:05:44.542  2260  2380 I PreDnsQuery: No need to handled!
01-14 17:05:44.542  2260  2380 I BrowserChrP: handleStateChanged
01-14 17:05:44.546  2326  2905 D Mapcon  : SMVoice-0-Normal: PrepareState:defaultStatehandle msg=CMD_SIGNAL_STRENGTH_CHANED_IND
01-14 17:05:50.530  2260  2380 I HidataAppQoeP: handleStateChanged reason=7
01-14 17:05:50.534  2260  2380 I PreDnsQuery: handleStateChanged reason=7
01-14 17:05:50.534  2326  2326 D Mapcon  : TelephonyTracker: onSignalStrengthsChanged:phoneId=0, level=5
01-14 17:05:50.536  2260  2380 I PreDnsQuery: No need to handled!
01-14 17:05:50.536  2260  2380 I BrowserChrP: handleStateChanged
01-14 17:05:50.541  2326  2905 D Mapcon  : SMVoice-0-Normal: PrepareState:defaultStatehandle msg=CMD_SIGNAL_STRENGTH_CHANED_IND
01-14 17:05:54.275  1299  1382 I chatty  : uid=1000(system) android.ui expire 10 lines
01-14 17:05:54.356  1299  2083 I chatty  : uid=1000(system) Binder:1299_5 expire 15 lines
01-14 17:05:54.482  1299  1650 I chatty  : uid=1000(system) android.anim expire 4 lines
01-14 17:05:56.534  2260  2380 I HidataAppQoeP: handleStateChanged reason=7
01-14 17:05:56.542  2260  2380 I PreDnsQuery: handleStateChanged reason=7
01-14 17:05:56.545  2260  2380 I PreDnsQuery: No need to handled!
01-14 17:05:56.545  2260  2380 I BrowserChrP: handleStateChanged
01-14 17:05:56.547  2326  2326 D Mapcon  : TelephonyTracker: onSignalStrengthsChanged:phoneId=0, level=5
01-14 17:05:56.555  2326  2905 D Mapcon  : SMVoice-0-Normal: PrepareState:defaultStatehandle msg=CMD_SIGNAL_STRENGTH_CHANED_IND
01-14 17:06:00.290  1299  1659 I chatty  : uid=1000(system) UEventObserver expire 12 lines
01-14 17:06:02.538  2260  2380 I HidataAppQoeP: handleStateChanged reason=7
01-14 17:06:02.544  2260  2380 I PreDnsQuery: handleStateChanged reason=7
01-14 17:06:02.546  2260  2380 I PreDnsQuery: No need to handled!
01-14 17:06:02.546  2260  2380 I BrowserChrP: handleStateChanged
01-14 17:06:02.546  2326  2326 D Mapcon  : TelephonyTracker: onSignalStrengthsChanged:phoneId=0, level=5
01-14 17:06:02.548  2326  2905 D Mapcon  : SMVoice-0-Normal: PrepareState:defaultStatehandle msg=CMD_SIGNAL_STRENGTH_CHANED_IND
01-14 17:06:04.097   751   812 I storaged: storaged_t::event: storage_info refreshed.
01-14 17:06:12.438  2260  2380 I HidataAppQoeP: handleStateChanged reason=7
01-14 17:06:12.445  2260  2380 I PreDnsQuery: handleStateChanged reason=7
01-14 17:06:12.445  2326  2326 D Mapcon  : TelephonyTracker: onSignalStrengthsChanged:phoneId=0, level=5
01-14 17:06:12.446  2260  2380 I PreDnsQuery: No need to handled!
01-14 17:06:12.446  2260  2380 I BrowserChrP: handleStateChanged
01-14 17:06:12.447  2326  2905 D Mapcon  : SMVoice-0-Normal: PrepareState:defaultStatehandle msg=CMD_SIGNAL_STRENGTH_CHANED_IND
01-14 17:06:18.447  2260  2380 I HidataAppQoeP: handleStateChanged reason=7
01-14 17:06:18.455  2260  2380 I PreDnsQuery: handleStateChanged reason=7
01-14 17:06:18.455  2326  2326 D Mapcon  : TelephonyTracker: onSignalStrengthsChanged:phoneId=0, level=5
01-14 17:06:18.456  2260  2380 I PreDnsQuery: No need to handled!
01-14 17:06:18.456  2260  2380 I BrowserChrP: handleStateChanged
01-14 17:06:18.457  2326  2905 D Mapcon  : SMVoice-0-Normal: PrepareState:defaultStatehandle msg=CMD_SIGNAL_STRENGTH_CHANED_IND
01-14 17:06:24.459  2326  2326 D Mapcon  : TelephonyTracker: onSignalStrengthsChanged:phoneId=0, level=5
01-14 17:06:24.464  2326  2905 D Mapcon  : SMVoice-0-Normal: PrepareState:defaultStatehandle msg=CMD_SIGNAL_STRENGTH_CHANED_IND
01-14 17:06:24.464  2260  2380 I HidataAppQoeP: handleStateChanged reason=7
01-14 17:06:24.466  2260  2380 I PreDnsQuery: handleStateChanged reason=7
01-14 17:06:24.467  2260  2380 I PreDnsQuery: No need to handled!
01-14 17:06:24.467  2260  2380 I BrowserChrP: handleStateChanged
01-14 17:06:30.456  2260  2380 I HidataAppQoeP: handleStateChanged reason=7
01-14 17:06:30.468  2260  2380 I PreDnsQuery: handleStateChanged reason=7
01-14 17:06:30.470  2260  2380 I PreDnsQuery: No need to handled!
01-14 17:06:30.470  2260  2380 I BrowserChrP: handleStateChanged
01-14 17:06:30.471  2326  2326 D Mapcon  : TelephonyTracker: onSignalStrengthsChanged:phoneId=0, level=5
01-14 17:06:30.473  2326  2905 D Mapcon  : SMVoice-0-Normal: PrepareState:defaultStatehandle msg=CMD_SIGNAL_STRENGTH_CHANED_IND
01-14 17:06:43.377  1299  4805 I chatty  : uid=1000(system) Binder:1299_10 expire 6 lines
01-14 17:06:43.393  1299  2668 I chatty  : uid=1000(system) Binder:1299_1A expire 2 lines
01-14 17:06:43.500  1299  1386 I chatty  : uid=1000(system) ActivityManager expire 1 line
01-14 17:06:43.501  1299  2188 I chatty  : uid=1000(system) MultiTaskManage expire 1 line
01-14 17:06:43.515 10243 10243 D ActivityThread: Attach thread to application
01-14 17:06:43.614  1299  1299 I chatty  : uid=1000 system_server expire 6 lines
01-14 17:06:43.791  1299  1923 I chatty  : uid=1000(system) Binder:1299_3 expire 5 lines
01-14 17:06:43.912  1299 29555 I chatty  : uid=1000(system) Binder:1299_13 expire 17 lines
01-14 17:06:44.454  2260  2380 I HidataAppQoeP: handleStateChanged reason=7
01-14 17:06:44.455  1299  2083 I chatty  : uid=1000(system) Binder:1299_5 expire 5 lines
01-14 17:06:44.464  2260  2380 I PreDnsQuery: handleStateChanged reason=7
01-14 17:06:44.467  2326  2326 D Mapcon  : TelephonyTracker: onSignalStrengthsChanged:phoneId=0, level=5
01-14 17:06:44.467  2260  2380 I PreDnsQuery: No need to handled!
01-14 17:06:44.467  2260  2380 I BrowserChrP: handleStateChanged
01-14 17:06:44.475  2326  2905 D Mapcon  : SMVoice-0-Normal: PrepareState:defaultStatehandle msg=CMD_SIGNAL_STRENGTH_CHANED_IND
01-14 17:06:53.320  2260  2380 I HidataAppQoeP: handleStateChanged reason=8
01-14 17:06:53.334  2260  2380 I PreDnsQuery: handleStateChanged reason=8
01-14 17:06:53.335  2260  2380 I PreDnsQuery: No need to handled!
01-14 17:06:53.335  2260  2380 I BrowserChrP: handleStateChanged
01-14 17:06:53.335  2326  2326 D Mapcon  : TelephonyTracker: onSignalStrengthsChanged:phoneId=1, level=5
01-14 17:06:53.338  2326  2916 D Mapcon  : SMVoice-5-Normal: PrepareState:defaultStatehandle msg=CMD_SIGNAL_STRENGTH_CHANED_IND
01-14 17:06:53.338  1299  1870 I chatty  : uid=1000(system) NetdConnector expire 2 lines
01-14 17:07:01.731  1299  1659 I chatty  : uid=1000(system) UEventObserver expire 6 lines
01-14 17:07:04.097   751   812 I storaged: storaged_t::event: storage_info refreshed.
01-14 17:07:07.705  1299  1877 I chatty  : uid=1000(system) WifiStateMachin expire 1 line
01-14 17:07:22.215   586   650 W SocketListener: sending broadcast to Pid = 1299, Uid = 1000 
01-14 17:07:22.217  1299  1870 I chatty  : uid=1000(system) NetdConnector expire 2 lines
01-14 17:07:22.218  1299  1426 I chatty  : uid=1000(system) android.fg expire 2 lines
01-14 17:07:22.222  1299  1873 I chatty  : uid=1000(system) NetworkStats expire 5 lines
01-14 17:07:22.310  1299  1870 I chatty  : uid=1000(system) NetdConnector expire 2 lines
01-14 17:07:24.112  1299  2054 I chatty  : uid=1000(system) watchdog expire 1 line
01-14 17:07:32.450  1299  1659 I chatty  : uid=1000(system) UEventObserver expire 6 lines
01-14 17:07:34.328  9094 10364 I PermissionManager: camera remind result:true
01-14 17:07:34.328  9094 10364 I BackgroundPermManager: pkgName: com.reactnativewebrtc,pid: 9094 ,uidOf3RdApk: 10211 ,permType: 0 ,permCfg: 1
01-14 17:07:34.415  1299  1382 I chatty  : uid=1000(system) android.ui expire 2 lines
01-14 17:07:34.622  9094  9872 I BackgroundPermManager: pkgName: com.reactnativewebrtc,pid: 9094 ,uidOf3RdApk: 10211 ,permType: 0 ,permCfg: 0
01-14 17:07:38.815  1299 29555 I chatty  : uid=1000(system) Binder:1299_13 expire 3 lines
01-14 17:07:38.843  1299  1382 I chatty  : uid=1000(system) android.ui expire 2 lines
