01-14 16:39:48.871  2201  3290 W ContextImpl: Calling a method in the system process without a qualified user: android.app.ContextImpl.startService:1764 android.content.ContextWrapper.startService:664 com.huawei.systemmanager.spacecleanner.receiver.SpaceCleanReceiver.checkRarelyUsedApp:98 com.huawei.systemmanager.spacecleanner.receiver.SpaceCleanReceiver.doInBackground:46 java.lang.reflect.Method.invoke:-2 
01-14 16:39:48.944  1299  2503 I chatty  : uid=1000(system) Binder:1299_B expire 3 lines
01-14 16:39:49.051 17891 17891 W ContextImpl: Calling a method in the system process without a qualified user: android.app.ContextImpl.startService:1764 android.content.ContextWrapper.startService:664 android.content.ContextWrapper.startService:664 com.huawei.systemmanager.antivirus.utils.AntiVirusTools.checkVirusForNewInstalledApk:728 com.huawei.systemmanager.antivirus.AntiVirusReceiver.onReceive:42 
01-14 16:39:49.054  2201  2201 W ContextImpl: Calling a method in the system process without a qualified user: android.app.ContextImpl.startService:1764 android.content.ContextWrapper.startService:664 com.huawei.systemmanager.antivirus.AntiVirusService.handleInstalledApkCheck:391 com.huawei.systemmanager.antivirus.AntiVirusService.onStartCommand:292 android.app.ActivityThread.handleServiceArgs:4298 
01-14 16:39:49.070  1299  6996 I chatty  : uid=1000 system_server expire 5 lines
01-14 16:39:49.096  2326  2326 D Mapcon  : TelephonyTracker: onSignalStrengthsChanged:phoneId=0, level=5
01-14 16:39:49.100  1299  3273 I chatty  : uid=1000(system) Binder:1299_1E expire 21 lines
01-14 16:39:49.101  2326  2905 D Mapcon  : SMVoice-0-Normal: PrepareState:defaultStatehandle msg=CMD_SIGNAL_STRENGTH_CHANED_IND
01-14 16:39:49.330  1299  1967 I chatty  : uid=1000(system) Binder:1299_4 expire 10 lines
01-14 16:39:49.339  1299  7008 I chatty  : uid=1000 system_server expire 1 line
01-14 16:39:49.406  7009  7009 D ActivityThread: Attach thread to application
01-14 16:39:49.429  2201  2588 I HwNetworkPolicyManager: getHwUidPolicy uid = 10210 policy = 0
01-14 16:39:49.659  7009  7009 V ActivityThread: Skipping new config:{1.0 525mcc3mnc [en_GB] ldltr sw360dp w360dp h677dp 480dpi nrml long hdr port finger -keyb/v/h -nav/h winConfig={ mBounds=Rect(0, 0 - 0, 0) mAppBounds=Rect(0, 85 - 1080, 2116) mWindowingMode=fullscreen mActivityType=undefined} nonFullScreen=0 suim:1 s.8}, config:{1.0 525mcc3mnc [en_GB] ldltr sw360dp w360dp h677dp 480dpi nrml long hdr port finger -keyb/v/h -nav/h winConfig={ mBounds=Rect(0, 0 - 0, 0) mAppBounds=Rect(0, 85 - 1080, 2116) mWindowingMode=fullscreen mActivityType=undefined} nonFullScreen=0 suim:1 s.8} for app:com.reactnativewebrtc
01-14 16:39:49.691  7009  7009 V ActivityThread: callActivityOnCreate
01-14 16:39:49.833  7009  7009 D ActivityThread: add activity client record, r= ActivityRecord{4fa66d6 token=android.os.BinderProxy@e5adc9b {com.reactnativewebrtc/com.reactnativewebrtc.MainActivity}} token= android.os.BinderProxy@e5adc9b
01-14 16:39:49.877  1985 29231 I CommandQueue: updateBarBgColor
01-14 16:39:49.877  1985 29231 D CommandQueue: CommandQueue, setBarBackgroundColor
01-14 16:39:53.531   586   650 W SocketListener: sending broadcast to Pid = 1299, Uid = 1000 
01-14 16:39:53.537  1299  1873 I chatty  : uid=1000(system) NetworkStats expire 20 lines
01-14 16:39:55.112  2326  2326 D Mapcon  : TelephonyTracker: onSignalStrengthsChanged:phoneId=0, level=5
01-14 16:39:55.114  2326  2905 D Mapcon  : SMVoice-0-Normal: PrepareState:defaultStatehandle msg=CMD_SIGNAL_STRENGTH_CHANED_IND
01-14 16:39:59.721  1299  1659 I chatty  : uid=1000(system) UEventObserver expire 12 lines
01-14 16:40:01.113  2326  2326 D Mapcon  : TelephonyTracker: onSignalStrengthsChanged:phoneId=0, level=5
01-14 16:40:01.115  2326  2905 D Mapcon  : SMVoice-0-Normal: PrepareState:defaultStatehandle msg=CMD_SIGNAL_STRENGTH_CHANED_IND
01-14 16:40:02.789   751   812 I storaged: storaged_t::event: storage_info refreshed.
01-14 16:40:03.901  1299  2836 I chatty  : uid=1000(system) Binder:1299_1B expire 17 lines
01-14 16:40:11.497  2326  2326 D Mapcon  : TelephonyTracker: onSignalStrengthsChanged:phoneId=0, level=5
01-14 16:40:11.501  2326  2905 D Mapcon  : SMVoice-0-Normal: PrepareState:defaultStatehandle msg=CMD_SIGNAL_STRENGTH_CHANED_IND
01-14 16:40:17.497  2260  2380 I chatty  : uid=1000(system) HwCommBoosterTh expire 12 lines
01-14 16:40:17.506  2326  2326 D Mapcon  : TelephonyTracker: onSignalStrengthsChanged:phoneId=0, level=5
01-14 16:40:17.509  2326  2905 D Mapcon  : SMVoice-0-Normal: PrepareState:defaultStatehandle msg=CMD_SIGNAL_STRENGTH_CHANED_IND
01-14 16:40:21.016  2326  2326 D Mapcon  : TelephonyTracker: onSignalStrengthsChanged:phoneId=1, level=5
01-14 16:40:21.021  1299  1311 I chatty  : uid=1000(system) Binder:1299_2 expire 34 lines
01-14 16:40:21.021  2326  2916 D Mapcon  : SMVoice-5-Normal: PrepareState:defaultStatehandle msg=CMD_SIGNAL_STRENGTH_CHANED_IND
01-14 16:40:21.270  1299  1382 I chatty  : uid=1000(system) android.ui expire 58 lines
01-14 16:40:22.278  1299  1650 I chatty  : uid=1000(system) android.anim expire 31 lines
01-14 16:40:22.860  1299  1299 I chatty  : uid=1000 system_server expire 108 lines
01-14 16:40:23.520  2326  2326 D Mapcon  : TelephonyTracker: onSignalStrengthsChanged:phoneId=0, level=5
01-14 16:40:23.529  2326  2905 D Mapcon  : SMVoice-0-Normal: PrepareState:defaultStatehandle msg=CMD_SIGNAL_STRENGTH_CHANED_IND
01-14 16:40:23.974  1299  2054 I chatty  : uid=1000(system) watchdog expire 10 lines
01-14 16:40:26.769  1299  1374 I chatty  : uid=1000(system) HwActivityManag expire 12 lines
01-14 16:40:26.769  1299  2534 I chatty  : uid=1000(system) Binder:1299_19 expire 11 lines
01-14 16:40:26.771  2989  2989 V ActivityThread: Skipping new config:{1.0 525mcc3mnc [en_GB] ldltr sw360dp w360dp h677dp 480dpi nrml long hdr port finger -keyb/v/h -nav/h winConfig={ mBounds=Rect(0, 0 - 0, 0) mAppBounds=Rect(0, 85 - 1080, 2116) mWindowingMode=fullscreen mActivityType=undefined} nonFullScreen=0 suim:1 s.8}, config:{1.0 525mcc3mnc [en_GB] ldltr sw360dp w360dp h677dp 480dpi nrml long hdr port finger -keyb/v/h -nav/h winConfig={ mBounds=Rect(0, 0 - 0, 0) mAppBounds=Rect(0, 85 - 1080, 2116) mWindowingMode=fullscreen mActivityType=undefined} nonFullScreen=0 suim:1 s.8} for app:com.google.android.packageinstaller
01-14 16:40:26.776  2201  2588 I HwNetworkPolicyManager: getHwUidPolicy uid = 10028 policy = 0
01-14 16:40:26.783  2989  2989 V ActivityThread: callActivityOnCreate
01-14 16:40:26.822  2989  2989 D ActivityThread: add activity client record, r= ActivityRecord{c8ca8da token=android.os.BinderProxy@bc73f4f {com.google.android.packageinstaller/com.android.packageinstaller.permission.ui.GrantPermissionsActivity}} token= android.os.BinderProxy@bc73f4f
01-14 16:40:26.825  1299  1353 I chatty  : uid=1000(system) android.bg expire 10 lines
01-14 16:40:28.874  1985 29877 I CommandQueue: updateBarBgColor
01-14 16:40:28.874  1985 29877 D CommandQueue: CommandQueue, setBarBackgroundColor
01-14 16:40:28.955  2989  2989 D ActivityThread: Remove activity client record, r= ActivityRecord{c8ca8da token=android.os.BinderProxy@bc73f4f {com.google.android.packageinstaller/com.android.packageinstaller.permission.ui.GrantPermissionsActivity}} token= android.os.BinderProxy@bc73f4f
01-14 16:40:28.974  2201  2588 I HwNetworkPolicyManager: getHwUidPolicy uid = 10028 policy = 0
01-14 16:40:28.975  2989  2989 V ActivityThread: Skipping new config:{1.0 525mcc3mnc [en_GB] ldltr sw360dp w360dp h677dp 480dpi nrml long hdr port finger -keyb/v/h -nav/h winConfig={ mBounds=Rect(0, 0 - 0, 0) mAppBounds=Rect(0, 85 - 1080, 2116) mWindowingMode=fullscreen mActivityType=undefined} nonFullScreen=0 suim:1 s.8}, config:{1.0 525mcc3mnc [en_GB] ldltr sw360dp w360dp h677dp 480dpi nrml long hdr port finger -keyb/v/h -nav/h winConfig={ mBounds=Rect(0, 0 - 0, 0) mAppBounds=Rect(0, 85 - 1080, 2116) mWindowingMode=fullscreen mActivityType=undefined} nonFullScreen=0 suim:1 s.8} for app:com.google.android.packageinstaller
01-14 16:40:28.980  2989  2989 V ActivityThread: callActivityOnCreate
01-14 16:40:28.993  2989  2989 D ActivityThread: add activity client record, r= ActivityRecord{fb50fad token=android.os.BinderProxy@b4d5d3d {com.google.android.packageinstaller/com.android.packageinstaller.permission.ui.GrantPermissionsActivity}} token= android.os.BinderProxy@b4d5d3d
01-14 16:40:29.604  1299  1429 I chatty  : uid=1000(system) HwGameAssistant expire 1 line
01-14 16:40:29.604  1985  1999 I CommandQueue: updateBarBgColor
01-14 16:40:29.605  1985  1999 D CommandQueue: CommandQueue, setBarBackgroundColor
01-14 16:40:29.643  2989  2989 D ActivityThread: Remove activity client record, r= ActivityRecord{fb50fad token=android.os.BinderProxy@b4d5d3d {com.google.android.packageinstaller/com.android.packageinstaller.permission.ui.GrantPermissionsActivity}} token= android.os.BinderProxy@b4d5d3d
01-14 16:40:29.677  7009  7244 I PermissionManager: camera remind result:true
01-14 16:40:29.678  7009  7244 I BackgroundPermManager: pkgName: com.reactnativewebrtc,pid: 7009 ,uidOf3RdApk: 10210 ,permType: 0 ,permCfg: 1
01-14 16:40:29.715  1299  3273 I chatty  : uid=1000(system) Binder:1299_1E expire 11 lines
01-14 16:40:30.475  1299  2085 I chatty  : uid=1000(system) HwBinder:1299_5 expire 14 lines
01-14 16:40:31.077  7009  7195 D HwCustConnectivityManagerImpl: isBlockNetworkRequestByNonAis, INVALID_SUBSCRIPTION_ID
01-14 16:40:31.094  7009  7195 D HwCustConnectivityManagerImpl: isBlockNetworkRequestByNonAis, INVALID_SUBSCRIPTION_ID
01-14 16:40:31.096  1299  3655 I chatty  : uid=1000(system) Binder:1299_D expire 17 lines
01-14 16:40:31.243  2260  2380 I chatty  : uid=1000(system) HwCommBoosterTh expire 12 lines
01-14 16:40:31.251  2326  2326 D Mapcon  : TelephonyTracker: onSignalStrengthsChanged:phoneId=1, level=5
01-14 16:40:31.254  2326  2916 D Mapcon  : SMVoice-5-Normal: PrepareState:defaultStatehandle msg=CMD_SIGNAL_STRENGTH_CHANED_IND
01-14 16:40:35.712   586   650 W SocketListener: sending broadcast to Pid = 1299, Uid = 1000 
01-14 16:40:35.716  1299  1870 I chatty  : uid=1000(system) NetdConnector expire 12 lines
01-14 16:40:37.269  2326  2326 D Mapcon  : TelephonyTracker: onSignalStrengthsChanged:phoneId=1, level=5
01-14 16:40:37.275  2326  2916 D Mapcon  : SMVoice-5-Normal: PrepareState:defaultStatehandle msg=CMD_SIGNAL_STRENGTH_CHANED_IND
01-14 16:40:40.549   586   650 W SocketListener: sending broadcast to Pid = 1299, Uid = 1000 
01-14 16:40:41.542  1299  3273 I chatty  : uid=1000(system) Binder:1299_1E expire 12 lines
01-14 16:40:43.258  2326  2326 D Mapcon  : TelephonyTracker: onSignalStrengthsChanged:phoneId=1, level=5
01-14 16:40:43.261  2326  2916 D Mapcon  : SMVoice-5-Normal: PrepareState:defaultStatehandle msg=CMD_SIGNAL_STRENGTH_CHANED_IND
01-14 16:40:44.975   586   650 W SocketListener: sending broadcast to Pid = 1299, Uid = 1000 
01-14 16:40:45.745  1299  2836 I chatty  : uid=1000(system) Binder:1299_1B expire 9 lines
01-14 16:40:48.600  2326  2326 D Mapcon  : TelephonyTracker: onSignalStrengthsChanged:phoneId=0, level=5
01-14 16:40:48.604  2326  2905 D Mapcon  : SMVoice-0-Normal: PrepareState:defaultStatehandle msg=CMD_SIGNAL_STRENGTH_CHANED_IND
01-14 16:40:48.610  2260  2380 I chatty  : uid=1000(system) HwCommBoosterTh expire 17 lines
01-14 16:40:48.618  1299  1870 I chatty  : uid=1000(system) NetdConnector expire 16 lines
01-14 16:40:49.262  2326  2326 D Mapcon  : TelephonyTracker: onSignalStrengthsChanged:phoneId=1, level=5
01-14 16:40:49.273  2326  2916 D Mapcon  : SMVoice-5-Normal: PrepareState:defaultStatehandle msg=CMD_SIGNAL_STRENGTH_CHANED_IND
01-14 16:40:49.425   586   650 W SocketListener: sending broadcast to Pid = 1299, Uid = 1000 
01-14 16:40:49.427  1299  1426 I chatty  : uid=1000(system) android.fg expire 12 lines
01-14 16:40:49.430  1299  1873 I chatty  : uid=1000(system) NetworkStats expire 15 lines
01-14 16:40:53.160  1299  1299 I chatty  : uid=1000 system_server expire 13 lines
01-14 16:40:53.715   586   650 W SocketListener: sending broadcast to Pid = 1299, Uid = 1000 
01-14 16:40:54.618  2326  2326 D Mapcon  : TelephonyTracker: onSignalStrengthsChanged:phoneId=0, level=5
01-14 16:40:54.621  2326  2905 D Mapcon  : SMVoice-0-Normal: PrepareState:defaultStatehandle msg=CMD_SIGNAL_STRENGTH_CHANED_IND
01-14 16:40:55.272  2326  2326 D Mapcon  : TelephonyTracker: onSignalStrengthsChanged:phoneId=1, level=5
01-14 16:40:55.274  2326  2916 D Mapcon  : SMVoice-5-Normal: PrepareState:defaultStatehandle msg=CMD_SIGNAL_STRENGTH_CHANED_IND
01-14 16:40:58.085   586   650 W SocketListener: sending broadcast to Pid = 1299, Uid = 1000 
01-14 16:41:00.611  2326  2326 D Mapcon  : TelephonyTracker: onSignalStrengthsChanged:phoneId=0, level=5
01-14 16:41:00.612  2260  2380 I chatty  : uid=1000(system) HwCommBoosterTh expire 11 lines
01-14 16:41:00.613  2326  2905 D Mapcon  : SMVoice-0-Normal: PrepareState:defaultStatehandle msg=CMD_SIGNAL_STRENGTH_CHANED_IND
01-14 16:41:00.617  1299  1870 I chatty  : uid=1000(system) NetdConnector expire 10 lines
01-14 16:41:01.180  1299  1659 I chatty  : uid=1000(system) UEventObserver expire 12 lines
01-14 16:41:02.529   586   650 W SocketListener: sending broadcast to Pid = 1299, Uid = 1000 
01-14 16:41:02.537  1299  1873 I chatty  : uid=1000(system) NetworkStats expire 15 lines
01-14 16:41:02.790   751   812 I storaged: storaged_t::event: storage_info refreshed.
01-14 16:41:06.621  2326  2326 D Mapcon  : TelephonyTracker: onSignalStrengthsChanged:phoneId=0, level=5
01-14 16:41:06.629  2326  2905 D Mapcon  : SMVoice-0-Normal: PrepareState:defaultStatehandle msg=CMD_SIGNAL_STRENGTH_CHANED_IND
01-14 16:41:06.660   586   650 W SocketListener: sending broadcast to Pid = 1299, Uid = 1000 
01-14 16:41:10.714   586   650 W SocketListener: sending broadcast to Pid = 1299, Uid = 1000 
01-14 16:41:10.715  1299  1870 I chatty  : uid=1000(system) NetdConnector expire 20 lines
01-14 16:41:11.640  2326  2326 D Mapcon  : TelephonyTracker: onSignalStrengthsChanged:phoneId=0, level=5
01-14 16:41:11.645  2326  2905 D Mapcon  : SMVoice-0-Normal: PrepareState:defaultStatehandle msg=CMD_SIGNAL_STRENGTH_CHANED_IND
01-14 16:41:14.859   586   650 W SocketListener: sending broadcast to Pid = 1299, Uid = 1000 
01-14 16:41:14.863  1299  1426 I chatty  : uid=1000(system) android.fg expire 10 lines
01-14 16:41:14.867  1299  1873 I chatty  : uid=1000(system) NetworkStats expire 15 lines
01-14 16:41:19.116   586   650 W SocketListener: sending broadcast to Pid = 1299, Uid = 1000 
01-14 16:41:23.309   586   650 W SocketListener: sending broadcast to Pid = 1299, Uid = 1000 
01-14 16:41:23.311  1299  1870 I chatty  : uid=1000(system) NetdConnector expire 12 lines
01-14 16:41:27.451   586   650 W SocketListener: sending broadcast to Pid = 1299, Uid = 1000 
01-14 16:41:27.456  1299  1873 I chatty  : uid=1000(system) NetworkStats expire 15 lines
01-14 16:41:31.583   586   650 W SocketListener: sending broadcast to Pid = 1299, Uid = 1000 
01-14 16:41:35.630   586   650 W SocketListener: sending broadcast to Pid = 1299, Uid = 1000 
01-14 16:41:35.632  1299  1870 I chatty  : uid=1000(system) NetdConnector expire 12 lines
01-14 16:41:35.634  1299  1426 I chatty  : uid=1000(system) android.fg expire 10 lines
01-14 16:41:39.772   586   650 W SocketListener: sending broadcast to Pid = 1299, Uid = 1000 
01-14 16:41:39.780  1299  1873 I chatty  : uid=1000(system) NetworkStats expire 15 lines
01-14 16:41:43.906   586   650 W SocketListener: sending broadcast to Pid = 1299, Uid = 1000 
01-14 16:41:47.971   586   650 W SocketListener: sending broadcast to Pid = 1299, Uid = 1000 
01-14 16:41:47.972  1299  1870 I chatty  : uid=1000(system) NetdConnector expire 12 lines
01-14 16:41:52.014   586   650 W SocketListener: sending broadcast to Pid = 1299, Uid = 1000 
01-14 16:41:52.021  1299  1873 I chatty  : uid=1000(system) NetworkStats expire 25 lines
01-14 16:41:56.088   586   650 W SocketListener: sending broadcast to Pid = 1299, Uid = 1000 
01-14 16:41:56.090  1299  1426 I chatty  : uid=1000(system) android.fg expire 14 lines
01-14 16:42:00.002  1299  1299 I chatty  : uid=1000 system_server expire 19 lines
01-14 16:42:00.162   586   650 W SocketListener: sending broadcast to Pid = 1299, Uid = 1000 
01-14 16:42:00.163  1299  1870 I chatty  : uid=1000(system) NetdConnector expire 12 lines
01-14 16:42:02.602  1299  1659 I chatty  : uid=1000(system) UEventObserver expire 12 lines
01-14 16:42:02.791   751   812 I storaged: storaged_t::event: storage_info refreshed.
01-14 16:42:04.268   586   650 W SocketListener: sending broadcast to Pid = 1299, Uid = 1000 
01-14 16:42:08.371   586   650 W SocketListener: sending broadcast to Pid = 1299, Uid = 1000 
01-14 16:42:12.398   586   650 W SocketListener: sending broadcast to Pid = 1299, Uid = 1000 
01-14 16:42:12.399  1299  1870 I chatty  : uid=1000(system) NetdConnector expire 12 lines
01-14 16:42:12.404  1299  1873 I chatty  : uid=1000(system) NetworkStats expire 15 lines
01-14 16:42:16.450   586   650 W SocketListener: sending broadcast to Pid = 1299, Uid = 1000 
01-14 16:42:20.524   586   650 W SocketListener: sending broadcast to Pid = 1299, Uid = 1000 
01-14 16:42:22.043  2260  2380 I chatty  : uid=1000(system) HwCommBoosterTh expire 11 lines
01-14 16:42:22.044  2326  2326 D Mapcon  : TelephonyTracker: onSignalStrengthsChanged:phoneId=0, level=5
01-14 16:42:22.049  2326  2905 D Mapcon  : SMVoice-0-Normal: PrepareState:defaultStatehandle msg=CMD_SIGNAL_STRENGTH_CHANED_IND
01-14 16:42:24.509   586   650 W SocketListener: sending broadcast to Pid = 1299, Uid = 1000 
01-14 16:42:24.511  1299  1870 I chatty  : uid=1000(system) NetdConnector expire 14 lines
01-14 16:42:24.513  1299  1426 I chatty  : uid=1000(system) android.fg expire 10 lines
01-14 16:42:24.517  1299  1873 I chatty  : uid=1000(system) NetworkStats expire 15 lines
01-14 16:42:28.049  2326  2326 D Mapcon  : TelephonyTracker: onSignalStrengthsChanged:phoneId=0, level=5
01-14 16:42:28.055  2326  2905 D Mapcon  : SMVoice-0-Normal: PrepareState:defaultStatehandle msg=CMD_SIGNAL_STRENGTH_CHANED_IND
01-14 16:42:28.905   586   650 W SocketListener: sending broadcast to Pid = 1299, Uid = 1000 
01-14 16:42:33.257   586   650 W SocketListener: sending broadcast to Pid = 1299, Uid = 1000 
01-14 16:42:34.050  2326  2326 D Mapcon  : TelephonyTracker: onSignalStrengthsChanged:phoneId=0, level=5
01-14 16:42:34.054  2326  2905 D Mapcon  : SMVoice-0-Normal: PrepareState:defaultStatehandle msg=CMD_SIGNAL_STRENGTH_CHANED_IND
01-14 16:42:34.054  2260  2380 I chatty  : uid=1000(system) HwCommBoosterTh expire 13 lines
01-14 16:42:34.131  2326  2326 D Mapcon  : TelephonyTracker: onSignalStrengthsChanged:phoneId=1, level=5
01-14 16:42:34.133  2326  2916 D Mapcon  : SMVoice-5-Normal: PrepareState:defaultStatehandle msg=CMD_SIGNAL_STRENGTH_CHANED_IND
01-14 16:42:37.721   586   650 W SocketListener: sending broadcast to Pid = 1299, Uid = 1000 
01-14 16:42:37.722  1299  1870 I chatty  : uid=1000(system) NetdConnector expire 16 lines
01-14 16:42:37.727  1299  1873 I chatty  : uid=1000(system) NetworkStats expire 15 lines
01-14 16:42:40.059  2326  2326 D Mapcon  : TelephonyTracker: onSignalStrengthsChanged:phoneId=0, level=5
01-14 16:42:40.062  2326  2905 D Mapcon  : SMVoice-0-Normal: PrepareState:defaultStatehandle msg=CMD_SIGNAL_STRENGTH_CHANED_IND
01-14 16:42:40.138  2326  2326 D Mapcon  : TelephonyTracker: onSignalStrengthsChanged:phoneId=1, level=5
01-14 16:42:40.142  2326  2916 D Mapcon  : SMVoice-5-Normal: PrepareState:defaultStatehandle msg=CMD_SIGNAL_STRENGTH_CHANED_IND
01-14 16:42:42.149   586   650 W SocketListener: sending broadcast to Pid = 1299, Uid = 1000 
01-14 16:42:46.058  2326  2326 D Mapcon  : TelephonyTracker: onSignalStrengthsChanged:phoneId=0, level=5
01-14 16:42:46.061  2326  2905 D Mapcon  : SMVoice-0-Normal: PrepareState:defaultStatehandle msg=CMD_SIGNAL_STRENGTH_CHANED_IND
01-14 16:42:46.064  2260  2380 I chatty  : uid=1000(system) HwCommBoosterTh expire 20 lines
01-14 16:42:46.143  2326  2326 D Mapcon  : TelephonyTracker: onSignalStrengthsChanged:phoneId=1, level=5
01-14 16:42:46.144  2326  2916 D Mapcon  : SMVoice-5-Normal: PrepareState:defaultStatehandle msg=CMD_SIGNAL_STRENGTH_CHANED_IND
01-14 16:42:46.617   586   650 W SocketListener: sending broadcast to Pid = 1299, Uid = 1000 
01-14 16:42:46.621  1299  1426 I chatty  : uid=1000(system) android.fg expire 18 lines
01-14 16:42:51.106   586   650 W SocketListener: sending broadcast to Pid = 1299, Uid = 1000 
01-14 16:42:51.107  1299  1870 I chatty  : uid=1000(system) NetdConnector expire 22 lines
01-14 16:42:51.111  1299  1873 I chatty  : uid=1000(system) NetworkStats expire 15 lines
01-14 16:42:52.070  2326  2326 D Mapcon  : TelephonyTracker: onSignalStrengthsChanged:phoneId=0, level=5
01-14 16:42:52.071  2326  2905 D Mapcon  : SMVoice-0-Normal: PrepareState:defaultStatehandle msg=CMD_SIGNAL_STRENGTH_CHANED_IND
01-14 16:42:52.136  2326  2326 D Mapcon  : TelephonyTracker: onSignalStrengthsChanged:phoneId=1, level=5
01-14 16:42:52.137  2326  2916 D Mapcon  : SMVoice-5-Normal: PrepareState:defaultStatehandle msg=CMD_SIGNAL_STRENGTH_CHANED_IND
01-14 16:42:55.473   586   650 W SocketListener: sending broadcast to Pid = 1299, Uid = 1000 
01-14 16:42:58.078  2326  2326 D Mapcon  : TelephonyTracker: onSignalStrengthsChanged:phoneId=0, level=5
01-14 16:42:58.080  2326  2905 D Mapcon  : SMVoice-0-Normal: PrepareState:defaultStatehandle msg=CMD_SIGNAL_STRENGTH_CHANED_IND
01-14 16:42:59.914   586   650 W SocketListener: sending broadcast to Pid = 1299, Uid = 1000 
01-14 16:43:00.079  1299  2325 I chatty  : uid=1000(system) Binder:1299_9 expire 11 lines
01-14 16:43:02.791   751   812 I storaged: storaged_t::event: storage_info refreshed.
01-14 16:43:04.042  1299  1659 I chatty  : uid=1000(system) UEventObserver expire 12 lines
01-14 16:43:04.084  2326  2326 D Mapcon  : TelephonyTracker: onSignalStrengthsChanged:phoneId=0, level=5
01-14 16:43:04.088  2326  2905 D Mapcon  : SMVoice-0-Normal: PrepareState:defaultStatehandle msg=CMD_SIGNAL_STRENGTH_CHANED_IND
01-14 16:43:04.094  2260  2380 I chatty  : uid=1000(system) HwCommBoosterTh expire 12 lines
01-14 16:43:04.344   586   650 W SocketListener: sending broadcast to Pid = 1299, Uid = 1000 
01-14 16:43:04.352  1299  1873 I chatty  : uid=1000(system) NetworkStats expire 15 lines
01-14 16:43:09.160   586   650 W SocketListener: sending broadcast to Pid = 1299, Uid = 1000 
01-14 16:43:12.606  2326  2326 D Mapcon  : TelephonyTracker: onSignalStrengthsChanged:phoneId=0, level=5
01-14 16:43:12.611  2326  2905 D Mapcon  : SMVoice-0-Normal: PrepareState:defaultStatehandle msg=CMD_SIGNAL_STRENGTH_CHANED_IND
01-14 16:43:13.677   586   650 W SocketListener: sending broadcast to Pid = 1299, Uid = 1000 
01-14 16:43:13.678  1299  1870 I chatty  : uid=1000(system) NetdConnector expire 12 lines
01-14 16:43:18.143   586   650 W SocketListener: sending broadcast to Pid = 1299, Uid = 1000 
01-14 16:43:18.148  1299  1873 I chatty  : uid=1000(system) NetworkStats expire 15 lines
01-14 16:43:22.611   586   650 W SocketListener: sending broadcast to Pid = 1299, Uid = 1000 
01-14 16:43:26.688  2326  2326 D Mapcon  : TelephonyTracker: onSignalStrengthsChanged:phoneId=0, level=5
01-14 16:43:26.689  2326  2905 D Mapcon  : SMVoice-0-Normal: PrepareState:defaultStatehandle msg=CMD_SIGNAL_STRENGTH_CHANED_IND
01-14 16:43:27.036   586   650 W SocketListener: sending broadcast to Pid = 1299, Uid = 1000 
01-14 16:43:27.038  1299  1870 I chatty  : uid=1000(system) NetdConnector expire 12 lines
01-14 16:43:27.040  1299  1426 I chatty  : uid=1000(system) android.fg expire 10 lines
01-14 16:43:31.457   586   650 W SocketListener: sending broadcast to Pid = 1299, Uid = 1000 
01-14 16:43:31.466  1299  1873 I chatty  : uid=1000(system) NetworkStats expire 15 lines
01-14 16:43:32.695  2326  2326 D Mapcon  : TelephonyTracker: onSignalStrengthsChanged:phoneId=0, level=5
01-14 16:43:32.697  2260  2380 I chatty  : uid=1000(system) HwCommBoosterTh expire 12 lines
01-14 16:43:32.701  2326  2905 D Mapcon  : SMVoice-0-Normal: PrepareState:defaultStatehandle msg=CMD_SIGNAL_STRENGTH_CHANED_IND
01-14 16:43:35.859   586   650 W SocketListener: sending broadcast to Pid = 1299, Uid = 1000 
01-14 16:43:38.699  2326  2326 D Mapcon  : TelephonyTracker: onSignalStrengthsChanged:phoneId=0, level=5
01-14 16:43:38.704  2326  2905 D Mapcon  : SMVoice-0-Normal: PrepareState:defaultStatehandle msg=CMD_SIGNAL_STRENGTH_CHANED_IND
01-14 16:43:40.312   586   650 W SocketListener: sending broadcast to Pid = 1299, Uid = 1000 
01-14 16:43:40.313  1299  1870 I chatty  : uid=1000(system) NetdConnector expire 12 lines
01-14 16:43:44.758   586   650 W SocketListener: sending broadcast to Pid = 1299, Uid = 1000 
01-14 16:43:44.768  1299  1873 I chatty  : uid=1000(system) NetworkStats expire 15 lines
01-14 16:43:49.204   586   650 W SocketListener: sending broadcast to Pid = 1299, Uid = 1000 
01-14 16:43:49.206  1299  1426 I chatty  : uid=1000(system) android.fg expire 18 lines
01-14 16:43:50.931  2326  2326 D Mapcon  : TelephonyTracker: onSignalStrengthsChanged:phoneId=1, level=5
01-14 16:43:50.935  2326  2916 D Mapcon  : SMVoice-5-Normal: PrepareState:defaultStatehandle msg=CMD_SIGNAL_STRENGTH_CHANED_IND
01-14 16:43:50.942  1299  1870 I chatty  : uid=1000(system) NetdConnector expire 10 lines
01-14 16:43:53.619   586   650 W SocketListener: sending broadcast to Pid = 1299, Uid = 1000 
01-14 16:43:56.931  2326  2326 D Mapcon  : TelephonyTracker: onSignalStrengthsChanged:phoneId=1, level=5
01-14 16:43:56.935  2326  2916 D Mapcon  : SMVoice-5-Normal: PrepareState:defaultStatehandle msg=CMD_SIGNAL_STRENGTH_CHANED_IND
01-14 16:43:56.938  2260  2380 I chatty  : uid=1000(system) HwCommBoosterTh expire 12 lines
01-14 16:43:58.080   586   650 W SocketListener: sending broadcast to Pid = 1299, Uid = 1000 
01-14 16:43:58.086  1299  1873 I chatty  : uid=1000(system) NetworkStats expire 20 lines
01-14 16:44:00.004  1299  1299 I chatty  : uid=1000 system_server expire 17 lines
01-14 16:44:02.504   586   650 W SocketListener: sending broadcast to Pid = 1299, Uid = 1000 
01-14 16:44:02.505  1299  1870 I chatty  : uid=1000(system) NetdConnector expire 14 lines
01-14 16:44:02.792   751   812 I storaged: storaged_t::event: storage_info refreshed.
01-14 16:44:02.933  2326  2326 D Mapcon  : TelephonyTracker: onSignalStrengthsChanged:phoneId=1, level=5
01-14 16:44:02.935  2326  2916 D Mapcon  : SMVoice-5-Normal: PrepareState:defaultStatehandle msg=CMD_SIGNAL_STRENGTH_CHANED_IND
01-14 16:44:05.094  2326  2326 D Mapcon  : TelephonyTracker: onSignalStrengthsChanged:phoneId=0, level=5
01-14 16:44:05.097  2326  2905 D Mapcon  : SMVoice-0-Normal: PrepareState:defaultStatehandle msg=CMD_SIGNAL_STRENGTH_CHANED_IND
01-14 16:44:05.098  1299  3655 I chatty  : uid=1000(system) Binder:1299_D expire 16 lines
01-14 16:44:05.487  1299  1659 I chatty  : uid=1000(system) UEventObserver expire 12 lines
01-14 16:44:06.973   586   650 W SocketListener: sending broadcast to Pid = 1299, Uid = 1000 
01-14 16:44:08.932  2260  2380 I chatty  : uid=1000(system) HwCommBoosterTh expire 11 lines
01-14 16:44:08.951  2326  2326 D Mapcon  : TelephonyTracker: onSignalStrengthsChanged:phoneId=1, level=5
01-14 16:44:08.954  2326  2916 D Mapcon  : SMVoice-5-Normal: PrepareState:defaultStatehandle msg=CMD_SIGNAL_STRENGTH_CHANED_IND
01-14 16:44:11.394   586   650 W SocketListener: sending broadcast to Pid = 1299, Uid = 1000 
01-14 16:44:15.778   586   650 W SocketListener: sending broadcast to Pid = 1299, Uid = 1000 
01-14 16:44:15.780  1299  1870 I chatty  : uid=1000(system) NetdConnector expire 12 lines
01-14 16:44:15.783  1299  1873 I chatty  : uid=1000(system) NetworkStats expire 15 lines
01-14 16:44:20.217   586   650 W SocketListener: sending broadcast to Pid = 1299, Uid = 1000 
01-14 16:44:24.679   586   650 W SocketListener: sending broadcast to Pid = 1299, Uid = 1000 
01-14 16:44:29.173   586   650 W SocketListener: sending broadcast to Pid = 1299, Uid = 1000 
01-14 16:44:29.174  1299  1870 I chatty  : uid=1000(system) NetdConnector expire 16 lines
01-14 16:44:29.176  1299  1426 I chatty  : uid=1000(system) android.fg expire 10 lines
01-14 16:44:29.179  1299  1873 I chatty  : uid=1000(system) NetworkStats expire 15 lines
01-14 16:44:31.883  2326  2326 D Mapcon  : TelephonyTracker: onSignalStrengthsChanged:phoneId=1, level=5
01-14 16:44:31.888  2326  2916 D Mapcon  : SMVoice-5-Normal: PrepareState:defaultStatehandle msg=CMD_SIGNAL_STRENGTH_CHANED_IND
01-14 16:44:31.908  1299  3273 I chatty  : uid=1000(system) Binder:1299_1E expire 6 lines
01-14 16:44:32.614  2326  2326 D Mapcon  : TelephonyTracker: onSignalStrengthsChanged:phoneId=0, level=5
01-14 16:44:32.617  2326  2905 D Mapcon  : SMVoice-0-Normal: PrepareState:defaultStatehandle msg=CMD_SIGNAL_STRENGTH_CHANED_IND
01-14 16:44:32.621  2260  2380 I chatty  : uid=1000(system) HwCommBoosterTh expire 11 lines
01-14 16:44:33.509   586   650 W SocketListener: sending broadcast to Pid = 1299, Uid = 1000 
01-14 16:44:37.974   586   650 W SocketListener: sending broadcast to Pid = 1299, Uid = 1000 
01-14 16:44:38.615  2326  2326 D Mapcon  : TelephonyTracker: onSignalStrengthsChanged:phoneId=0, level=5
01-14 16:44:38.617  2326  2905 D Mapcon  : SMVoice-0-Normal: PrepareState:defaultStatehandle msg=CMD_SIGNAL_STRENGTH_CHANED_IND
01-14 16:44:42.448   586   650 W SocketListener: sending broadcast to Pid = 1299, Uid = 1000 
01-14 16:44:42.449  1299  1870 I chatty  : uid=1000(system) NetdConnector expire 12 lines
01-14 16:44:42.456  1299  1873 I chatty  : uid=1000(system) NetworkStats expire 15 lines
01-14 16:44:44.629  2326  2326 D Mapcon  : TelephonyTracker: onSignalStrengthsChanged:phoneId=0, level=5
01-14 16:44:44.631  2326  2905 D Mapcon  : SMVoice-0-Normal: PrepareState:defaultStatehandle msg=CMD_SIGNAL_STRENGTH_CHANED_IND
01-14 16:44:46.911   586   650 W SocketListener: sending broadcast to Pid = 1299, Uid = 1000 
01-14 16:44:50.612  2326  2326 D Mapcon  : TelephonyTracker: onSignalStrengthsChanged:phoneId=0, level=5
01-14 16:44:50.614  2326  2905 D Mapcon  : SMVoice-0-Normal: PrepareState:defaultStatehandle msg=CMD_SIGNAL_STRENGTH_CHANED_IND
01-14 16:44:50.622  2260  2380 I chatty  : uid=1000(system) HwCommBoosterTh expire 10 lines
01-14 16:44:51.400   586   650 W SocketListener: sending broadcast to Pid = 1299, Uid = 1000 
01-14 16:44:51.404  1299  1426 I chatty  : uid=1000(system) android.fg expire 10 lines
01-14 16:44:55.823   586   650 W SocketListener: sending broadcast to Pid = 1299, Uid = 1000 
01-14 16:44:55.824  1299  1870 I chatty  : uid=1000(system) NetdConnector expire 12 lines
01-14 16:44:55.832  1299  1873 I chatty  : uid=1000(system) NetworkStats expire 15 lines
01-14 16:45:00.293   586   650 W SocketListener: sending broadcast to Pid = 1299, Uid = 1000 
01-14 16:45:02.793   751   812 I storaged: storaged_t::event: storage_info refreshed.
01-14 16:45:04.756   586   650 W SocketListener: sending broadcast to Pid = 1299, Uid = 1000 
01-14 16:45:06.925  1299  1659 I chatty  : uid=1000(system) UEventObserver expire 18 lines
01-14 16:45:09.197   586   650 W SocketListener: sending broadcast to Pid = 1299, Uid = 1000 
01-14 16:45:09.198  1299  1870 I chatty  : uid=1000(system) NetdConnector expire 16 lines
01-14 16:45:09.206  1299  1873 I chatty  : uid=1000(system) NetworkStats expire 20 lines
01-14 16:45:12.935  2326  2326 D Mapcon  : TelephonyTracker: onSignalStrengthsChanged:phoneId=0, level=5
01-14 16:45:12.936  2326  2905 D Mapcon  : SMVoice-0-Normal: PrepareState:defaultStatehandle msg=CMD_SIGNAL_STRENGTH_CHANED_IND
01-14 16:45:13.619   586   650 W SocketListener: sending broadcast to Pid = 1299, Uid = 1000 
01-14 16:45:13.622  1299  1426 I chatty  : uid=1000(system) android.fg expire 10 lines
01-14 16:45:18.070   586   650 W SocketListener: sending broadcast to Pid = 1299, Uid = 1000 
01-14 16:45:18.925  2326  2326 D Mapcon  : TelephonyTracker: onSignalStrengthsChanged:phoneId=0, level=5
01-14 16:45:18.933  2326  2905 D Mapcon  : SMVoice-0-Normal: PrepareState:defaultStatehandle msg=CMD_SIGNAL_STRENGTH_CHANED_IND
01-14 16:45:22.520   586   650 W SocketListener: sending broadcast to Pid = 1299, Uid = 1000 
01-14 16:45:24.002  1299  2054 I chatty  : uid=1000(system) watchdog expire 4 lines
01-14 16:45:24.921  2260  2380 I chatty  : uid=1000(system) HwCommBoosterTh expire 12 lines
01-14 16:45:24.944  2326  2326 D Mapcon  : TelephonyTracker: onSignalStrengthsChanged:phoneId=0, level=5
01-14 16:45:24.945  2326  2905 D Mapcon  : SMVoice-0-Normal: PrepareState:defaultStatehandle msg=CMD_SIGNAL_STRENGTH_CHANED_IND
01-14 16:45:26.986   586   650 W SocketListener: sending broadcast to Pid = 1299, Uid = 1000 
01-14 16:45:26.987  1299  1870 I chatty  : uid=1000(system) NetdConnector expire 12 lines
01-14 16:45:26.995  1299  1873 I chatty  : uid=1000(system) NetworkStats expire 15 lines
01-14 16:45:30.924  2326  2326 D Mapcon  : TelephonyTracker: onSignalStrengthsChanged:phoneId=0, level=5
01-14 16:45:30.925  2326  2905 D Mapcon  : SMVoice-0-Normal: PrepareState:defaultStatehandle msg=CMD_SIGNAL_STRENGTH_CHANED_IND
01-14 16:45:31.445   586   650 W SocketListener: sending broadcast to Pid = 1299, Uid = 1000 
01-14 16:45:31.509  2326  2326 D Mapcon  : TelephonyTracker: onSignalStrengthsChanged:phoneId=0, level=5
01-14 16:45:31.515  2326  2905 D Mapcon  : SMVoice-0-Normal: PrepareState:defaultStatehandle msg=CMD_SIGNAL_STRENGTH_CHANED_IND
01-14 16:45:35.888   586   650 W SocketListener: sending broadcast to Pid = 1299, Uid = 1000 
01-14 16:45:35.893  1299  1426 I chatty  : uid=1000(system) android.fg expire 10 lines
01-14 16:45:40.346   586   650 W SocketListener: sending broadcast to Pid = 1299, Uid = 1000 
01-14 16:45:40.348  1299  1870 I chatty  : uid=1000(system) NetdConnector expire 12 lines
01-14 16:45:40.355  1299  1873 I chatty  : uid=1000(system) NetworkStats expire 15 lines
01-14 16:45:41.725  2326  2326 D Mapcon  : TelephonyTracker: onSignalStrengthsChanged:phoneId=0, level=5
01-14 16:45:41.729  2326  2905 D Mapcon  : SMVoice-0-Normal: PrepareState:defaultStatehandle msg=CMD_SIGNAL_STRENGTH_CHANED_IND
01-14 16:45:41.732  2260  2380 I chatty  : uid=1000(system) HwCommBoosterTh expire 10 lines
01-14 16:45:44.818   586   650 W SocketListener: sending broadcast to Pid = 1299, Uid = 1000 
01-14 16:45:47.737  2326  2326 D Mapcon  : TelephonyTracker: onSignalStrengthsChanged:phoneId=0, level=5
01-14 16:45:47.741  2326  2905 D Mapcon  : SMVoice-0-Normal: PrepareState:defaultStatehandle msg=CMD_SIGNAL_STRENGTH_CHANED_IND
01-14 16:45:49.271   586   650 W SocketListener: sending broadcast to Pid = 1299, Uid = 1000 
01-14 16:45:53.679   586   650 W SocketListener: sending broadcast to Pid = 1299, Uid = 1000 
01-14 16:45:53.682  1299  1870 I chatty  : uid=1000(system) NetdConnector expire 12 lines
01-14 16:45:53.687  1299  1873 I chatty  : uid=1000(system) NetworkStats expire 15 lines
01-14 16:45:53.744  2326  2326 D Mapcon  : TelephonyTracker: onSignalStrengthsChanged:phoneId=0, level=5
01-14 16:45:53.749  2260  2380 I chatty  : uid=1000(system) HwCommBoosterTh expire 10 lines
01-14 16:45:53.754  2326  2905 D Mapcon  : SMVoice-0-Normal: PrepareState:defaultStatehandle msg=CMD_SIGNAL_STRENGTH_CHANED_IND
01-14 16:45:58.161   586   650 W SocketListener: sending broadcast to Pid = 1299, Uid = 1000 
01-14 16:45:58.166  1299  1426 I chatty  : uid=1000(system) android.fg expire 18 lines
01-14 16:46:02.604   586   650 W SocketListener: sending broadcast to Pid = 1299, Uid = 1000 
01-14 16:46:02.794   751   812 I storaged: storaged_t::event: storage_info refreshed.
01-14 16:46:07.050   586   650 W SocketListener: sending broadcast to Pid = 1299, Uid = 1000 
01-14 16:46:07.051  1299  1870 I chatty  : uid=1000(system) NetdConnector expire 20 lines
01-14 16:46:07.055  1299  1873 I chatty  : uid=1000(system) NetworkStats expire 25 lines
01-14 16:46:11.491   586   650 W SocketListener: sending broadcast to Pid = 1299, Uid = 1000 
01-14 16:46:15.884   586   650 W SocketListener: sending broadcast to Pid = 1299, Uid = 1000 
01-14 16:46:20.356   586   650 W SocketListener: sending broadcast to Pid = 1299, Uid = 1000 
01-14 16:46:24.812   586   650 W SocketListener: sending broadcast to Pid = 1299, Uid = 1000 
01-14 16:46:27.192  2326  2326 D Mapcon  : TelephonyTracker: onSignalStrengthsChanged:phoneId=0, level=5
01-14 16:46:27.195  2326  2905 D Mapcon  : SMVoice-0-Normal: PrepareState:defaultStatehandle msg=CMD_SIGNAL_STRENGTH_CHANED_IND
01-14 16:46:29.260   586   650 W SocketListener: sending broadcast to Pid = 1299, Uid = 1000 
01-14 16:46:29.261  1299  1870 I chatty  : uid=1000(system) NetdConnector expire 12 lines
01-14 16:46:29.265  1299  1873 I chatty  : uid=1000(system) NetworkStats expire 15 lines
01-14 16:46:33.183  2326  2326 D Mapcon  : TelephonyTracker: onSignalStrengthsChanged:phoneId=0, level=5
01-14 16:46:33.185  2326  2905 D Mapcon  : SMVoice-0-Normal: PrepareState:defaultStatehandle msg=CMD_SIGNAL_STRENGTH_CHANED_IND
01-14 16:46:33.654   586   650 W SocketListener: sending broadcast to Pid = 1299, Uid = 1000 
01-14 16:46:38.106   586   650 W SocketListener: sending broadcast to Pid = 1299, Uid = 1000 
01-14 16:46:38.109  1299  1426 I chatty  : uid=1000(system) android.fg expire 10 lines
01-14 16:46:39.091  1299  1659 I chatty  : uid=1000(system) UEventObserver expire 12 lines
01-14 16:46:39.178  2260  2380 I chatty  : uid=1000(system) HwCommBoosterTh expire 10 lines
01-14 16:46:39.188  2326  2326 D Mapcon  : TelephonyTracker: onSignalStrengthsChanged:phoneId=0, level=5
01-14 16:46:39.192  2326  2905 D Mapcon  : SMVoice-0-Normal: PrepareState:defaultStatehandle msg=CMD_SIGNAL_STRENGTH_CHANED_IND
01-14 16:46:42.578   586   650 W SocketListener: sending broadcast to Pid = 1299, Uid = 1000 
01-14 16:46:42.579  1299  1870 I chatty  : uid=1000(system) NetdConnector expire 12 lines
01-14 16:46:42.584  1299  1873 I chatty  : uid=1000(system) NetworkStats expire 15 lines
01-14 16:46:46.984   586   650 W SocketListener: sending broadcast to Pid = 1299, Uid = 1000 
01-14 16:46:47.650  2326  2326 D Mapcon  : TelephonyTracker: onSignalStrengthsChanged:phoneId=0, level=5
01-14 16:46:47.652  2326  2905 D Mapcon  : SMVoice-0-Normal: PrepareState:defaultStatehandle msg=CMD_SIGNAL_STRENGTH_CHANED_IND
01-14 16:46:51.479   586   650 W SocketListener: sending broadcast to Pid = 1299, Uid = 1000 
01-14 16:46:52.094  1299  1382 I chatty  : uid=1000(system) android.ui expire 8 lines
01-14 16:46:52.095  1299  1967 I chatty  : uid=1000(system) Binder:1299_4 expire 34 lines
01-14 16:46:52.296  1299  1650 I chatty  : uid=1000(system) android.anim expire 2 lines
01-14 16:46:53.690  2260  2380 I chatty  : uid=1000(system) HwCommBoosterTh expire 8 lines
01-14 16:46:53.695  1985  1985 W PowerUI : unknown intent: Intent { act=android.intent.action.ACTION_POWER_DISCONNECTED flg=0x4000010 (has extras) }
01-14 16:46:53.752  2326  2326 D Mapcon  : TelephonyTracker: onSignalStrengthsChanged:phoneId=0, level=5
01-14 16:46:53.753  2326  2905 D Mapcon  : SMVoice-0-Normal: PrepareState:defaultStatehandle msg=CMD_SIGNAL_STRENGTH_CHANED_IND
01-14 16:46:53.782   751  1520 I storaged: uid_monitor::update_curr_io_stats_locked: last_uid_io_stats_ size is 258
01-14 16:46:53.782   751  1520 I storaged: uid_monitor::update_curr_io_stats_locked: curr_io_stats_ size is 257
01-14 16:46:53.909  1299  1379 I chatty  : uid=1000(system) ActivityManager expire 1 line
01-14 16:46:54.945  1299  1426 I chatty  : uid=1000(system) android.fg expire 10 lines
01-14 16:46:54.973  1299  2325 I chatty  : uid=1000(system) Binder:1299_9 expire 1 line
01-14 16:46:55.244  2326  2326 D Mapcon  : TelephonyTracker: onSignalStrengthsChanged:phoneId=1, level=5
01-14 16:46:55.246  2326  2916 D Mapcon  : SMVoice-5-Normal: PrepareState:defaultStatehandle msg=CMD_SIGNAL_STRENGTH_CHANED_IND
01-14 16:46:55.250  1299 22539 I chatty  : uid=1000(system) Binder:1299_12 expire 12 lines
01-14 16:46:55.254  1299  1870 I chatty  : uid=1000(system) NetdConnector expire 14 lines
01-14 16:46:55.994   586   650 W SocketListener: sending broadcast to Pid = 1299, Uid = 1000 
01-14 16:46:56.000  1299  1873 I chatty  : uid=1000(system) NetworkStats expire 15 lines
01-14 16:46:59.665  1299  1659 I chatty  : uid=1000(system) UEventObserver expire 30 lines
01-14 16:46:59.671  2326  2326 D Mapcon  : TelephonyTracker: onSignalStrengthsChanged:phoneId=0, level=5
01-14 16:46:59.682  2260  2380 I PreDnsQuery: No need to handled!
01-14 16:46:59.682  2260  2380 I BrowserChrP: handleStateChanged
01-14 16:46:59.688  2326  2905 D Mapcon  : SMVoice-0-Normal: PrepareState:defaultStatehandle msg=CMD_SIGNAL_STRENGTH_CHANED_IND
01-14 16:46:59.719  1299  1427 I chatty  : uid=1000(system) android.io expire 1 line
01-14 16:46:59.723  1985  1985 W PowerUI : unknown intent: Intent { act=android.intent.action.ACTION_POWER_CONNECTED flg=0x4000010 (has extras) }
01-14 16:46:59.731  1299  1399 I chatty  : uid=1000(system) batterystats-wo expire 2 lines
01-14 16:46:59.825   751  1520 I storaged: uid_monitor::update_curr_io_stats_locked: last_uid_io_stats_ size is 256
01-14 16:46:59.825   751  1520 I storaged: uid_monitor::update_curr_io_stats_locked: curr_io_stats_ size is 257
01-14 16:46:59.855  1299  1658 I chatty  : uid=1000(system) HwBatteryServic expire 3 lines
01-14 16:46:59.888  1299  1437 I chatty  : uid=1000(system) PowerManagerSer expire 2 lines
01-14 16:46:59.899  1299  1299 I chatty  : uid=1000 system_server expire 5 lines
01-14 16:46:59.902  1299 29555 I chatty  : uid=1000(system) Binder:1299_13 expire 22 lines
01-14 16:47:00.036  1299  4805 I chatty  : uid=1000(system) Binder:1299_10 expire 11 lines
01-14 16:47:00.077  1299  1379 I chatty  : uid=1000(system) ActivityManager expire 3 lines
01-14 16:47:00.159  1299  1386 I chatty  : uid=1000(system) ActivityManager expire 1 line
01-14 16:47:00.159  1299  2188 I chatty  : uid=1000(system) MultiTaskManage expire 1 line
01-14 16:47:00.161  1299  2668 I chatty  : uid=1000(system) Binder:1299_1A expire 11 lines
01-14 16:47:00.197  7778  7778 D ActivityThread: Attach thread to application
01-14 16:47:00.432  2260 30468 I BoosterSwitchP: notifyUidState do nothing
01-14 16:47:00.432  2260 30468 I BrowserChrP: notifyUidState
01-14 16:47:00.437   586   650 W SocketListener: sending broadcast to Pid = 1299, Uid = 1000 
01-14 16:47:00.475  6481  7806 E ActivityThread: Failed to find provider info for service_oversea_rom
01-14 16:47:01.020  6481  7819 E ActivityThread: Failed to find provider info for service_oversea_rom
01-14 16:47:01.992  3346  3346 W ContextImpl: Calling a method in the system process without a qualified user: android.app.ContextImpl.startService:1764 android.content.ContextWrapper.startService:664 android.content.ContextWrapper.startService:664 com.android.settings.deviceinfo.UsbReceiver.startUsbService:313 com.android.settings.deviceinfo.UsbReceiver.onUsbStateReceive:168 
01-14 16:47:01.999  3346  3346 W ContextImpl: Calling a method in the system process without a qualified user: android.app.ContextImpl.startService:1764 android.content.ContextWrapper.startService:664 android.content.ContextWrapper.startService:664 com.android.settings.deviceinfo.UsbReceiver.startUsbService:313 com.android.settings.deviceinfo.UsbReceiver.onUsbStateReceive:221 
01-14 16:47:02.073  3346  3346 W ContextImpl: Calling a method in the system process without a qualified user: android.app.ContextImpl.startService:1764 android.content.ContextWrapper.startService:664 android.content.ContextWrapper.startService:664 com.android.settings.deviceinfo.UsbReceiver.startUsbService:313 com.android.settings.deviceinfo.UsbReceiver.onUsbStateReceive:168 
01-14 16:47:02.078  3346  3346 W ContextImpl: Calling a method in the system process without a qualified user: android.app.ContextImpl.startService:1764 android.content.ContextWrapper.startService:664 android.content.ContextWrapper.startService:664 com.android.settings.deviceinfo.UsbReceiver.startUsbService:313 com.android.settings.deviceinfo.UsbReceiver.onUsbStateReceive:221 
01-14 16:47:02.794   751   812 I storaged: storaged_t::event: storage_info refreshed.
01-14 16:47:03.115  1299  1382 I chatty  : uid=1000(system) android.ui expire 11 lines
01-14 16:47:04.842   586   650 W SocketListener: sending broadcast to Pid = 1299, Uid = 1000 
01-14 16:47:08.061  2326  2326 D Mapcon  : TelephonyTracker: onSignalStrengthsChanged:phoneId=1, level=5
01-14 16:47:08.061  2260  2380 I HidataAppQoeP: handleStateChanged reason=8
01-14 16:47:08.065  2326  2916 D Mapcon  : SMVoice-5-Normal: PrepareState:defaultStatehandle msg=CMD_SIGNAL_STRENGTH_CHANED_IND
01-14 16:47:08.065  2260  2380 I PreDnsQuery: handleStateChanged reason=8
01-14 16:47:08.066  2260  2380 I PreDnsQuery: No need to handled!
01-14 16:47:08.066  2260  2380 I BrowserChrP: handleStateChanged
01-14 16:47:08.069  1299  1870 I chatty  : uid=1000(system) NetdConnector expire 8 lines
01-14 16:47:08.118  2260  2380 I HidataAppQoeP: handleStateChanged reason=7
01-14 16:47:08.131  2260  2380 I PreDnsQuery: handleStateChanged reason=7
01-14 16:47:08.131  2326  2326 D Mapcon  : TelephonyTracker: onSignalStrengthsChanged:phoneId=0, level=5
01-14 16:47:08.132  2260  2380 I PreDnsQuery: No need to handled!
01-14 16:47:08.132  2260  2380 I BrowserChrP: handleStateChanged
01-14 16:47:08.134  2326  2905 D Mapcon  : SMVoice-0-Normal: PrepareState:defaultStatehandle msg=CMD_SIGNAL_STRENGTH_CHANED_IND
01-14 16:47:08.923  1985 29877 I CommandQueue: updateBarBgColor
01-14 16:47:08.923  1985 29877 D CommandQueue: CommandQueue, setBarBackgroundColor
01-14 16:47:08.945  3346  3346 W ContextImpl: Calling a method in the system process without a qualified user: android.app.ContextImpl.startService:1764 android.content.ContextWrapper.startService:664 com.android.settings.deviceinfo.UsbSettingsService.startShow:831 com.android.settings.deviceinfo.UsbSettingsService.access$2100:64 com.android.settings.deviceinfo.UsbSettingsService$5.onClick:797 
01-14 16:47:08.953  1299  1426 I chatty  : uid=1000(system) android.fg expire 7 lines
01-14 16:47:08.954  3346  3346 W ContextImpl: Calling a method in the system process without a qualified user: android.app.ContextImpl.sendBroadcast:1155 android.content.ContextWrapper.sendBroadcast:444 com.android.settings.deviceinfo.UsbSettingsService$5.onClick:800 com.android.settings.deviceinfo.UsbSettingsService$DialogItemListener.onClick:845 com.android.internal.app.AlertController$AlertParams$3.onItemClick:1184 
01-14 16:47:08.980  3346  7838 W ContextImpl: Calling a method in the system process without a qualified user: android.app.ContextImpl.bindService:1844 android.content.ContextWrapper.bindService:698 com.android.settings.decision.DecisionUtil.bindService:81 com.android.settings.decision.TipsRuleService.onHandleIntent:52 android.app.IntentService$ServiceHandler.handleMessage:76 
01-14 16:47:09.082  1299  1650 I chatty  : uid=1000(system) android.anim expire 3 lines
01-14 16:47:09.163  3346  3346 W ContextImpl: Calling a method in the system process without a qualified user: android.app.ContextImpl.startService:1764 android.content.ContextWrapper.startService:664 android.content.ContextWrapper.startService:664 com.android.settings.deviceinfo.UsbReceiver.startUsbService:313 com.android.settings.deviceinfo.UsbReceiver.onUsbStateReceive:168 
01-14 16:47:09.169  3346  3346 W ContextImpl: Calling a method in the system process without a qualified user: android.app.ContextImpl.startService:1764 android.content.ContextWrapper.startService:664 android.content.ContextWrapper.startService:664 com.android.settings.deviceinfo.UsbReceiver.startUsbService:313 com.android.settings.deviceinfo.UsbReceiver.onUsbStateReceive:221 
01-14 16:47:09.298   586   650 W SocketListener: sending broadcast to Pid = 1299, Uid = 1000 
01-14 16:47:09.305  1299  1873 I chatty  : uid=1000(system) NetworkStats expire 10 lines
01-14 16:47:09.473  3346  3346 W ContextImpl: Calling a method in the system process without a qualified user: android.app.ContextImpl.startService:1764 android.content.ContextWrapper.startService:664 android.content.ContextWrapper.startService:664 com.android.settings.deviceinfo.UsbReceiver.startUsbService:313 com.android.settings.deviceinfo.UsbReceiver.onUsbStateReceive:168 
01-14 16:47:09.482  3346  3346 W ContextImpl: Calling a method in the system process without a qualified user: android.app.ContextImpl.startService:1764 android.content.ContextWrapper.startService:664 android.content.ContextWrapper.startService:664 com.android.settings.deviceinfo.UsbReceiver.startUsbService:313 com.android.settings.deviceinfo.UsbReceiver.onUsbStateReceive:221 
01-14 16:47:09.546  3346  3346 W ContextImpl: Calling a method in the system process without a qualified user: android.app.ContextImpl.startService:1764 android.content.ContextWrapper.startService:664 android.content.ContextWrapper.startService:664 com.android.settings.deviceinfo.UsbReceiver.startUsbService:313 com.android.settings.deviceinfo.UsbReceiver.onUsbStateReceive:168 
01-14 16:47:09.550  3346  3346 W ContextImpl: Calling a method in the system process without a qualified user: android.app.ContextImpl.startService:1764 android.content.ContextWrapper.startService:664 android.content.ContextWrapper.startService:664 com.android.settings.deviceinfo.UsbReceiver.startUsbService:313 com.android.settings.deviceinfo.UsbReceiver.onUsbStateReceive:221 
01-14 16:47:13.732   586   650 W SocketListener: sending broadcast to Pid = 1299, Uid = 1000 
01-14 16:47:13.798  1299  1870 I chatty  : uid=1000(system) NetdConnector expire 3 lines
01-14 16:47:14.120  2260  2380 I HidataAppQoeP: handleStateChanged reason=7
01-14 16:47:14.135  2326  2326 D Mapcon  : TelephonyTracker: onSignalStrengthsChanged:phoneId=0, level=5
01-14 16:47:14.138  2260  2380 I PreDnsQuery: handleStateChanged reason=7
01-14 16:47:14.140  2260  2380 I PreDnsQuery: No need to handled!
01-14 16:47:14.140  2260  2380 I BrowserChrP: handleStateChanged
