01-14 16:47:14.141  1299 29555 I chatty  : uid=1000(system) Binder:1299_13 expire 2 lines
01-14 16:47:14.142  2326  2905 D Mapcon  : SMVoice-0-Normal: PrepareState:defaultStatehandle msg=CMD_SIGNAL_STRENGTH_CHANED_IND
01-14 16:47:14.143  1299  1870 I chatty  : uid=1000(system) NetdConnector expire 1 line
01-14 16:47:18.260  1299  4805 I chatty  : uid=1000(system) Binder:1299_10 expire 7 lines
01-14 16:47:20.121  2260  2380 I HidataAppQoeP: handleStateChanged reason=7
01-14 16:47:20.127  2260  2380 I PreDnsQuery: handleStateChanged reason=7
01-14 16:47:20.128  2326  2326 D Mapcon  : TelephonyTracker: onSignalStrengthsChanged:phoneId=0, level=5
01-14 16:47:20.128  2260  2380 I PreDnsQuery: No need to handled!
01-14 16:47:20.128  2260  2380 I BrowserChrP: handleStateChanged
01-14 16:47:20.131  2326  2905 D Mapcon  : SMVoice-0-Normal: PrepareState:defaultStatehandle msg=CMD_SIGNAL_STRENGTH_CHANED_IND
01-14 16:47:24.010  1299  2054 I chatty  : uid=1000(system) watchdog expire 1 line
01-14 16:47:24.252  1299 29555 I chatty  : uid=1000(system) Binder:1299_13 expire 7 lines
01-14 16:47:24.437  1299  1591 I chatty  : uid=1000(system) PackageInstalle expire 1 line
01-14 16:47:24.807  1299  1491 I chatty  : uid=1000(system) PackageManager expire 3 lines
01-14 16:47:24.817  1299  1299 I chatty  : uid=1000 system_server expire 1 line
01-14 16:47:28.518  2326  2326 D Mapcon  : TelephonyTracker: onSignalStrengthsChanged:phoneId=1, level=5
01-14 16:47:28.522  2326  2916 D Mapcon  : SMVoice-5-Normal: PrepareState:defaultStatehandle msg=CMD_SIGNAL_STRENGTH_CHANED_IND
01-14 16:47:28.523  2260  2380 I HidataAppQoeP: handleStateChanged reason=8
01-14 16:47:28.524  2260  2380 I PreDnsQuery: handleStateChanged reason=8
01-14 16:47:28.525  2260  2380 I PreDnsQuery: No need to handled!
01-14 16:47:28.525  2260  2380 I BrowserChrP: handleStateChanged
01-14 16:47:28.525  1299  2668 I chatty  : uid=1000(system) Binder:1299_1A expire 11 lines
01-14 16:47:28.531  1299  1870 I chatty  : uid=1000(system) NetdConnector expire 10 lines
01-14 16:47:30.519  2260  2380 I HidataAppQoeP: handleStateChanged reason=7
01-14 16:47:30.534  2260  2380 I PreDnsQuery: handleStateChanged reason=7
01-14 16:47:30.536  2326  2326 D Mapcon  : TelephonyTracker: onSignalStrengthsChanged:phoneId=0, level=5
01-14 16:47:30.536  2260  2380 I PreDnsQuery: No need to handled!
01-14 16:47:30.536  2260  2380 I BrowserChrP: handleStateChanged
01-14 16:47:30.537  2326  2905 D Mapcon  : SMVoice-0-Normal: PrepareState:defaultStatehandle msg=CMD_SIGNAL_STRENGTH_CHANED_IND
01-14 16:47:32.322  1299  1659 I chatty  : uid=1000(system) UEventObserver expire 6 lines
01-14 16:47:32.389   586   650 W SocketListener: sending broadcast to Pid = 1299, Uid = 1000 
01-14 16:47:32.392  1299  1426 I chatty  : uid=1000(system) android.fg expire 2 lines
01-14 16:47:32.396  1299  1873 I chatty  : uid=1000(system) NetworkStats expire 5 lines
01-14 16:47:33.537  1299  1353 I chatty  : uid=1000(system) android.bg expire 3 lines
01-14 16:47:34.513  2260  2380 I HidataAppQoeP: handleStateChanged reason=8
01-14 16:47:34.521  2260  2380 I PreDnsQuery: handleStateChanged reason=8
01-14 16:47:34.523  2260  2380 I PreDnsQuery: No need to handled!
01-14 16:47:34.523  2260  2380 I BrowserChrP: handleStateChanged
01-14 16:47:34.523  2326  2326 D Mapcon  : TelephonyTracker: onSignalStrengthsChanged:phoneId=1, level=5
01-14 16:47:34.524  2326  2916 D Mapcon  : SMVoice-5-Normal: PrepareState:defaultStatehandle msg=CMD_SIGNAL_STRENGTH_CHANED_IND
01-14 16:47:39.505  1299  1382 I chatty  : uid=1000(system) android.ui expire 32 lines
01-14 16:47:39.713  1299  1650 I chatty  : uid=1000(system) android.anim expire 23 lines
01-14 16:47:40.488  1299  1682 I chatty  : uid=1000(system) InputDispatcher expire 13 lines
01-14 16:47:40.543  2326  2326 D Mapcon  : TelephonyTracker: onSignalStrengthsChanged:phoneId=1, level=5
01-14 16:47:40.546  2326  2916 D Mapcon  : SMVoice-5-Normal: PrepareState:defaultStatehandle msg=CMD_SIGNAL_STRENGTH_CHANED_IND
01-14 16:47:40.547  2260  2380 I HidataAppQoeP: handleStateChanged reason=8
01-14 16:47:40.549  2260  2380 I PreDnsQuery: handleStateChanged reason=8
01-14 16:47:40.549  2260  2380 I PreDnsQuery: No need to handled!
01-14 16:47:40.549  2260  2380 I BrowserChrP: handleStateChanged
01-14 16:47:40.570  1299  1374 I chatty  : uid=1000(system) HwActivityManag expire 4 lines
01-14 16:47:40.571  1299  1429 I chatty  : uid=1000(system) HwGameAssistant expire 1 line
01-14 16:47:40.573  1299  3655 I chatty  : uid=1000(system) Binder:1299_D expire 8 lines
01-14 16:47:40.603  1299  1875 I chatty  : uid=1000(system) tworkPolicy.uid expire 2 lines
01-14 16:47:40.604  1299  2668 I chatty  : uid=1000(system) Binder:1299_1A expire 3 lines
01-14 16:47:40.604  2201  2588 I HwNetworkPolicyManager: getHwUidPolicy uid = 10075 policy = 0
01-14 16:47:40.607  2260 30468 I BoosterSwitchP: notifyUidState do nothing
01-14 16:47:40.607  2260 30468 I BrowserChrP: notifyUidState
01-14 16:47:40.621  1299 22539 I chatty  : uid=1000(system) Binder:1299_12 expire 4 lines
01-14 16:47:40.651  1299  1967 I chatty  : uid=1000(system) Binder:1299_4 expire 2 lines
01-14 16:47:40.675  1985 29877 I CommandQueue: updateBarBgColor
01-14 16:47:40.675  1985 29877 D CommandQueue: CommandQueue, setBarBackgroundColor
01-14 16:47:40.677  2260 30468 I BoosterSwitchP: notifyUidState do nothing
01-14 16:47:40.677  2260 30468 I BrowserChrP: notifyUidState
01-14 16:47:40.678  2260  4523 I HidataAppQoeP: foregroundUidRemove uid: 10210 name: com.reactnativewebrtc
01-14 16:47:40.747  2326  2326 D Mapcon  : TelephonyTracker: onSignalStrengthsChanged:phoneId=0, level=5
01-14 16:47:40.749  2326  2905 D Mapcon  : SMVoice-0-Normal: PrepareState:defaultStatehandle msg=CMD_SIGNAL_STRENGTH_CHANED_IND
01-14 16:47:40.749  2260  2380 I HidataAppQoeP: handleStateChanged reason=7
01-14 16:47:40.750  2260  2380 I PreDnsQuery: handleStateChanged reason=7
01-14 16:47:40.751  2260  2380 I PreDnsQuery: No need to handled!
01-14 16:47:40.751  2260  2380 I BrowserChrP: handleStateChanged
01-14 16:47:40.752  1299  1870 I chatty  : uid=1000(system) NetdConnector expire 2 lines
01-14 16:47:40.858  1299  1386 I chatty  : uid=1000(system) ActivityManager expire 1 line
01-14 16:47:40.858  1299  2188 I chatty  : uid=1000(system) MultiTaskManage expire 1 line
01-14 16:47:40.871  7913  7913 D ActivityThread: Attach thread to application
01-14 16:47:41.036  1299 29555 I chatty  : uid=1000(system) Binder:1299_13 expire 3 lines
01-14 16:47:41.059  1299  1386 I chatty  : uid=1000(system) ActivityManager expire 1 line
01-14 16:47:41.059  1299  2188 I chatty  : uid=1000(system) MultiTaskManage expire 1 line
01-14 16:47:41.061  1299  1650 I chatty  : uid=1000(system) android.anim expire 2 lines
01-14 16:47:41.063  1299  1382 I chatty  : uid=1000(system) android.ui expire 24 lines
01-14 16:47:41.073  7941  7941 D ActivityThread: Attach thread to application
01-14 16:47:41.092  1299  1299 I chatty  : uid=1000 system_server expire 2 lines
01-14 16:47:41.113  1299 22539 I chatty  : uid=1000(system) Binder:1299_12 expire 10 lines
01-14 16:47:41.161  1299  2329 I chatty  : uid=1000(system) Binder:1299_18 expire 3 lines
01-14 16:47:41.443  1299 29555 I chatty  : uid=1000(system) Binder:1299_13 expire 13 lines
01-14 16:47:41.707  1299  2668 I chatty  : uid=1000(system) Binder:1299_1A expire 11 lines
01-14 16:47:42.668  1299  4805 I chatty  : uid=1000(system) Binder:1299_10 expire 12 lines
01-14 16:47:42.706  1299  1374 I chatty  : uid=1000(system) HwActivityManag expire 4 lines
01-14 16:47:42.707  1299  1429 I chatty  : uid=1000(system) HwGameAssistant expire 1 line
01-14 16:47:42.711  2989  2989 V ActivityThread: Skipping new config:{1.0 525mcc3mnc [en_GB] ldltr sw360dp w360dp h677dp 480dpi nrml long hdr port finger -keyb/v/h -nav/h winConfig={ mBounds=Rect(0, 0 - 0, 0) mAppBounds=Rect(0, 85 - 1080, 2116) mWindowingMode=fullscreen mActivityType=undefined} nonFullScreen=0 suim:1 s.8}, config:{1.0 525mcc3mnc [en_GB] ldltr sw360dp w360dp h677dp 480dpi nrml long hdr port finger -keyb/v/h -nav/h winConfig={ mBounds=Rect(0, 0 - 0, 0) mAppBounds=Rect(0, 85 - 1080, 2116) mWindowingMode=fullscreen mActivityType=undefined} nonFullScreen=0 suim:1 s.8} for app:com.google.android.packageinstaller
01-14 16:47:42.721  2201  2588 I HwNetworkPolicyManager: getHwUidPolicy uid = 10028 policy = 0
01-14 16:47:42.721  2989  2989 V ActivityThread: callActivityOnCreate
01-14 16:47:42.721  2260 30468 I BoosterSwitchP: notifyUidState do nothing
01-14 16:47:42.721  2260 30468 I BrowserChrP: notifyUidState
01-14 16:47:42.723  1299  1353 I chatty  : uid=1000(system) android.bg expire 3 lines
01-14 16:47:42.740  2989  2989 D ActivityThread: add activity client record, r= ActivityRecord{8dc0e48 token=android.os.BinderProxy@f1cc85c {com.google.android.packageinstaller/com.android.packageinstaller.UninstallerActivity}} token= android.os.BinderProxy@f1cc85c
01-14 16:47:42.763  2260  4523 I HidataAppQoeP: foregroundUidAdd uid: 10028 name: com.google.android.packageinstaller activity state: true
01-14 16:47:42.807  1299  1650 I chatty  : uid=1000(system) android.anim expire 9 lines
01-14 16:47:42.827  1299  1428 I chatty  : uid=1000(system) android.display expire 1 line
01-14 16:47:43.821  1299  1491 I chatty  : uid=1000(system) PackageManager expire 5 lines
01-14 16:47:43.822  1299  1379 I chatty  : uid=1000(system) ActivityManager expire 4 lines
01-14 16:47:43.836  2260 20013 I BoosterSwitchP: notifyUidState do nothing
01-14 16:47:43.836  2260 20013 I BrowserChrP: notifyUidState
01-14 16:47:43.886  1985 29877 I CommandQueue: updateBarBgColor
01-14 16:47:43.886  1985 29877 D CommandQueue: CommandQueue, setBarBackgroundColor
01-14 16:47:43.926  1299  3655 I chatty  : uid=1000(system) Binder:1299_D expire 4 lines
01-14 16:47:43.926  1299  1884 I chatty  : uid=1000(system) ConnectivitySer expire 1 line
01-14 16:47:43.944  1299  1374 I chatty  : uid=1000(system) HwActivityManag expire 1 line
01-14 16:47:43.945  1299  1429 I chatty  : uid=1000(system) HwGameAssistant expire 1 line
01-14 16:47:43.948  1299  3151 I chatty  : uid=1000(system) Binder:1299_1D expire 1 line
01-14 16:47:43.948  1299  2329 I chatty  : uid=1000(system) Binder:1299_18 expire 1 line
01-14 16:47:43.951  1299  4805 I chatty  : uid=1000(system) Binder:1299_10 expire 5 lines
01-14 16:47:43.978  1299  1374 I chatty  : uid=1000(system) HwActivityManag expire 1 line
01-14 16:47:43.978  1299  1379 I chatty  : uid=1000(system) ActivityManager expire 3 lines
01-14 16:47:43.980  2989  2989 D ActivityThread: Remove activity client record, r= ActivityRecord{8dc0e48 token=android.os.BinderProxy@f1cc85c {com.google.android.packageinstaller/com.android.packageinstaller.UninstallerActivity}} token= android.os.BinderProxy@f1cc85c
01-14 16:47:43.984  1299  1650 I chatty  : uid=1000(system) android.anim expire 15 lines
01-14 16:47:43.988  1299  2502 I chatty  : uid=1000(system) Binder:1299_A expire 10 lines
01-14 16:47:43.996  1299  2668 I chatty  : uid=1000(system) Binder:1299_1A expire 1 line
01-14 16:47:43.997  1299  1379 I chatty  : uid=1000(system) ActivityManager expire 8 lines
01-14 16:47:44.003  1299  1428 I chatty  : uid=1000(system) android.display expire 4 lines
01-14 16:47:44.006  1299  1374 I chatty  : uid=1000(system) HwActivityManag expire 1 line
01-14 16:47:44.007  1299  1382 I chatty  : uid=1000(system) android.ui expire 22 lines
01-14 16:47:44.007  2260 20013 I BoosterSwitchP: notifyUidState do nothing
01-14 16:47:44.007  2260 20013 I BrowserChrP: notifyUidState
01-14 16:47:44.008  1299  1353 I chatty  : uid=1000(system) android.bg expire 5 lines
01-14 16:47:44.012  2260  4523 I HidataAppQoeP: foregroundUidRemove uid: 10028 name: com.google.android.packageinstaller
01-14 16:47:44.014  1299  1299 I chatty  : uid=1000 system_server expire 21 lines
01-14 16:47:44.180  1299  1491 I chatty  : uid=1000(system) PackageManager expire 1 line
01-14 16:47:44.196  2260  2380 I BoosterGameP: handleStateChanged reason=12
01-14 16:47:44.197  2284  3156 W ContextImpl: Calling a method in the system process without a qualified user: android.app.ContextImpl.bindService:1844 android.content.ContextWrapper.bindService:698 com.huawei.nb.searchmanager.service.RemoteIndexSearchManager.ensureIndexSearchServiceBound:124 com.huawei.nb.searchmanager.service.RemoteIndexSearchManager.buildIndex:381 com.huawei.nb.searchmanager.tasker.IndexTasker.doIndexTaskerAction:134 
01-14 16:47:44.198  2260  2380 I BoosterVideoP: handleStateChanged reason=12
01-14 16:47:44.200  2260  2260 I HwKeystoreServiceImpl: ACTION_PACKAGE_REMOVED userId:0 appId:10210 packageName:com.reactnativewebrtc removeAll:true
01-14 16:47:44.203  2260  2380 I BoosterSwitchP: handleStateChanged reason=12
01-14 16:47:44.207  2260  2380 I HidataAppQoeP: handleStateChanged reason=12
01-14 16:47:44.209  2260  2260 I HwKeystoreServiceImpl: UserInfo uid:0
01-14 16:47:44.213  1299  1873 I chatty  : uid=1000(system) NetworkStats expire 6 lines
01-14 16:47:44.215  2260  2380 I PreDnsQuery: handleStateChanged reason=12
01-14 16:47:44.217  2260  2380 I PreDnsQuery: No need to handled!
01-14 16:47:44.217  2260  2380 I BrowserChrP: handleStateChanged
01-14 16:47:44.218  1299  3151 I chatty  : uid=1000(system) Binder:1299_1D expire 2 lines
01-14 16:47:44.225  2260  2260 I PreDnsQuery: onReceive: intent = android.intent.action.PACKAGE_REMOVED
01-14 16:47:44.226  5998  8015 W ContextImpl: Calling a method in the system process without a qualified user: android.app.ContextImpl.bindService:1844 android.content.ContextWrapper.bindService:698 com.huawei.nb.client.RemoteServiceConnection.open:90 com.huawei.nb.client.Proxy.connect:118 com.huawei.nb.searchmanager.searchengine.service.DataServiceProxyManager.connectDataService:87 
01-14 16:47:44.255  1299  3114 I chatty  : uid=1000(system) Binder:1299_C expire 1 line
01-14 16:47:44.270  2201  2201 I HwNetworkPolicyManager: removeHwUidPolicy uid = 10210 policy = -1 opPackageName = com.huawei.systemmanager
01-14 16:47:44.271  2201  4789 W ContextImpl: Calling a method in the system process without a qualified user: android.app.ContextImpl.startService:1764 android.content.ContextWrapper.startService:664 com.huawei.systemmanager.spacecleanner.receiver.SpaceCleanReceiver.checkRarelyUsedApp:98 com.huawei.systemmanager.spacecleanner.receiver.SpaceCleanReceiver.doInBackground:46 java.lang.reflect.Method.invoke:-2 
01-14 16:47:44.272  1299  4804 I chatty  : uid=1000(system) Binder:1299_F expire 11 lines
01-14 16:47:44.317  3346  3346 W ContextImpl: Calling a method in the system process without a qualified user: android.app.ContextImpl.startService:1764 android.content.ContextWrapper.startService:664 android.content.ContextWrapper.startService:664 com.android.settings.applications.BlackListReceiver.onReceive:41 android.app.ActivityThread.handleReceiver:3996 
01-14 16:47:44.322  1299 19889 I chatty  : uid=1000(system) Binder:1299_11 expire 3 lines
01-14 16:47:44.325  1299  1896 I chatty  : uid=1000(system) Thread-19 expire 2 lines
01-14 16:47:44.327  2284  3156 W ContextImpl: Calling a method in the system process without a qualified user: android.app.ContextImpl.bindService:1844 android.content.ContextWrapper.bindService:698 com.huawei.nb.searchmanager.service.RemoteIndexSearchManager.ensureIndexSearchServiceBound:124 com.huawei.nb.searchmanager.service.RemoteIndexSearchManager.buildIndex:381 com.huawei.nb.searchmanager.tasker.IndexTasker.doIndexTaskerAction:134 
01-14 16:47:44.338  5998  8035 W ContextImpl: Calling a method in the system process without a qualified user: android.app.ContextImpl.bindService:1844 android.content.ContextWrapper.bindService:698 com.huawei.nb.client.RemoteServiceConnection.open:90 com.huawei.nb.client.Proxy.connect:118 com.huawei.nb.searchmanager.searchengine.service.DataServiceProxyManager.connectDataService:87 
01-14 16:47:44.383  1299  2083 I chatty  : uid=1000(system) Binder:1299_5 expire 3 lines
01-14 16:47:44.427  1299  1386 I chatty  : uid=1000(system) ActivityManager expire 1 line
01-14 16:47:44.428  1299  2188 I chatty  : uid=1000(system) MultiTaskManage expire 1 line
01-14 16:47:44.462  8043  8043 D ActivityThread: Attach thread to application
01-14 16:47:44.590  1299  2103 I chatty  : uid=1000(system) Binder:1299_6 expire 10 lines
01-14 16:47:44.737  2260 30468 I BoosterSwitchP: notifyUidState do nothing
01-14 16:47:44.737  2260 30468 I BrowserChrP: notifyUidState
01-14 16:47:44.784  1299  8083 I chatty  : uid=1000 system_server expire 5 lines
01-14 16:47:44.795  1299  2279 I chatty  : uid=1000(system) Binder:1299_7 expire 6 lines
01-14 16:47:44.804 17891 17891 W ContextImpl: Calling a method in the system process without a qualified user: android.app.ContextImpl.startService:1764 android.content.ContextWrapper.startService:664 android.content.ContextWrapper.startService:664 com.huawei.systemmanager.antivirus.utils.AntiVirusTools.deleteVirusApk:740 com.huawei.systemmanager.antivirus.AntiVirusReceiver.handlerPackageRemoved:58 
01-14 16:47:44.820  1299 13377 I chatty  : uid=1000(system) HwAddViewManage expire 3 lines
01-14 16:47:44.855  1299 29555 I chatty  : uid=1000(system) Binder:1299_13 expire 3 lines
01-14 16:47:44.865  1299 30567 I chatty  : uid=1000(system) Binder:1299_15 expire 7 lines
01-14 16:47:46.535  2260  2380 I HidataAppQoeP: handleStateChanged reason=8
01-14 16:47:46.543  2260  2380 I PreDnsQuery: handleStateChanged reason=8
01-14 16:47:46.543  2326  2326 D Mapcon  : TelephonyTracker: onSignalStrengthsChanged:phoneId=1, level=5
01-14 16:47:46.544  2260  2380 I PreDnsQuery: No need to handled!
01-14 16:47:46.544  2260  2380 I BrowserChrP: handleStateChanged
01-14 16:47:46.547  2326  2916 D Mapcon  : SMVoice-5-Normal: PrepareState:defaultStatehandle msg=CMD_SIGNAL_STRENGTH_CHANED_IND
01-14 16:47:46.548  1299  1870 I chatty  : uid=1000(system) NetdConnector expire 4 lines
01-14 16:47:46.749  2260  2380 I HidataAppQoeP: handleStateChanged reason=7
01-14 16:47:46.757  2260  2380 I PreDnsQuery: handleStateChanged reason=7
01-14 16:47:46.757  2326  2326 D Mapcon  : TelephonyTracker: onSignalStrengthsChanged:phoneId=0, level=5
01-14 16:47:46.759  2260  2380 I PreDnsQuery: No need to handled!
01-14 16:47:46.759  2260  2380 I BrowserChrP: handleStateChanged
01-14 16:47:46.761  2326  2905 D Mapcon  : SMVoice-0-Normal: PrepareState:defaultStatehandle msg=CMD_SIGNAL_STRENGTH_CHANED_IND
01-14 16:47:52.761  2260  2380 I HidataAppQoeP: handleStateChanged reason=7
01-14 16:47:52.772  2260  2380 I PreDnsQuery: handleStateChanged reason=7
01-14 16:47:52.773  2326  2326 D Mapcon  : TelephonyTracker: onSignalStrengthsChanged:phoneId=0, level=5
01-14 16:47:52.775  2260  2380 I PreDnsQuery: No need to handled!
01-14 16:47:52.775  2260  2380 I BrowserChrP: handleStateChanged
01-14 16:47:52.778  2326  2905 D Mapcon  : SMVoice-0-Normal: PrepareState:defaultStatehandle msg=CMD_SIGNAL_STRENGTH_CHANED_IND
01-14 16:47:54.013  1299  2054 I chatty  : uid=1000(system) watchdog expire 1 line
01-14 16:47:57.144  1299  1448 I chatty  : uid=1000(system) HwBinder:1299_1 expire 2 lines
01-14 16:47:57.146  1299  1426 I chatty  : uid=1000(system) android.fg expire 2 lines
01-14 16:47:57.178  1985  1985 W PowerUI : unknown intent: Intent { act=android.intent.action.ACTION_POWER_DISCONNECTED flg=0x4000010 (has extras) }
01-14 16:47:57.179  1299  1659 I chatty  : uid=1000(system) UEventObserver expire 6 lines
01-14 16:47:57.187  1299  1437 I chatty  : uid=1000(system) PowerManagerSer expire 1 line
01-14 16:47:57.195  1299  2103 I chatty  : uid=1000(system) Binder:1299_6 expire 1 line
01-14 16:47:57.208  1299  1299 I chatty  : uid=1000 system_server expire 4 lines
01-14 16:47:57.293  1299  1399 I chatty  : uid=1000(system) batterystats-wo expire 3 lines
01-14 16:47:57.346   751  1520 I storaged: uid_monitor::update_curr_io_stats_locked: last_uid_io_stats_ size is 256
01-14 16:47:57.346   751  1520 I storaged: uid_monitor::update_curr_io_stats_locked: curr_io_stats_ size is 257
01-14 16:47:58.351  1299  4805 I chatty  : uid=1000(system) Binder:1299_10 expire 6 lines
01-14 16:47:58.361  1299  2502 I chatty  : uid=1000(system) Binder:1299_A expire 5 lines
01-14 16:47:58.406  1299  1426 I chatty  : uid=1000(system) android.fg expire 9 lines
01-14 16:47:58.427  2260 30468 I BoosterSwitchP: notifyUidState do nothing
01-14 16:47:58.427  2260 30468 I BrowserChrP: notifyUidState
01-14 16:47:58.743  1299  1299 I chatty  : uid=1000 system_server expire 13 lines
01-14 16:47:58.762  1299  1448 I chatty  : uid=1000(system) HwBinder:1299_1 expire 8 lines
01-14 16:47:58.768  2260  2380 I HidataAppQoeP: handleStateChanged reason=7
01-14 16:47:58.771  2326  2326 D Mapcon  : TelephonyTracker: onSignalStrengthsChanged:phoneId=0, level=5
01-14 16:47:58.772  2260  2380 I PreDnsQuery: handleStateChanged reason=7
01-14 16:47:58.773  2260  2380 I PreDnsQuery: No need to handled!
01-14 16:47:58.773  2260  2380 I BrowserChrP: handleStateChanged
01-14 16:47:58.774  2326  2905 D Mapcon  : SMVoice-0-Normal: PrepareState:defaultStatehandle msg=CMD_SIGNAL_STRENGTH_CHANED_IND
01-14 16:47:58.928  1299  1896 I chatty  : uid=1000(system) Thread-19 expire 1 line
01-14 16:47:58.961  1299  1659 I chatty  : uid=1000(system) UEventObserver expire 30 lines
01-14 16:47:58.992  1299  1427 I chatty  : uid=1000(system) android.io expire 1 line
01-14 16:47:58.998   751  1520 I storaged: uid_monitor::update_curr_io_stats_locked: last_uid_io_stats_ size is 256
01-14 16:47:58.998  1299  1399 I chatty  : uid=1000(system) batterystats-wo expire 2 lines
01-14 16:47:58.998   751  1520 I storaged: uid_monitor::update_curr_io_stats_locked: curr_io_stats_ size is 257
01-14 16:47:59.008  1985  1985 W PowerUI : unknown intent: Intent { act=android.intent.action.ACTION_POWER_CONNECTED flg=0x4000010 (has extras) }
01-14 16:47:59.041  1299  1658 I chatty  : uid=1000(system) HwBatteryServic expire 2 lines
01-14 16:47:59.069  1299  1437 I chatty  : uid=1000(system) PowerManagerSer expire 2 lines
01-14 16:47:59.106  1299  1923 I chatty  : uid=1000(system) Binder:1299_3 expire 18 lines
01-14 16:47:59.145  1299  4804 I chatty  : uid=1000(system) Binder:1299_F expire 20 lines
01-14 16:47:59.202  1299 29555 I chatty  : uid=1000(system) Binder:1299_13 expire 4 lines
01-14 16:47:59.313  1299  2279 I chatty  : uid=1000(system) Binder:1299_7 expire 6 lines
01-14 16:47:59.404  1299  2083 I chatty  : uid=1000(system) Binder:1299_5 expire 12 lines
01-14 16:47:59.487  1299  1379 I chatty  : uid=1000(system) ActivityManager expire 2 lines
01-14 16:47:59.559  1299  2103 I chatty  : uid=1000(system) Binder:1299_6 expire 22 lines
01-14 16:47:59.770  1299  2324 I chatty  : uid=1000(system) Binder:1299_8 expire 6 lines
01-14 16:47:59.782  1299  3151 I chatty  : uid=1000(system) Binder:1299_1D expire 3 lines
01-14 16:47:59.932  6481  8148 E ActivityThread: Failed to find provider info for service_oversea_rom
01-14 16:48:00.465  6481  8159 E ActivityThread: Failed to find provider info for service_oversea_rom
01-14 16:48:00.580  3346  3346 W ContextImpl: Calling a method in the system process without a qualified user: android.app.ContextImpl.startService:1764 android.content.ContextWrapper.startService:664 android.content.ContextWrapper.startService:664 com.android.settings.deviceinfo.UsbReceiver.startUsbService:313 com.android.settings.deviceinfo.UsbReceiver.onUsbStateReceive:168 
01-14 16:48:00.599  3346  3346 W ContextImpl: Calling a method in the system process without a qualified user: android.app.ContextImpl.startService:1764 android.content.ContextWrapper.startService:664 android.content.ContextWrapper.startService:664 com.android.settings.deviceinfo.UsbReceiver.startUsbService:313 com.android.settings.deviceinfo.UsbReceiver.onUsbStateReceive:221 
01-14 16:48:00.675  3346  3346 W ContextImpl: Calling a method in the system process without a qualified user: android.app.ContextImpl.startService:1764 android.content.ContextWrapper.startService:664 android.content.ContextWrapper.startService:664 com.android.settings.deviceinfo.UsbReceiver.startUsbService:313 com.android.settings.deviceinfo.UsbReceiver.onUsbStateReceive:168 
01-14 16:48:00.679  3346  3346 W ContextImpl: Calling a method in the system process without a qualified user: android.app.ContextImpl.startService:1764 android.content.ContextWrapper.startService:664 android.content.ContextWrapper.startService:664 com.android.settings.deviceinfo.UsbReceiver.startUsbService:313 com.android.settings.deviceinfo.UsbReceiver.onUsbStateReceive:221 
01-14 16:48:01.661  1299  1382 I chatty  : uid=1000(system) android.ui expire 11 lines
01-14 16:48:02.795   751   812 I storaged: storaged_t::event: storage_info refreshed.
01-14 16:48:03.157  2260  2380 I HidataAppQoeP: handleStateChanged reason=7
01-14 16:48:03.169  2260  2380 I PreDnsQuery: handleStateChanged reason=7
01-14 16:48:03.170  2260  2380 I PreDnsQuery: No need to handled!
01-14 16:48:03.170  2260  2380 I BrowserChrP: handleStateChanged
01-14 16:48:03.171  2326  2326 D Mapcon  : TelephonyTracker: onSignalStrengthsChanged:phoneId=0, level=5
01-14 16:48:03.174  2326  2905 D Mapcon  : SMVoice-0-Normal: PrepareState:defaultStatehandle msg=CMD_SIGNAL_STRENGTH_CHANED_IND
01-14 16:48:03.670  3346  3346 W ContextImpl: Calling a method in the system process without a qualified user: android.app.ContextImpl.startService:1764 android.content.ContextWrapper.startService:664 com.android.settings.deviceinfo.UsbSettingsService.startShow:831 com.android.settings.deviceinfo.UsbSettingsService.access$2100:64 com.android.settings.deviceinfo.UsbSettingsService$5.onClick:797 
01-14 16:48:03.677  3346  3346 W ContextImpl: Calling a method in the system process without a qualified user: android.app.ContextImpl.sendBroadcast:1155 android.content.ContextWrapper.sendBroadcast:444 com.android.settings.deviceinfo.UsbSettingsService$5.onClick:800 com.android.settings.deviceinfo.UsbSettingsService$DialogItemListener.onClick:845 com.android.internal.app.AlertController$AlertParams$3.onItemClick:1184 
01-14 16:48:03.689  3346  8176 W ContextImpl: Calling a method in the system process without a qualified user: android.app.ContextImpl.bindService:1844 android.content.ContextWrapper.bindService:698 com.android.settings.decision.DecisionUtil.bindService:81 com.android.settings.decision.TipsRuleService.onHandleIntent:52 android.app.IntentService$ServiceHandler.handleMessage:76 
01-14 16:48:03.705  1985 16883 I CommandQueue: updateBarBgColor
01-14 16:48:03.705  1985 16883 D CommandQueue: CommandQueue, setBarBackgroundColor
01-14 16:48:03.807  1299  1650 I chatty  : uid=1000(system) android.anim expire 4 lines
01-14 16:48:03.902  3346  3346 W ContextImpl: Calling a method in the system process without a qualified user: android.app.ContextImpl.startService:1764 android.content.ContextWrapper.startService:664 android.content.ContextWrapper.startService:664 com.android.settings.deviceinfo.UsbReceiver.startUsbService:313 com.android.settings.deviceinfo.UsbReceiver.onUsbStateReceive:168 
01-14 16:48:03.917  3346  3346 W ContextImpl: Calling a method in the system process without a qualified user: android.app.ContextImpl.startService:1764 android.content.ContextWrapper.startService:664 android.content.ContextWrapper.startService:664 com.android.settings.deviceinfo.UsbReceiver.startUsbService:313 com.android.settings.deviceinfo.UsbReceiver.onUsbStateReceive:221 
01-14 16:48:04.309  1299  1880 I chatty  : uid=1000(system) WifiScanningSer expire 1 line
01-14 16:48:04.631  3346  3346 W ContextImpl: Calling a method in the system process without a qualified user: android.app.ContextImpl.startService:1764 android.content.ContextWrapper.startService:664 android.content.ContextWrapper.startService:664 com.android.settings.deviceinfo.UsbReceiver.startUsbService:313 com.android.settings.deviceinfo.UsbReceiver.onUsbStateReceive:168 
01-14 16:48:04.634  3346  3346 W ContextImpl: Calling a method in the system process without a qualified user: android.app.ContextImpl.startService:1764 android.content.ContextWrapper.startService:664 android.content.ContextWrapper.startService:664 com.android.settings.deviceinfo.UsbReceiver.startUsbService:313 com.android.settings.deviceinfo.UsbReceiver.onUsbStateReceive:221 
01-14 16:48:04.685  3346  3346 W ContextImpl: Calling a method in the system process without a qualified user: android.app.ContextImpl.startService:1764 android.content.ContextWrapper.startService:664 android.content.ContextWrapper.startService:664 com.android.settings.deviceinfo.UsbReceiver.startUsbService:313 com.android.settings.deviceinfo.UsbReceiver.onUsbStateReceive:168 
01-14 16:48:04.693  3346  3346 W ContextImpl: Calling a method in the system process without a qualified user: android.app.ContextImpl.startService:1764 android.content.ContextWrapper.startService:664 android.content.ContextWrapper.startService:664 com.android.settings.deviceinfo.UsbReceiver.startUsbService:313 com.android.settings.deviceinfo.UsbReceiver.onUsbStateReceive:221 
01-14 16:48:05.895   586   649 W SocketListener: sending broadcast to Pid = 1299, Uid = 1000 
01-14 16:48:05.897  1299  1870 I chatty  : uid=1000(system) NetdConnector expire 6 lines
01-14 16:48:06.048  1299  2166 I chatty  : uid=1000(system) LocationThread expire 4 lines
01-14 16:48:06.054  1299  8191 I chatty  : uid=1000 system_server expire 1 line
01-14 16:48:06.129   760   760 D libgps  : proxy_gps_inject_location: called.
01-14 16:48:09.166  2260  2380 I HidataAppQoeP: handleStateChanged reason=7
01-14 16:48:09.179  2260  2380 I PreDnsQuery: handleStateChanged reason=7
01-14 16:48:09.180  2326  2326 D Mapcon  : TelephonyTracker: onSignalStrengthsChanged:phoneId=0, level=5
01-14 16:48:09.182  2260  2380 I PreDnsQuery: No need to handled!
01-14 16:48:09.182  2260  2380 I BrowserChrP: handleStateChanged
01-14 16:48:09.185  2326  2905 D Mapcon  : SMVoice-0-Normal: PrepareState:defaultStatehandle msg=CMD_SIGNAL_STRENGTH_CHANED_IND
01-14 16:48:15.170  2260  2380 I HidataAppQoeP: handleStateChanged reason=7
01-14 16:48:15.181  2260  2380 I PreDnsQuery: handleStateChanged reason=7
01-14 16:48:15.182  2326  2326 D Mapcon  : TelephonyTracker: onSignalStrengthsChanged:phoneId=0, level=5
01-14 16:48:15.184  2260  2380 I PreDnsQuery: No need to handled!
01-14 16:48:15.184  2260  2380 I BrowserChrP: handleStateChanged
01-14 16:48:15.189  2326  2905 D Mapcon  : SMVoice-0-Normal: PrepareState:defaultStatehandle msg=CMD_SIGNAL_STRENGTH_CHANED_IND
01-14 16:48:16.930  1299  1923 I chatty  : uid=1000(system) Binder:1299_3 expire 2 lines
01-14 16:48:21.182  2260  2380 I HidataAppQoeP: handleStateChanged reason=7
01-14 16:48:21.190  2260  2380 I PreDnsQuery: handleStateChanged reason=7
01-14 16:48:21.192  2326  2326 D Mapcon  : TelephonyTracker: onSignalStrengthsChanged:phoneId=0, level=5
01-14 16:48:21.192  2260  2380 I PreDnsQuery: No need to handled!
01-14 16:48:21.192  2260  2380 I BrowserChrP: handleStateChanged
01-14 16:48:21.195  2326  2905 D Mapcon  : SMVoice-0-Normal: PrepareState:defaultStatehandle msg=CMD_SIGNAL_STRENGTH_CHANED_IND
01-14 16:48:24.016  1299  2054 I chatty  : uid=1000(system) watchdog expire 1 line
01-14 16:48:27.186  2260  2380 I HidataAppQoeP: handleStateChanged reason=7
01-14 16:48:27.200  2260  2380 I PreDnsQuery: handleStateChanged reason=7
01-14 16:48:27.202  2260  2380 I PreDnsQuery: No need to handled!
01-14 16:48:27.202  2260  2380 I BrowserChrP: handleStateChanged
01-14 16:48:27.206  2326  2326 D Mapcon  : TelephonyTracker: onSignalStrengthsChanged:phoneId=0, level=5
01-14 16:48:27.211  2326  2905 D Mapcon  : SMVoice-0-Normal: PrepareState:defaultStatehandle msg=CMD_SIGNAL_STRENGTH_CHANED_IND
01-14 16:48:29.995  1299  1299 I chatty  : uid=1000 system_server expire 12 lines
01-14 16:48:31.735  1299  1659 I chatty  : uid=1000(system) UEventObserver expire 6 lines
01-14 16:48:33.200  2260  2380 I HidataAppQoeP: handleStateChanged reason=7
01-14 16:48:33.209  2326  2326 D Mapcon  : TelephonyTracker: onSignalStrengthsChanged:phoneId=0, level=5
01-14 16:48:33.210  2260  2380 I PreDnsQuery: handleStateChanged reason=7
01-14 16:48:33.212  2260  2380 I PreDnsQuery: No need to handled!
01-14 16:48:33.212  2260  2380 I BrowserChrP: handleStateChanged
01-14 16:48:33.217  2326  2905 D Mapcon  : SMVoice-0-Normal: PrepareState:defaultStatehandle msg=CMD_SIGNAL_STRENGTH_CHANED_IND
01-14 16:48:37.015  1299  1591 I chatty  : uid=1000(system) PackageInstalle expire 1 line
01-14 16:48:37.349  1299  1491 I chatty  : uid=1000(system) PackageManager expire 10 lines
01-14 16:48:37.376  1299  2083 I chatty  : uid=1000(system) Binder:1299_5 expire 1 line
01-14 16:48:38.568  1299  1874 I chatty  : uid=1000(system) NetworkPolicy expire 1 line
01-14 16:48:38.580  2260  2380 I BoosterGameP: handleStateChanged reason=12
01-14 16:48:38.611  2260  2260 I PreDnsQuery: onReceive: intent = android.intent.action.PACKAGE_ADDED
01-14 16:48:38.622  2260  2380 I BoosterVideoP: handleStateChanged reason=12
01-14 16:48:38.624  2260  2380 I BoosterSwitchP: handleStateChanged reason=12
01-14 16:48:38.625  2260  2380 I HidataAppQoeP: handleStateChanged reason=12
01-14 16:48:38.625  2260  2380 I PreDnsQuery: handleStateChanged reason=12
01-14 16:48:38.625  2260  2380 I PreDnsQuery: No need to handled!
01-14 16:48:38.625  2260  2380 I BrowserChrP: handleStateChanged
01-14 16:48:38.634  1299  1353 I chatty  : uid=1000(system) android.bg expire 5 lines
01-14 16:48:38.637  3346  3346 W ContextImpl: Calling a method in the system process without a qualified user: android.app.ContextImpl.startService:1764 android.content.ContextWrapper.startService:664 android.content.ContextWrapper.startService:664 com.android.settings.applications.BlackListReceiver.onReceive:41 android.app.ActivityThread.handleReceiver:3996 
01-14 16:48:38.661  1299  4804 I chatty  : uid=1000(system) Binder:1299_F expire 3 lines
01-14 16:48:38.720  1299  1310 I chatty  : uid=1000(system) Binder:1299_1 expire 4 lines
01-14 16:48:38.720  2201  2201 I HwNetworkPolicyManager: removeHwUidPolicy uid = 10211 policy = -1 opPackageName = com.huawei.systemmanager
01-14 16:48:38.724  2201  3293 W ContextImpl: Calling a method in the system process without a qualified user: android.app.ContextImpl.startService:1764 android.content.ContextWrapper.startService:664 com.huawei.systemmanager.spacecleanner.receiver.SpaceCleanReceiver.checkRarelyUsedApp:98 com.huawei.systemmanager.spacecleanner.receiver.SpaceCleanReceiver.doInBackground:46 java.lang.reflect.Method.invoke:-2 
01-14 16:48:38.835  1299  2668 I chatty  : uid=1000(system) Binder:1299_1A expire 6 lines
01-14 16:48:38.938  1299  3114 I chatty  : uid=1000(system) Binder:1299_C expire 2 lines
01-14 16:48:38.950  1299 30567 I chatty  : uid=1000(system) Binder:1299_15 expire 2 lines
01-14 16:48:38.997  1299  1386 I chatty  : uid=1000(system) ActivityManager expire 1 line
01-14 16:48:38.998  1299  2188 I chatty  : uid=1000(system) MultiTaskManage expire 1 line
01-14 16:48:39.009  8263  8263 D ActivityThread: Attach thread to application
01-14 16:48:39.078  1299  2103 I chatty  : uid=1000(system) Binder:1299_6 expire 7 lines
01-14 16:48:39.134  1299  1374 I chatty  : uid=1000(system) HwActivityManag expire 2 lines
01-14 16:48:39.136  1299  1382 I chatty  : uid=1000(system) android.ui expire 4 lines
01-14 16:48:39.153  1299  8288 I chatty  : uid=1000 system_server expire 5 lines
01-14 16:48:39.161  1299  8290 I chatty  : uid=1000 system_server expire 1 line
01-14 16:48:39.165  1299  1650 I chatty  : uid=1000(system) android.anim expire 19 lines
01-14 16:48:39.165 17891 17891 W ContextImpl: Calling a method in the system process without a qualified user: android.app.ContextImpl.startService:1764 android.content.ContextWrapper.startService:664 android.content.ContextWrapper.startService:664 com.huawei.systemmanager.antivirus.utils.AntiVirusTools.checkVirusForNewInstalledApk:728 com.huawei.systemmanager.antivirus.AntiVirusReceiver.onReceive:42 
01-14 16:48:39.166  1299  1386 I chatty  : uid=1000(system) ActivityManager expire 1 line
01-14 16:48:39.166  1299  2188 I chatty  : uid=1000(system) MultiTaskManage expire 1 line
01-14 16:48:39.168  2201  2201 W ContextImpl: Calling a method in the system process without a qualified user: android.app.ContextImpl.startService:1764 android.content.ContextWrapper.startService:664 com.huawei.systemmanager.antivirus.AntiVirusService.handleInstalledApkCheck:391 com.huawei.systemmanager.antivirus.AntiVirusService.onStartCommand:292 android.app.ActivityThread.handleServiceArgs:4298 
01-14 16:48:39.172  1299  3114 I chatty  : uid=1000(system) Binder:1299_C expire 2 lines
01-14 16:48:39.182  1299  1382 I chatty  : uid=1000(system) android.ui expire 31 lines
01-14 16:48:39.185  1299 13377 I chatty  : uid=1000(system) HwAddViewManage expire 3 lines
01-14 16:48:39.186  1299  4804 I chatty  : uid=1000(system) Binder:1299_F expire 6 lines
01-14 16:48:39.232  8291  8291 D ActivityThread: Attach thread to application
01-14 16:48:39.239  1299  1374 I chatty  : uid=1000(system) HwActivityManag expire 2 lines
01-14 16:48:39.239  1299  1353 I chatty  : uid=1000(system) android.bg expire 3 lines
01-14 16:48:39.239  1299  1429 I chatty  : uid=1000(system) HwGameAssistant expire 1 line
01-14 16:48:39.240  1299 30567 I chatty  : uid=1000(system) Binder:1299_15 expire 18 lines
01-14 16:48:39.240  1299 19889 I chatty  : uid=1000(system) Binder:1299_11 expire 8 lines
01-14 16:48:39.243  1299  1870 I chatty  : uid=1000(system) NetdConnector expire 10 lines
01-14 16:48:39.243  1299  1299 I chatty  : uid=1000 system_server expire 11 lines
01-14 16:48:39.247  2260  5059 I BoosterSwitchP: notifyUidState do nothing
01-14 16:48:39.247  2260  5059 I BrowserChrP: notifyUidState
01-14 16:48:39.263  1299  2668 I chatty  : uid=1000(system) Binder:1299_1A expire 4 lines
01-14 16:48:39.264  2201  2588 I HwNetworkPolicyManager: getHwUidPolicy uid = 10211 policy = 0
01-14 16:48:39.280  1299  1310 I chatty  : uid=1000(system) Binder:1299_1 expire 1 line
01-14 16:48:39.311  1299  2103 I chatty  : uid=1000(system) Binder:1299_6 expire 7 lines
01-14 16:48:39.485  8291  8291 V ActivityThread: Skipping new config:{1.0 525mcc3mnc [en_GB] ldltr sw360dp w360dp h677dp 480dpi nrml long hdr port finger -keyb/v/h -nav/h winConfig={ mBounds=Rect(0, 0 - 0, 0) mAppBounds=Rect(0, 85 - 1080, 2116) mWindowingMode=fullscreen mActivityType=undefined} nonFullScreen=0 suim:1 s.8}, config:{1.0 525mcc3mnc [en_GB] ldltr sw360dp w360dp h677dp 480dpi nrml long hdr port finger -keyb/v/h -nav/h winConfig={ mBounds=Rect(0, 0 - 0, 0) mAppBounds=Rect(0, 85 - 1080, 2116) mWindowingMode=fullscreen mActivityType=undefined} nonFullScreen=0 suim:1 s.8} for app:com.reactnativewebrtc
01-14 16:48:39.520  8291  8291 V ActivityThread: callActivityOnCreate
01-14 16:48:39.657  8291  8291 D ActivityThread: add activity client record, r= ActivityRecord{4fa66d6 token=android.os.BinderProxy@e5adc9b {com.reactnativewebrtc/com.reactnativewebrtc.MainActivity}} token= android.os.BinderProxy@e5adc9b
01-14 16:48:39.681  2260  4523 I HidataAppQoeP: foregroundUidAdd uid: 10211 name: com.reactnativewebrtc activity state: true
01-14 16:48:39.705  1985  1999 I CommandQueue: updateBarBgColor
01-14 16:48:39.705  1985  1999 D CommandQueue: CommandQueue, setBarBackgroundColor
01-14 16:48:39.808  1299  1428 I chatty  : uid=1000(system) android.display expire 1 line
01-14 16:48:39.838  1299  1875 I chatty  : uid=1000(system) tworkPolicy.uid expire 2 lines
01-14 16:48:39.846  2260 20013 I BoosterSwitchP: notifyUidState do nothing
01-14 16:48:39.846  2260 20013 I BrowserChrP: notifyUidState
01-14 16:48:40.675  2260 20013 I BoosterSwitchP: notifyUidState do nothing
01-14 16:48:40.675  2260 20013 I BrowserChrP: notifyUidState
01-14 16:48:41.173  1299  1896 I chatty  : uid=1000(system) Thread-19 expire 1 line
01-14 16:48:44.313  1299  1880 I chatty  : uid=1000(system) WifiScanningSer expire 1 line
01-14 16:48:45.902   586   649 W SocketListener: sending broadcast to Pid = 1299, Uid = 1000 
01-14 16:48:45.908  1299  1426 I chatty  : uid=1000(system) android.fg expire 5 lines
01-14 16:48:47.321  2326  2326 D Mapcon  : TelephonyTracker: onSignalStrengthsChanged:phoneId=0, level=5
01-14 16:48:47.325  2326  2905 D Mapcon  : SMVoice-0-Normal: PrepareState:defaultStatehandle msg=CMD_SIGNAL_STRENGTH_CHANED_IND
01-14 16:48:47.326  2260  2380 I HidataAppQoeP: handleStateChanged reason=7
01-14 16:48:47.329  2260  2380 I PreDnsQuery: handleStateChanged reason=7
01-14 16:48:47.329  2260  2380 I PreDnsQuery: No need to handled!
01-14 16:48:47.330  2260  2380 I BrowserChrP: handleStateChanged
01-14 16:48:54.020  1299  2054 I chatty  : uid=1000(system) watchdog expire 1 line
01-14 16:48:54.379   586   654 W SocketListener: sending broadcast to Pid = 1299, Uid = 1000 
01-14 16:48:54.382  1299  1870 I chatty  : uid=1000(system) NetdConnector expire 2 lines
01-14 16:48:59.340  1299  1299 I chatty  : uid=1000 system_server expire 54 lines
01-14 16:49:00.124  1299 19889 I chatty  : uid=1000(system) Binder:1299_11 expire 1 line
01-14 16:49:02.451  1299  1659 I chatty  : uid=1000(system) UEventObserver expire 6 lines
01-14 16:49:02.796   751   812 I storaged: storaged_t::event: storage_info refreshed.
01-14 16:49:03.323  2260  2380 I HidataAppQoeP: handleStateChanged reason=7
01-14 16:49:03.331  2260  2380 I PreDnsQuery: handleStateChanged reason=7
01-14 16:49:03.331  2326  2326 D Mapcon  : TelephonyTracker: onSignalStrengthsChanged:phoneId=0, level=5
01-14 16:49:03.333  2260  2380 I PreDnsQuery: No need to handled!
01-14 16:49:03.333  2260  2380 I BrowserChrP: handleStateChanged
01-14 16:49:03.334  2326  2905 D Mapcon  : SMVoice-0-Normal: PrepareState:defaultStatehandle msg=CMD_SIGNAL_STRENGTH_CHANED_IND
01-14 16:49:04.731  1299  1382 I chatty  : uid=1000(system) android.ui expire 47 lines
01-14 16:49:05.866  1299  4805 I chatty  : uid=1000(system) Binder:1299_10 expire 21 lines
01-14 16:49:05.910   586   650 W SocketListener: sending broadcast to Pid = 1299, Uid = 1000 
01-14 16:49:05.911  1299  1870 I chatty  : uid=1000(system) NetdConnector expire 4 lines
01-14 16:49:05.913  1299  1426 I chatty  : uid=1000(system) android.fg expire 2 lines
01-14 16:49:05.915  1299  1873 I chatty  : uid=1000(system) NetworkStats expire 5 lines
01-14 16:49:05.988  1299  1650 I chatty  : uid=1000(system) android.anim expire 18 lines
01-14 16:49:05.999  1299  3655 I chatty  : uid=1000(system) Binder:1299_D expire 14 lines
01-14 16:49:07.362  1299  1910 I chatty  : uid=1000(system) HwDualSensorEve expire 1 line
01-14 16:49:07.380  1299  1437 I chatty  : uid=1000(system) PowerManagerSer expire 1 line
01-14 16:49:13.459  1299  1382 I chatty  : uid=1000(system) android.ui expire 1 line
01-14 16:49:13.459  1299  3655 I chatty  : uid=1000(system) Binder:1299_D expire 1 line
01-14 16:49:13.462  1299  1382 I chatty  : uid=1000(system) android.ui expire 1 line
01-14 16:49:13.560  2326  2326 D Mapcon  : TelephonyTracker: onSignalStrengthsChanged:phoneId=0, level=5
01-14 16:49:13.567  2326  2905 D Mapcon  : SMVoice-0-Normal: PrepareState:defaultStatehandle msg=CMD_SIGNAL_STRENGTH_CHANED_IND
01-14 16:49:13.568  2260  2380 I HidataAppQoeP: handleStateChanged reason=7
01-14 16:49:13.571  2260  2380 I PreDnsQuery: handleStateChanged reason=7
01-14 16:49:13.572  2260  2380 I PreDnsQuery: No need to handled!
01-14 16:49:13.572  2260  2380 I BrowserChrP: handleStateChanged
01-14 16:49:13.585  1299  1650 I chatty  : uid=1000(system) android.anim expire 2 lines
01-14 16:49:13.586  1299  1382 I chatty  : uid=1000(system) android.ui expire 29 lines
01-14 16:49:13.612  1299  1299 I chatty  : uid=1000 system_server expire 12 lines
01-14 16:49:15.362  1299  1437 I chatty  : uid=1000(system) PowerManagerSer expire 2 lines
01-14 16:49:17.261  1299  4805 I chatty  : uid=1000(system) Binder:1299_10 expire 11 lines
01-14 16:49:17.336  1299  3114 I chatty  : uid=1000(system) Binder:1299_C expire 16 lines
01-14 16:49:17.483  1299  1650 I chatty  : uid=1000(system) android.anim expire 6 lines
01-14 16:49:19.566  2260  2380 I HidataAppQoeP: handleStateChanged reason=7
01-14 16:49:19.577  2260  2380 I PreDnsQuery: handleStateChanged reason=7
01-14 16:49:19.579  2260  2380 I PreDnsQuery: No need to handled!
01-14 16:49:19.579  2260  2380 I BrowserChrP: handleStateChanged
01-14 16:49:19.579  2326  2326 D Mapcon  : TelephonyTracker: onSignalStrengthsChanged:phoneId=0, level=5
01-14 16:49:19.586  2326  2905 D Mapcon  : SMVoice-0-Normal: PrepareState:defaultStatehandle msg=CMD_SIGNAL_STRENGTH_CHANED_IND
01-14 16:49:23.721  2260  2380 I HidataAppQoeP: handleStateChanged reason=8
01-14 16:49:23.725  2326  2326 D Mapcon  : TelephonyTracker: onSignalStrengthsChanged:phoneId=1, level=5
01-14 16:49:23.726  2260  2380 I PreDnsQuery: handleStateChanged reason=8
01-14 16:49:23.727  2260  2380 I PreDnsQuery: No need to handled!
01-14 16:49:23.727  2260  2380 I BrowserChrP: handleStateChanged
01-14 16:49:23.729  2326  2916 D Mapcon  : SMVoice-5-Normal: PrepareState:defaultStatehandle msg=CMD_SIGNAL_STRENGTH_CHANED_IND
01-14 16:49:23.731  1299  1870 I chatty  : uid=1000(system) NetdConnector expire 10 lines
01-14 16:49:23.933  1299  1299 I chatty  : uid=1000 system_server expire 69 lines
01-14 16:49:24.022  1299  2054 I chatty  : uid=1000(system) watchdog expire 5 lines
01-14 16:49:25.572  2260  2380 I HidataAppQoeP: handleStateChanged reason=7
01-14 16:49:25.579  2326  2326 D Mapcon  : TelephonyTracker: onSignalStrengthsChanged:phoneId=0, level=5
01-14 16:49:25.580  2260  2380 I PreDnsQuery: handleStateChanged reason=7
01-14 16:49:25.581  2260  2380 I PreDnsQuery: No need to handled!
01-14 16:49:25.581  2260  2380 I BrowserChrP: handleStateChanged
01-14 16:49:25.582  2326  2905 D Mapcon  : SMVoice-0-Normal: PrepareState:defaultStatehandle msg=CMD_SIGNAL_STRENGTH_CHANED_IND
01-14 16:49:29.734  2260  2380 I HidataAppQoeP: handleStateChanged reason=8
01-14 16:49:29.744  2326  2326 D Mapcon  : TelephonyTracker: onSignalStrengthsChanged:phoneId=1, level=5
01-14 16:49:29.744  2260  2380 I PreDnsQuery: handleStateChanged reason=8
01-14 16:49:29.746  2260  2380 I PreDnsQuery: No need to handled!
01-14 16:49:29.746  2260  2380 I BrowserChrP: handleStateChanged
01-14 16:49:29.747  1299  3114 I chatty  : uid=1000(system) Binder:1299_C expire 10 lines
01-14 16:49:29.750  2326  2916 D Mapcon  : SMVoice-5-Normal: PrepareState:defaultStatehandle msg=CMD_SIGNAL_STRENGTH_CHANED_IND
01-14 16:49:33.162  1299  1659 I chatty  : uid=1000(system) UEventObserver expire 18 lines
01-14 16:49:35.735  2260  2380 I HidataAppQoeP: handleStateChanged reason=8
01-14 16:49:35.750  2260  2380 I PreDnsQuery: handleStateChanged reason=8
01-14 16:49:35.753  2326  2326 D Mapcon  : TelephonyTracker: onSignalStrengthsChanged:phoneId=1, level=5
01-14 16:49:35.754  2260  2380 I PreDnsQuery: No need to handled!
01-14 16:49:35.755  2260  2380 I BrowserChrP: handleStateChanged
01-14 16:49:35.762  2326  2916 D Mapcon  : SMVoice-5-Normal: PrepareState:defaultStatehandle msg=CMD_SIGNAL_STRENGTH_CHANED_IND
01-14 16:49:37.561  1299  1382 I chatty  : uid=1000(system) android.ui expire 6 lines
01-14 16:49:37.890  2260  2380 I HidataAppQoeP: handleStateChanged reason=7
01-14 16:49:37.899  2326  2326 D Mapcon  : TelephonyTracker: onSignalStrengthsChanged:phoneId=0, level=5
01-14 16:49:37.900  2260  2380 I PreDnsQuery: handleStateChanged reason=7
01-14 16:49:37.901  2260  2380 I PreDnsQuery: No need to handled!
01-14 16:49:37.902  2260  2380 I BrowserChrP: handleStateChanged
01-14 16:49:37.905  2326  2905 D Mapcon  : SMVoice-0-Normal: PrepareState:defaultStatehandle msg=CMD_SIGNAL_STRENGTH_CHANED_IND
01-14 16:49:41.748  2260  2380 I HidataAppQoeP: handleStateChanged reason=8
01-14 16:49:41.760  2260  2380 I PreDnsQuery: handleStateChanged reason=8
01-14 16:49:41.761  2260  2380 I PreDnsQuery: No need to handled!
01-14 16:49:41.761  2260  2380 I BrowserChrP: handleStateChanged
01-14 16:49:41.761  2326  2326 D Mapcon  : TelephonyTracker: onSignalStrengthsChanged:phoneId=1, level=5
01-14 16:49:41.766  2326  2916 D Mapcon  : SMVoice-5-Normal: PrepareState:defaultStatehandle msg=CMD_SIGNAL_STRENGTH_CHANED_IND
01-14 16:49:43.892  2260  2380 I HidataAppQoeP: handleStateChanged reason=7
01-14 16:49:43.903  2260  2380 I PreDnsQuery: handleStateChanged reason=7
01-14 16:49:43.903  2326  2326 D Mapcon  : TelephonyTracker: onSignalStrengthsChanged:phoneId=0, level=5
01-14 16:49:43.905  2260  2380 I PreDnsQuery: No need to handled!
01-14 16:49:43.905  2260  2380 I BrowserChrP: handleStateChanged
01-14 16:49:43.907  2326  2905 D Mapcon  : SMVoice-0-Normal: PrepareState:defaultStatehandle msg=CMD_SIGNAL_STRENGTH_CHANED_IND
01-14 16:49:45.908  1299  3655 I chatty  : uid=1000(system) Binder:1299_D expire 6 lines
01-14 16:49:47.749  2260  2380 I HidataAppQoeP: handleStateChanged reason=8
01-14 16:49:47.759  1299  1910 I chatty  : uid=1000(system) HwDualSensorEve expire 1 line
01-14 16:49:47.762  2260  2380 I PreDnsQuery: handleStateChanged reason=8
01-14 16:49:47.763  2260  2380 I PreDnsQuery: No need to handled!
01-14 16:49:47.764  2260  2380 I BrowserChrP: handleStateChanged
01-14 16:49:47.764  2326  2326 D Mapcon  : TelephonyTracker: onSignalStrengthsChanged:phoneId=1, level=5
01-14 16:49:47.766  2326  2916 D Mapcon  : SMVoice-5-Normal: PrepareState:defaultStatehandle msg=CMD_SIGNAL_STRENGTH_CHANED_IND
01-14 16:49:49.890  2260  2380 I HidataAppQoeP: handleStateChanged reason=7
01-14 16:49:49.898  2260  2380 I PreDnsQuery: handleStateChanged reason=7
01-14 16:49:49.898  2326  2326 D Mapcon  : TelephonyTracker: onSignalStrengthsChanged:phoneId=0, level=5
01-14 16:49:49.899  2260  2380 I PreDnsQuery: No need to handled!
01-14 16:49:49.899  2260  2380 I BrowserChrP: handleStateChanged
01-14 16:49:49.902  2326  2905 D Mapcon  : SMVoice-0-Normal: PrepareState:defaultStatehandle msg=CMD_SIGNAL_STRENGTH_CHANED_IND
01-14 16:49:54.369  1299  1299 I chatty  : uid=1000 system_server expire 6 lines
